******************************************************************************
                  MSP430 Linker Unix v21.6.0                   
******************************************************************************
>> Linked Sat Aug 13 20:18:19 2022

OUTPUT FILE NAME:   <finalDCS.out>
ENTRY POINT SYMBOL: "_c_int00_noargs"  address: 0000c970


MEMORY CONFIGURATION

         name            origin    length      used     unused   attr    fill
----------------------  --------  ---------  --------  --------  ----  --------
  SFR                   00000000   00000010  00000000  00000010  RWIX
  PERIPHERALS_8BIT      00000010   000000f0  00000000  000000f0  RWIX
  PERIPHERALS_16BIT     00000100   00000100  00000000  00000100  RWIX
  RAM                   00000200   00000200  000000c0  00000140  RWIX
  INFOD                 00001000   00000040  00000000  00000040  RWIX
  INFOC                 00001040   00000040  00000000  00000040  RWIX
  INFOB                 00001080   00000040  00000000  00000040  RWIX
  INFOA                 000010c0   00000040  00000000  00000040  RWIX
  FLASH                 0000c000   00003fde  00000b36  000034a8  RWIX
  BSLSIGNATURE          0000ffde   00000002  00000002  00000000  RWIX  ffff 
  INT00                 0000ffe0   00000002  00000002  00000000  RWIX
  INT01                 0000ffe2   00000002  00000000  00000002  RWIX
  INT02                 0000ffe4   00000002  00000002  00000000  RWIX
  INT03                 0000ffe6   00000002  00000002  00000000  RWIX
  INT04                 0000ffe8   00000002  00000000  00000002  RWIX
  INT05                 0000ffea   00000002  00000002  00000000  RWIX
  INT06                 0000ffec   00000002  00000002  00000000  RWIX
  INT07                 0000ffee   00000002  00000002  00000000  RWIX
  INT08                 0000fff0   00000002  00000002  00000000  RWIX
  INT09                 0000fff2   00000002  00000002  00000000  RWIX
  INT10                 0000fff4   00000002  00000002  00000000  RWIX
  INT11                 0000fff6   00000002  00000002  00000000  RWIX
  INT12                 0000fff8   00000002  00000002  00000000  RWIX
  INT13                 0000fffa   00000002  00000002  00000000  RWIX
  INT14                 0000fffc   00000002  00000002  00000000  RWIX
  RESET                 0000fffe   00000002  00000002  00000000  RWIX


SECTION ALLOCATION MAP

 output                                  attributes/
section   page    origin      length       input sections
--------  ----  ----------  ----------   ----------------
.bss       0    00000200    00000040     UNINITIALIZED
                  00000200    0000000c     motorAPI.obj (.bss)
                  0000020c    0000000a     communicationAPI.obj (.bss)
                  00000216    0000000a     motorCalibrationApp.obj (.bss)
                  00000220    00000008     joystickAPI.obj (.bss)
                  00000228    00000008     painterApp.obj (.bss)
                  00000230    00000006     main.obj (.bss)
                  00000236    00000006     motorApp.obj (.bss)
                  0000023c    00000004     halUART.obj (.bss)

.data      0    00000240    00000030     UNINITIALIZED
                  00000240    0000000e     halTimers.obj (.data)
                  0000024e    0000000c     halADC.obj (.data)
                  0000025a    0000000a     halUART.obj (.data)
                  00000264    00000006     motorAPI.obj (.data)
                  0000026a    00000004     halGPIO.obj (.data)
                  0000026e    00000002     joystickAPI.obj (.data)

.stack     0    000003b0    00000050     UNINITIALIZED
                  000003b0    00000002     rts430_eabi.lib : boot.c.obj (.stack)
                  000003b2    0000004e     --HOLE--

.text      0    0000c000    00000b18     
                  0000c000    00000132     rts430_eabi.lib : fs_add.asm.obj (.text)
                  0000c132    000000c4                     : fs_mpy.asm.obj (.text)
                  0000c1f6    0000009c                     : fs_div.asm.obj (.text)
                  0000c292    00000088     motorAPI.obj (.text:moveMotorBySteps)
                  0000c31a    0000007c     rts430_eabi.lib : copy_decompress_lzss.c.obj (.text:decompress:lzss:__TI_decompress_lzss)
                  0000c396    00000068                     : fs_toi.asm.obj (.text)
                  0000c3fe    00000066     motorAPI.obj (.text:calibrateMotorAngle)
                  0000c464    00000062     main.obj (.text:main)
                  0000c4c6    00000056     halTimers.obj (.text:motorTimerISR)
                  0000c51c    00000052     halUART.obj (.text:configureUart)
                  0000c56e    00000050     painterApp.obj (.text:painter)
                  0000c5be    0000004c     motorCalibrationApp.obj (.text:motorCalibration)
                  0000c60a    0000004c     rts430_eabi.lib : lsr16.asm.obj (.text)
                  0000c656    00000046                     : fs_tou.asm.obj (.text)
                  0000c69c    00000042                     : autoinit.c.obj (.text:__TI_auto_init_nobinit_nopinit:__TI_auto_init_nobinit_nopinit)
                  0000c6de    0000003e     motorAPI.obj (.text:calibrateMotorStartPosition)
                  0000c71c    0000003c     motorApp.obj (.text:motorControl)
                  0000c758    0000003c     motorAPI.obj (.text:moveMotorByAngle)
                  0000c794    00000036     halADC.obj (.text:ADC10_ISR)
                  0000c7ca    00000036     rts430_eabi.lib : fs_itof.asm.obj (.text)
                  0000c800    0000002e     joystickAPI.obj (.text:readJoysctickPos)
                  0000c82e    0000002e     communicationAPI.obj (.text:sendMessage)
                  0000c85c    0000002c     rts430_eabi.lib : lsl16.asm.obj (.text)
                  0000c888    00000028     motorAPI.obj (.text:moveToStartPos)
                  0000c8b0    00000026     halADC.obj (.text:configureADC)
                  0000c8d6    00000022     halTimers.obj (.text:configureMotorTimer)
                  0000c8f8    00000020     halADC.obj (.text:startADC)
                  0000c918    0000001e     communicationAPI.obj (.text:checkMessages)
                  0000c936    0000001e     main.obj (.text:runApp)
                  0000c954    0000001c     halUART.obj (.text:USCI0TX_ISR)
                  0000c970    0000001c     rts430_eabi.lib : boot.c.obj (.text:_c_int00_noargs)
                  0000c98c    0000001c     communicationAPI.obj (.text:readMessage)
                  0000c9a8    00000018     halUART.obj (.text:USCI0RX_ISR)
                  0000c9c0    00000014     rts430_eabi.lib : copy_zero_init.c.obj (.text:decompress:ZI:__TI_zero_init_nomemset:__TI_zero_init_nomemset)
                  0000c9d4    00000012     motorAPI.obj (.text:angleToSteps)
                  0000c9e6    00000012     motorAPI.obj (.text:configureMotor)
                  0000c9f8    00000012     halGPIO.obj (.text:configurePushButton)
                  0000ca0a    00000012     rts430_eabi.lib : copy_decompress_none.c.obj (.text:decompress:none:__TI_decompress_none)
                  0000ca1c    00000012     halTimers.obj (.text:delayTimerISR)
                  0000ca2e    00000012     halGPIO.obj (.text:enablePushButton)
                  0000ca40    00000012     rts430_eabi.lib : memcpy.c.obj (.text:memcpy)
                  0000ca52    00000012     halGPIO.obj (.text:port1ISR)
                  0000ca64    00000012     halTimers.obj (.text:startMotorTimer)
                  0000ca76    00000012     motorAPI.obj (.text:stepsToAngle)
                  0000ca88    00000010     halUART.obj (.text:enableUartRxInterrupt)
                  0000ca98    00000010     halUART.obj (.text:enableUartTxInterrupt)
                  0000caa8    00000010     rts430_eabi.lib : epilog.asm.obj (.text)
                  0000cab8    00000010     halTimers.obj (.text:setDirection)
                  0000cac8    0000000e     joystickAPI.obj (.text:configureJoystick)
                  0000cad6    00000008     rts430_eabi.lib : isr_trap.asm.obj (.text:_isr:__TI_ISR_TRAP)
                  0000cade    00000008     halTimers.obj (.text:stopMotorTimer)
                  0000cae6    00000006     rts430_eabi.lib : exit.c.obj (.text:abort)
                  0000caec    00000006     halTimers.obj (.text:getCurrentPos)
                  0000caf2    00000006     halADC.obj (.text:getVx)
                  0000caf8    00000006     halADC.obj (.text:getVy)
                  0000cafe    00000006     halTimers.obj (.text:setStartingPoint)
                  0000cb04    00000006     halTimers.obj (.text:setSteps)
                  0000cb0a    00000006     motorApp.obj (.text:xyToAngle)
                  0000cb10    00000004     rts430_eabi.lib : pre_init.c.obj (.text:_system_pre_init)
                  0000cb14    00000002                     : startup.c.obj (.text:_system_post_cinit)
                  0000cb16    00000002     halGPIO.obj (.text:configureMotorPorts)

.cinit     0    0000cb18    0000001e     
                  0000cb18    0000000b     (.cinit..data.load) [load image, compression = lzss]
                  0000cb23    00000001     --HOLE-- [fill = 0]
                  0000cb24    00000006     (__TI_handler_table)
                  0000cb2a    00000004     (.cinit..bss.load) [load image, compression = zero_init]
                  0000cb2e    00000008     (__TI_cinit_table)

.binit     0    0000c000    00000000     

.init_array 
*          0    0000c000    00000000     UNINITIALIZED

TRAPINT    0    0000ffe0    00000002     
                  0000ffe0    00000002     rts430_eabi.lib : int00.asm.obj (.int00)

PORT1      0    0000ffe4    00000002     
                  0000ffe4    00000002     halGPIO.obj (.int02)

PORT2      0    0000ffe6    00000002     
                  0000ffe6    00000002     rts430_eabi.lib : int03.asm.obj (.int03)

ADC10      0    0000ffea    00000002     
                  0000ffea    00000002     halADC.obj (.int05)

USCIAB0TX 
*          0    0000ffec    00000002     
                  0000ffec    00000002     halUART.obj (.int06)

USCIAB0RX 
*          0    0000ffee    00000002     
                  0000ffee    00000002     halUART.obj (.int07)

TIMER0_A1 
*          0    0000fff0    00000002     
                  0000fff0    00000002     rts430_eabi.lib : int08.asm.obj (.int08)

TIMER0_A0 
*          0    0000fff2    00000002     
                  0000fff2    00000002     halTimers.obj (.int09)

WDT        0    0000fff4    00000002     
                  0000fff4    00000002     rts430_eabi.lib : int10.asm.obj (.int10)

COMPARATORA 
*          0    0000fff6    00000002     
                  0000fff6    00000002     rts430_eabi.lib : int11.asm.obj (.int11)

TIMER1_A1 
*          0    0000fff8    00000002     
                  0000fff8    00000002     rts430_eabi.lib : int12.asm.obj (.int12)

TIMER1_A0 
*          0    0000fffa    00000002     
                  0000fffa    00000002     halTimers.obj (.int13)

NMI        0    0000fffc    00000002     
                  0000fffc    00000002     rts430_eabi.lib : int14.asm.obj (.int14)

.reset     0    0000fffe    00000002     
                  0000fffe    00000002     rts430_eabi.lib : boot.c.obj (.reset)

$fill000   0    0000ffde    00000002     
                  0000ffde    00000002     --HOLE-- [fill = ffff]

MODULE SUMMARY

       Module                       code   ro data   rw data
       ------                       ----   -------   -------
    ./
       main.obj                     128    0         6      
    +--+----------------------------+------+---------+---------+
       Total:                       128    0         6      
                                                            
    ./source/ADC/
       halADC.obj                   136    2         12     
    +--+----------------------------+------+---------+---------+
       Total:                       136    2         12     
                                                            
    ./source/APIs/
       motorAPI.obj                 454    0         18     
       communicationAPI.obj         104    0         10     
       joystickAPI.obj              60     0         10     
    +--+----------------------------+------+---------+---------+
       Total:                       618    0         38     
                                                            
    ./source/Apps/
       painterApp.obj               80     0         8      
       motorCalibrationApp.obj      76     0         10     
       motorApp.obj                 66     0         6      
    +--+----------------------------+------+---------+---------+
       Total:                       222    0         24     
                                                            
    ./source/GPIO/
       halGPIO.obj                  56     2         4      
    +--+----------------------------+------+---------+---------+
       Total:                       56     2         4      
                                                            
    ./source/Timers/
       halTimers.obj                198    4         14     
    +--+----------------------------+------+---------+---------+
       Total:                       198    4         14     
                                                            
    ./source/UART/
       halUART.obj                  166    4         14     
    +--+----------------------------+------+---------+---------+
       Total:                       166    4         14     
                                                            
    /Applications/ti/ccs1110/ccs/tools/compiler/ti-cgt-msp430_21.6.0.LTS/lib/rts430_eabi.lib
       fs_add.asm.obj               306    0         0      
       fs_mpy.asm.obj               196    0         0      
       fs_div.asm.obj               156    0         0      
       copy_decompress_lzss.c.obj   124    0         0      
       fs_toi.asm.obj               104    0         0      
       lsr16.asm.obj                76     0         0      
       fs_tou.asm.obj               70     0         0      
       autoinit.c.obj               66     0         0      
       fs_itof.asm.obj              54     0         0      
       lsl16.asm.obj                44     0         0      
       boot.c.obj                   28     2         0      
       copy_zero_init.c.obj         20     0         0      
       copy_decompress_none.c.obj   18     0         0      
       memcpy.c.obj                 18     0         0      
       epilog.asm.obj               16     0         0      
       isr_trap.asm.obj             8      0         0      
       exit.c.obj                   6      0         0      
       pre_init.c.obj               4      0         0      
       int00.asm.obj                0      2         0      
       int03.asm.obj                0      2         0      
       int08.asm.obj                0      2         0      
       int10.asm.obj                0      2         0      
       int11.asm.obj                0      2         0      
       int12.asm.obj                0      2         0      
       int14.asm.obj                0      2         0      
       startup.c.obj                2      0         0      
    +--+----------------------------+------+---------+---------+
       Total:                       1316   16        0      
                                                            
       Stack:                       0      0         80     
       Linker Generated:            0      29        0      
    +--+----------------------------+------+---------+---------+
       Grand Total:                 2840   57        192    


LINKER GENERATED COPY TABLES

__TI_cinit_table @ 0000cb2e records: 2, size/record: 4, table size: 8
	.data: load addr=0000cb18, load size=0000000b bytes, run addr=00000240, run size=00000030 bytes, compression=lzss
	.bss: load addr=0000cb2a, load size=00000004 bytes, run addr=00000200, run size=00000040 bytes, compression=zero_init


LINKER GENERATED HANDLER TABLE

__TI_handler_table @ 0000cb24 records: 3, size/record: 2, table size: 6
	index: 0, handler: __TI_zero_init
	index: 1, handler: __TI_decompress_lzss
	index: 2, handler: __TI_decompress_none


GLOBAL SYMBOLS: SORTED ALPHABETICALLY BY Name 

address   name                          
-------   ----                          
0000004a  ADC10AE0                      
000001b0  ADC10CTL0                     
000001b2  ADC10CTL1                     
00000048  ADC10DTC0                     
00000049  ADC10DTC1                     
000001b4  ADC10MEM                      
000001bc  ADC10SA                       
0000c794  ADC10_ISR                     
00000057  BCSCTL1                       
00000058  BCSCTL2                       
00000053  BCSCTL3                       
0000cae6  C$$EXIT                       
00000059  CACTL1                        
0000005a  CACTL2                        
000010fb  CALBC1_12MHZ                  
000010f9  CALBC1_16MHZ                  
000010ff  CALBC1_1MHZ                   
000010fd  CALBC1_8MHZ                   
000010fa  CALDCO_12MHZ                  
000010f8  CALDCO_16MHZ                  
000010fe  CALDCO_1MHZ                   
000010fc  CALDCO_8MHZ                   
0000005b  CAPD                          
00000056  DCOCTL                        
00000128  FCTL1                         
0000012a  FCTL2                         
0000012c  FCTL3                         
00000000  IE1                           
00000001  IE2                           
00000002  IFG1                          
00000003  IFG2                          
00000022  P1DIR                         
00000025  P1IE                          
00000024  P1IES                         
00000023  P1IFG                         
00000020  P1IN                          
00000021  P1OUT                         
00000027  P1REN                         
00000026  P1SEL                         
00000041  P1SEL2                        
0000002a  P2DIR                         
0000002d  P2IE                          
0000002c  P2IES                         
0000002b  P2IFG                         
00000028  P2IN                          
00000029  P2OUT                         
0000002f  P2REN                         
0000002e  P2SEL                         
00000042  P2SEL2                        
0000001a  P3DIR                         
00000018  P3IN                          
00000019  P3OUT                         
00000010  P3REN                         
0000001b  P3SEL                         
00000043  P3SEL2                        
00000172  TA0CCR0                       
00000174  TA0CCR1                       
00000176  TA0CCR2                       
00000162  TA0CCTL0                      
00000164  TA0CCTL1                      
00000166  TA0CCTL2                      
00000160  TA0CTL                        
0000012e  TA0IV                         
00000170  TA0R                          
00000192  TA1CCR0                       
00000194  TA1CCR1                       
00000196  TA1CCR2                       
00000182  TA1CCTL0                      
00000184  TA1CCTL1                      
00000186  TA1CCTL2                      
00000180  TA1CTL                        
0000011e  TA1IV                         
00000190  TA1R                          
000010db  TLV_ADC10_1_LEN               
000010da  TLV_ADC10_1_TAG               
000010c0  TLV_CHECKSUM                  
000010f7  TLV_DCO_30_LEN                
000010f6  TLV_DCO_30_TAG                
0000005d  UCA0ABCTL                     
00000062  UCA0BR0                       
00000063  UCA0BR1                       
00000060  UCA0CTL0                      
00000061  UCA0CTL1                      
0000005f  UCA0IRRCTL                    
0000005e  UCA0IRTCTL                    
00000064  UCA0MCTL                      
00000066  UCA0RXBUF                     
00000065  UCA0STAT                      
00000067  UCA0TXBUF                     
0000006a  UCB0BR0                       
0000006b  UCB0BR1                       
00000068  UCB0CTL0                      
00000069  UCB0CTL1                      
0000006c  UCB0I2CIE                     
00000118  UCB0I2COA                     
0000011a  UCB0I2CSA                     
0000006e  UCB0RXBUF                     
0000006d  UCB0STAT                      
0000006f  UCB0TXBUF                     
0000c9a8  USCI0RX_ISR                   
0000c954  USCI0TX_ISR                   
00000120  WDTCTL                        
00000400  __STACK_END                   
00000050  __STACK_SIZE                  
0000cb2e  __TI_CINIT_Base               
0000cb36  __TI_CINIT_Limit              
0000cb36  __TI_CINIT_Warm               
0000cb24  __TI_Handler_Table_Base       
0000cb2a  __TI_Handler_Table_Limit      
0000cad6  __TI_ISR_TRAP                 
0000c69c  __TI_auto_init_nobinit_nopinit
0000c31a  __TI_decompress_lzss          
0000ca0a  __TI_decompress_none          
0000ffe0  __TI_int00                    
0000ffe4  __TI_int02                    
0000ffe6  __TI_int03                    
0000ffea  __TI_int05                    
0000ffec  __TI_int06                    
0000ffee  __TI_int07                    
0000fff0  __TI_int08                    
0000fff2  __TI_int09                    
0000fff4  __TI_int10                    
0000fff6  __TI_int11                    
0000fff8  __TI_int12                    
0000fffa  __TI_int13                    
0000fffc  __TI_int14                    
ffffffff  __TI_pprof_out_hndl           
ffffffff  __TI_prof_data_size           
ffffffff  __TI_prof_data_start          
0000c9c0  __TI_zero_init_nomemset       
ffffffff  __c_args__                    
0000c006  __mspabi_addf                 
0000c1f6  __mspabi_divf                 
0000c396  __mspabi_fixfi                
0000c656  __mspabi_fixfu                
0000c7ca  __mspabi_fltif                
0000cab4  __mspabi_func_epilog_1        
0000cab2  __mspabi_func_epilog_2        
0000cab0  __mspabi_func_epilog_3        
0000caae  __mspabi_func_epilog_4        
0000caac  __mspabi_func_epilog_5        
0000caaa  __mspabi_func_epilog_6        
0000caa8  __mspabi_func_epilog_7        
0000c132  __mspabi_mpyf                 
0000c85c  __mspabi_slli                 
0000c884  __mspabi_slli_1               
0000c872  __mspabi_slli_10              
0000c870  __mspabi_slli_11              
0000c86e  __mspabi_slli_12              
0000c86c  __mspabi_slli_13              
0000c86a  __mspabi_slli_14              
0000c868  __mspabi_slli_15              
0000c882  __mspabi_slli_2               
0000c880  __mspabi_slli_3               
0000c87e  __mspabi_slli_4               
0000c87c  __mspabi_slli_5               
0000c87a  __mspabi_slli_6               
0000c878  __mspabi_slli_7               
0000c876  __mspabi_slli_8               
0000c874  __mspabi_slli_9               
0000c60a  __mspabi_srli                 
0000c650  __mspabi_srli_1               
0000c62c  __mspabi_srli_10              
0000c628  __mspabi_srli_11              
0000c624  __mspabi_srli_12              
0000c620  __mspabi_srli_13              
0000c61c  __mspabi_srli_14              
0000c618  __mspabi_srli_15              
0000c64c  __mspabi_srli_2               
0000c648  __mspabi_srli_3               
0000c644  __mspabi_srli_4               
0000c640  __mspabi_srli_5               
0000c63c  __mspabi_srli_6               
0000c638  __mspabi_srli_7               
0000c634  __mspabi_srli_8               
0000c630  __mspabi_srli_9               
0000c000  __mspabi_subf                 
0000c970  _c_int00_noargs               
0000fffe  _reset_vector                 
000003b0  _stack                        
0000cb14  _system_post_cinit            
0000cb10  _system_pre_init              
00000246  ablolute_pos                  
0000cae6  abort                         
0000024e  adcChannel                    
00000258  adcConfigured                 
0000c9d4  angleToSteps                  
00000268  angle_calibrated_flag         
0000026c  buttonPressed                 
0000c3fe  calibrateMotorAngle           
0000c6de  calibrateMotorStartPosition   
0000c918  checkMessages                 
0000c8b0  configureADC                  
0000cac8  configureJoystick             
0000c9e6  configureMotor                
0000cb16  configureMotorPorts           
0000c8d6  configureMotorTimer           
0000c9f8  configurePushButton           
0000c51c  configureUart                 
0000025c  counter                       
00000256  current_adc_channel           
0000ca1c  delayTimerISR                 
00000240  direction_right               
0000ca2e  enablePushButton              
0000ca88  enableUartRxInterrupt         
0000ca98  enableUartTxInterrupt         
0000caec  getCurrentPos                 
0000caf2  getVx                         
0000caf8  getVy                         
0000c464  main                          
0000ca40  memcpy                        
00000260  messageRecieved_flag          
00000262  messageSent_flag              
0000c5be  motorCalibration              
00000264  motorConfigured_flag          
0000c71c  motorControl                  
0000c4c6  motorTimerISR                 
00000242  motor_input                   
0000c758  moveMotorByAngle              
0000c292  moveMotorBySteps              
0000c888  moveToStartPos                
0000c56e  painter                       
0000ca52  port1ISR                      
0000026a  pushButtonConfigured          
0000c800  readJoysctickPos              
0000c98c  readMessage                   
0000026e  read_available_flag           
0000c936  runApp                        
00000248  scan                          
0000c82e  sendMessage                   
0000025a  sendUartNumber                
0000cab8  setDirection                  
0000cafe  setStartingPoint              
0000cb04  setSteps                      
0000c8f8  startADC                      
0000ca64  startMotorTimer               
00000266  start_pos_calibrated_flag     
0000ca76  stepsToAngle                  
00000244  steps_counter                 
0000cade  stopMotorTimer                
0000025e  uartConfigured_flag           
00000250  v_x                           
00000252  v_y                           
0000cb0a  xyToAngle                     
00000254  xy_valid                      


GLOBAL SYMBOLS: SORTED BY Symbol Address 

address   name                          
-------   ----                          
00000000  IE1                           
00000001  IE2                           
00000002  IFG1                          
00000003  IFG2                          
00000010  P3REN                         
00000018  P3IN                          
00000019  P3OUT                         
0000001a  P3DIR                         
0000001b  P3SEL                         
00000020  P1IN                          
00000021  P1OUT                         
00000022  P1DIR                         
00000023  P1IFG                         
00000024  P1IES                         
00000025  P1IE                          
00000026  P1SEL                         
00000027  P1REN                         
00000028  P2IN                          
00000029  P2OUT                         
0000002a  P2DIR                         
0000002b  P2IFG                         
0000002c  P2IES                         
0000002d  P2IE                          
0000002e  P2SEL                         
0000002f  P2REN                         
00000041  P1SEL2                        
00000042  P2SEL2                        
00000043  P3SEL2                        
00000048  ADC10DTC0                     
00000049  ADC10DTC1                     
0000004a  ADC10AE0                      
00000050  __STACK_SIZE                  
00000053  BCSCTL3                       
00000056  DCOCTL                        
00000057  BCSCTL1                       
00000058  BCSCTL2                       
00000059  CACTL1                        
0000005a  CACTL2                        
0000005b  CAPD                          
0000005d  UCA0ABCTL                     
0000005e  UCA0IRTCTL                    
0000005f  UCA0IRRCTL                    
00000060  UCA0CTL0                      
00000061  UCA0CTL1                      
00000062  UCA0BR0                       
00000063  UCA0BR1                       
00000064  UCA0MCTL                      
00000065  UCA0STAT                      
00000066  UCA0RXBUF                     
00000067  UCA0TXBUF                     
00000068  UCB0CTL0                      
00000069  UCB0CTL1                      
0000006a  UCB0BR0                       
0000006b  UCB0BR1                       
0000006c  UCB0I2CIE                     
0000006d  UCB0STAT                      
0000006e  UCB0RXBUF                     
0000006f  UCB0TXBUF                     
00000118  UCB0I2COA                     
0000011a  UCB0I2CSA                     
0000011e  TA1IV                         
00000120  WDTCTL                        
00000128  FCTL1                         
0000012a  FCTL2                         
0000012c  FCTL3                         
0000012e  TA0IV                         
00000160  TA0CTL                        
00000162  TA0CCTL0                      
00000164  TA0CCTL1                      
00000166  TA0CCTL2                      
00000170  TA0R                          
00000172  TA0CCR0                       
00000174  TA0CCR1                       
00000176  TA0CCR2                       
00000180  TA1CTL                        
00000182  TA1CCTL0                      
00000184  TA1CCTL1                      
00000186  TA1CCTL2                      
00000190  TA1R                          
00000192  TA1CCR0                       
00000194  TA1CCR1                       
00000196  TA1CCR2                       
000001b0  ADC10CTL0                     
000001b2  ADC10CTL1                     
000001b4  ADC10MEM                      
000001bc  ADC10SA                       
00000240  direction_right               
00000242  motor_input                   
00000244  steps_counter                 
00000246  ablolute_pos                  
00000248  scan                          
0000024e  adcChannel                    
00000250  v_x                           
00000252  v_y                           
00000254  xy_valid                      
00000256  current_adc_channel           
00000258  adcConfigured                 
0000025a  sendUartNumber                
0000025c  counter                       
0000025e  uartConfigured_flag           
00000260  messageRecieved_flag          
00000262  messageSent_flag              
00000264  motorConfigured_flag          
00000266  start_pos_calibrated_flag     
00000268  angle_calibrated_flag         
0000026a  pushButtonConfigured          
0000026c  buttonPressed                 
0000026e  read_available_flag           
000003b0  _stack                        
00000400  __STACK_END                   
000010c0  TLV_CHECKSUM                  
000010da  TLV_ADC10_1_TAG               
000010db  TLV_ADC10_1_LEN               
000010f6  TLV_DCO_30_TAG                
000010f7  TLV_DCO_30_LEN                
000010f8  CALDCO_16MHZ                  
000010f9  CALBC1_16MHZ                  
000010fa  CALDCO_12MHZ                  
000010fb  CALBC1_12MHZ                  
000010fc  CALDCO_8MHZ                   
000010fd  CALBC1_8MHZ                   
000010fe  CALDCO_1MHZ                   
000010ff  CALBC1_1MHZ                   
0000c000  __mspabi_subf                 
0000c006  __mspabi_addf                 
0000c132  __mspabi_mpyf                 
0000c1f6  __mspabi_divf                 
0000c292  moveMotorBySteps              
0000c31a  __TI_decompress_lzss          
0000c396  __mspabi_fixfi                
0000c3fe  calibrateMotorAngle           
0000c464  main                          
0000c4c6  motorTimerISR                 
0000c51c  configureUart                 
0000c56e  painter                       
0000c5be  motorCalibration              
0000c60a  __mspabi_srli                 
0000c618  __mspabi_srli_15              
0000c61c  __mspabi_srli_14              
0000c620  __mspabi_srli_13              
0000c624  __mspabi_srli_12              
0000c628  __mspabi_srli_11              
0000c62c  __mspabi_srli_10              
0000c630  __mspabi_srli_9               
0000c634  __mspabi_srli_8               
0000c638  __mspabi_srli_7               
0000c63c  __mspabi_srli_6               
0000c640  __mspabi_srli_5               
0000c644  __mspabi_srli_4               
0000c648  __mspabi_srli_3               
0000c64c  __mspabi_srli_2               
0000c650  __mspabi_srli_1               
0000c656  __mspabi_fixfu                
0000c69c  __TI_auto_init_nobinit_nopinit
0000c6de  calibrateMotorStartPosition   
0000c71c  motorControl                  
0000c758  moveMotorByAngle              
0000c794  ADC10_ISR                     
0000c7ca  __mspabi_fltif                
0000c800  readJoysctickPos              
0000c82e  sendMessage                   
0000c85c  __mspabi_slli                 
0000c868  __mspabi_slli_15              
0000c86a  __mspabi_slli_14              
0000c86c  __mspabi_slli_13              
0000c86e  __mspabi_slli_12              
0000c870  __mspabi_slli_11              
0000c872  __mspabi_slli_10              
0000c874  __mspabi_slli_9               
0000c876  __mspabi_slli_8               
0000c878  __mspabi_slli_7               
0000c87a  __mspabi_slli_6               
0000c87c  __mspabi_slli_5               
0000c87e  __mspabi_slli_4               
0000c880  __mspabi_slli_3               
0000c882  __mspabi_slli_2               
0000c884  __mspabi_slli_1               
0000c888  moveToStartPos                
0000c8b0  configureADC                  
0000c8d6  configureMotorTimer           
0000c8f8  startADC                      
0000c918  checkMessages                 
0000c936  runApp                        
0000c954  USCI0TX_ISR                   
0000c970  _c_int00_noargs               
0000c98c  readMessage                   
0000c9a8  USCI0RX_ISR                   
0000c9c0  __TI_zero_init_nomemset       
0000c9d4  angleToSteps                  
0000c9e6  configureMotor                
0000c9f8  configurePushButton           
0000ca0a  __TI_decompress_none          
0000ca1c  delayTimerISR                 
0000ca2e  enablePushButton              
0000ca40  memcpy                        
0000ca52  port1ISR                      
0000ca64  startMotorTimer               
0000ca76  stepsToAngle                  
0000ca88  enableUartRxInterrupt         
0000ca98  enableUartTxInterrupt         
0000caa8  __mspabi_func_epilog_7        
0000caaa  __mspabi_func_epilog_6        
0000caac  __mspabi_func_epilog_5        
0000caae  __mspabi_func_epilog_4        
0000cab0  __mspabi_func_epilog_3        
0000cab2  __mspabi_func_epilog_2        
0000cab4  __mspabi_func_epilog_1        
0000cab8  setDirection                  
0000cac8  configureJoystick             
0000cad6  __TI_ISR_TRAP                 
0000cade  stopMotorTimer                
0000cae6  C$$EXIT                       
0000cae6  abort                         
0000caec  getCurrentPos                 
0000caf2  getVx                         
0000caf8  getVy                         
0000cafe  setStartingPoint              
0000cb04  setSteps                      
0000cb0a  xyToAngle                     
0000cb10  _system_pre_init              
0000cb14  _system_post_cinit            
0000cb16  configureMotorPorts           
0000cb24  __TI_Handler_Table_Base       
0000cb2a  __TI_Handler_Table_Limit      
0000cb2e  __TI_CINIT_Base               
0000cb36  __TI_CINIT_Limit              
0000cb36  __TI_CINIT_Warm               
0000ffe0  __TI_int00                    
0000ffe4  __TI_int02                    
0000ffe6  __TI_int03                    
0000ffea  __TI_int05                    
0000ffec  __TI_int06                    
0000ffee  __TI_int07                    
0000fff0  __TI_int08                    
0000fff2  __TI_int09                    
0000fff4  __TI_int10                    
0000fff6  __TI_int11                    
0000fff8  __TI_int12                    
0000fffa  __TI_int13                    
0000fffc  __TI_int14                    
0000fffe  _reset_vector                 
ffffffff  __TI_pprof_out_hndl           
ffffffff  __TI_prof_data_size           
ffffffff  __TI_prof_data_start          
ffffffff  __c_args__                    

[245 symbols]
