<?xml version="1.0" encoding="ISO-8859-1" ?>
<link_info>
   <banner>MSP430 Linker Unix v21.6.0.LTS</banner>
   <copyright>Copyright (c) 2003-2018 Texas Instruments Incorporated</copyright>
   <link_time>0x62ebfb1f</link_time>
   <link_errors>0x0</link_errors>
   <output_file>finalDCS.out</output_file>
   <entry_point>
      <name>_c_int00_noargs</name>
      <address>0xc136</address>
   </entry_point>
   <input_file_list>
      <input_file id="fl-2">
         <path>./</path>
         <kind>object</kind>
         <file>main.obj</file>
         <name>main.obj</name>
      </input_file>
      <input_file id="fl-3">
         <path>./source/ADC/</path>
         <kind>object</kind>
         <file>bspADC.obj</file>
         <name>bspADC.obj</name>
      </input_file>
      <input_file id="fl-4">
         <path>./source/ADC/</path>
         <kind>object</kind>
         <file>halADC.obj</file>
         <name>halADC.obj</name>
      </input_file>
      <input_file id="fl-5">
         <path>./source/DMA/</path>
         <kind>object</kind>
         <file>bspDMA.obj</file>
         <name>bspDMA.obj</name>
      </input_file>
      <input_file id="fl-6">
         <path>./source/DMA/</path>
         <kind>object</kind>
         <file>halDMA.obj</file>
         <name>halDMA.obj</name>
      </input_file>
      <input_file id="fl-7">
         <path>./source/GPIO/</path>
         <kind>object</kind>
         <file>bspGPIO.obj</file>
         <name>bspGPIO.obj</name>
      </input_file>
      <input_file id="fl-8">
         <path>./source/GPIO/</path>
         <kind>object</kind>
         <file>halGPIO.obj</file>
         <name>halGPIO.obj</name>
      </input_file>
      <input_file id="fl-9">
         <path>./source/Timers/</path>
         <kind>object</kind>
         <file>bspTimers.obj</file>
         <name>bspTimers.obj</name>
      </input_file>
      <input_file id="fl-a">
         <path>./source/Timers/</path>
         <kind>object</kind>
         <file>halTimers.obj</file>
         <name>halTimers.obj</name>
      </input_file>
      <input_file id="fl-b">
         <path>./source/UART/</path>
         <kind>object</kind>
         <file>bspUART.obj</file>
         <name>bspUART.obj</name>
      </input_file>
      <input_file id="fl-c">
         <path>./source/UART/</path>
         <kind>object</kind>
         <file>halUART.obj</file>
         <name>halUART.obj</name>
      </input_file>
      <input_file id="fl-d">
         <path>./source/Utilities/</path>
         <kind>object</kind>
         <file>Conversions.obj</file>
         <name>Conversions.obj</name>
      </input_file>
      <input_file id="fl-12">
         <kind>object</kind>
         <file>&lt;internal&gt;</file>
         <name>&lt;internal&gt;</name>
      </input_file>
      <input_file id="fl-28">
         <path>/Applications/ti/ccs1110/ccs/tools/compiler/ti-cgt-msp430_21.6.0.LTS/lib/</path>
         <kind>archive</kind>
         <file>rts430_eabi.lib</file>
         <name>int00.asm.obj</name>
      </input_file>
      <input_file id="fl-29">
         <path>/Applications/ti/ccs1110/ccs/tools/compiler/ti-cgt-msp430_21.6.0.LTS/lib/</path>
         <kind>archive</kind>
         <file>rts430_eabi.lib</file>
         <name>int02.asm.obj</name>
      </input_file>
      <input_file id="fl-2a">
         <path>/Applications/ti/ccs1110/ccs/tools/compiler/ti-cgt-msp430_21.6.0.LTS/lib/</path>
         <kind>archive</kind>
         <file>rts430_eabi.lib</file>
         <name>int03.asm.obj</name>
      </input_file>
      <input_file id="fl-2b">
         <path>/Applications/ti/ccs1110/ccs/tools/compiler/ti-cgt-msp430_21.6.0.LTS/lib/</path>
         <kind>archive</kind>
         <file>rts430_eabi.lib</file>
         <name>int05.asm.obj</name>
      </input_file>
      <input_file id="fl-2c">
         <path>/Applications/ti/ccs1110/ccs/tools/compiler/ti-cgt-msp430_21.6.0.LTS/lib/</path>
         <kind>archive</kind>
         <file>rts430_eabi.lib</file>
         <name>int06.asm.obj</name>
      </input_file>
      <input_file id="fl-2d">
         <path>/Applications/ti/ccs1110/ccs/tools/compiler/ti-cgt-msp430_21.6.0.LTS/lib/</path>
         <kind>archive</kind>
         <file>rts430_eabi.lib</file>
         <name>int07.asm.obj</name>
      </input_file>
      <input_file id="fl-2e">
         <path>/Applications/ti/ccs1110/ccs/tools/compiler/ti-cgt-msp430_21.6.0.LTS/lib/</path>
         <kind>archive</kind>
         <file>rts430_eabi.lib</file>
         <name>int08.asm.obj</name>
      </input_file>
      <input_file id="fl-2f">
         <path>/Applications/ti/ccs1110/ccs/tools/compiler/ti-cgt-msp430_21.6.0.LTS/lib/</path>
         <kind>archive</kind>
         <file>rts430_eabi.lib</file>
         <name>int10.asm.obj</name>
      </input_file>
      <input_file id="fl-30">
         <path>/Applications/ti/ccs1110/ccs/tools/compiler/ti-cgt-msp430_21.6.0.LTS/lib/</path>
         <kind>archive</kind>
         <file>rts430_eabi.lib</file>
         <name>int11.asm.obj</name>
      </input_file>
      <input_file id="fl-31">
         <path>/Applications/ti/ccs1110/ccs/tools/compiler/ti-cgt-msp430_21.6.0.LTS/lib/</path>
         <kind>archive</kind>
         <file>rts430_eabi.lib</file>
         <name>int12.asm.obj</name>
      </input_file>
      <input_file id="fl-32">
         <path>/Applications/ti/ccs1110/ccs/tools/compiler/ti-cgt-msp430_21.6.0.LTS/lib/</path>
         <kind>archive</kind>
         <file>rts430_eabi.lib</file>
         <name>int13.asm.obj</name>
      </input_file>
      <input_file id="fl-33">
         <path>/Applications/ti/ccs1110/ccs/tools/compiler/ti-cgt-msp430_21.6.0.LTS/lib/</path>
         <kind>archive</kind>
         <file>rts430_eabi.lib</file>
         <name>int14.asm.obj</name>
      </input_file>
      <input_file id="fl-34">
         <path>/Applications/ti/ccs1110/ccs/tools/compiler/ti-cgt-msp430_21.6.0.LTS/lib/</path>
         <kind>archive</kind>
         <file>rts430_eabi.lib</file>
         <name>isr_trap.asm.obj</name>
      </input_file>
      <input_file id="fl-35">
         <path>/Applications/ti/ccs1110/ccs/tools/compiler/ti-cgt-msp430_21.6.0.LTS/lib/</path>
         <kind>archive</kind>
         <file>rts430_eabi.lib</file>
         <name>boot.c.obj</name>
      </input_file>
      <input_file id="fl-36">
         <path>/Applications/ti/ccs1110/ccs/tools/compiler/ti-cgt-msp430_21.6.0.LTS/lib/</path>
         <kind>archive</kind>
         <file>rts430_eabi.lib</file>
         <name>autoinit.c.obj</name>
      </input_file>
      <input_file id="fl-37">
         <path>/Applications/ti/ccs1110/ccs/tools/compiler/ti-cgt-msp430_21.6.0.LTS/lib/</path>
         <kind>archive</kind>
         <file>rts430_eabi.lib</file>
         <name>copy_zero_init.c.obj</name>
      </input_file>
      <input_file id="fl-38">
         <path>/Applications/ti/ccs1110/ccs/tools/compiler/ti-cgt-msp430_21.6.0.LTS/lib/</path>
         <kind>archive</kind>
         <file>rts430_eabi.lib</file>
         <name>cpy_tbl.c.obj</name>
      </input_file>
      <input_file id="fl-39">
         <path>/Applications/ti/ccs1110/ccs/tools/compiler/ti-cgt-msp430_21.6.0.LTS/lib/</path>
         <kind>archive</kind>
         <file>rts430_eabi.lib</file>
         <name>mpu_init.c.obj</name>
      </input_file>
      <input_file id="fl-3a">
         <path>/Applications/ti/ccs1110/ccs/tools/compiler/ti-cgt-msp430_21.6.0.LTS/lib/</path>
         <kind>archive</kind>
         <file>rts430_eabi.lib</file>
         <name>pre_init.c.obj</name>
      </input_file>
      <input_file id="fl-3b">
         <path>/Applications/ti/ccs1110/ccs/tools/compiler/ti-cgt-msp430_21.6.0.LTS/lib/</path>
         <kind>archive</kind>
         <file>rts430_eabi.lib</file>
         <name>startup.c.obj</name>
      </input_file>
      <input_file id="fl-3c">
         <path>/Applications/ti/ccs1110/ccs/tools/compiler/ti-cgt-msp430_21.6.0.LTS/lib/</path>
         <kind>archive</kind>
         <file>rts430_eabi.lib</file>
         <name>copy_decompress_none.c.obj</name>
      </input_file>
      <input_file id="fl-3d">
         <path>/Applications/ti/ccs1110/ccs/tools/compiler/ti-cgt-msp430_21.6.0.LTS/lib/</path>
         <kind>archive</kind>
         <file>rts430_eabi.lib</file>
         <name>copy_decompress_lzss.c.obj</name>
      </input_file>
      <input_file id="fl-3e">
         <path>/Applications/ti/ccs1110/ccs/tools/compiler/ti-cgt-msp430_21.6.0.LTS/lib/</path>
         <kind>archive</kind>
         <file>rts430_eabi.lib</file>
         <name>exit.c.obj</name>
      </input_file>
      <input_file id="fl-3f">
         <path>/Applications/ti/ccs1110/ccs/tools/compiler/ti-cgt-msp430_21.6.0.LTS/lib/</path>
         <kind>archive</kind>
         <file>rts430_eabi.lib</file>
         <name>_lock.c.obj</name>
      </input_file>
      <input_file id="fl-40">
         <path>/Applications/ti/ccs1110/ccs/tools/compiler/ti-cgt-msp430_21.6.0.LTS/lib/</path>
         <kind>archive</kind>
         <file>rts430_eabi.lib</file>
         <name>args_main.c.obj</name>
      </input_file>
      <input_file id="fl-41">
         <path>/Applications/ti/ccs1110/ccs/tools/compiler/ti-cgt-msp430_21.6.0.LTS/lib/</path>
         <kind>archive</kind>
         <file>rts430_eabi.lib</file>
         <name>memcpy.c.obj</name>
      </input_file>
      <input_file id="fl-42">
         <path>/Applications/ti/ccs1110/ccs/tools/compiler/ti-cgt-msp430_21.6.0.LTS/lib/</path>
         <kind>archive</kind>
         <file>rts430_eabi.lib</file>
         <name>epilog.asm.obj</name>
      </input_file>
      <input_file id="fl-43">
         <path>/Applications/ti/ccs1110/ccs/tools/compiler/ti-cgt-msp430_21.6.0.LTS/lib/</path>
         <kind>archive</kind>
         <file>rts430_eabi.lib</file>
         <name>lsl16.asm.obj</name>
      </input_file>
      <input_file id="fl-44">
         <path>/Applications/ti/ccs1110/ccs/tools/compiler/ti-cgt-msp430_21.6.0.LTS/lib/</path>
         <kind>archive</kind>
         <file>rts430_eabi.lib</file>
         <name>lsr16.asm.obj</name>
      </input_file>
      <input_file id="fl-45">
         <path>/Applications/ti/ccs1110/ccs/tools/compiler/ti-cgt-msp430_21.6.0.LTS/lib/</path>
         <kind>archive</kind>
         <file>rts430_eabi.lib</file>
         <name>mult16.asm.obj</name>
      </input_file>
      <input_file id="fl-46">
         <path>/Applications/ti/ccs1110/ccs/tools/compiler/ti-cgt-msp430_21.6.0.LTS/lib/</path>
         <kind>archive</kind>
         <file>rts430_eabi.lib</file>
         <name>exit_gvars.c.obj</name>
      </input_file>
   </input_file_list>
   <object_component_list>
      <object_component id="oc-177">
         <name>.data</name>
         <load_address>0x200</load_address>
         <run_address>0x200</run_address>
         <size>0x6</size>
         <input_file_ref idref="fl-a"/>
      </object_component>
      <object_component id="oc-b1">
         <name>.stack</name>
         <uninitialized>true</uninitialized>
         <run_address>0x3b0</run_address>
         <size>0x2</size>
         <input_file_ref idref="fl-35"/>
      </object_component>
      <object_component id="oc-277">
         <name>.stack</name>
         <uninitialized>true</uninitialized>
         <run_address>0x3b0</run_address>
         <size>0x0</size>
      </object_component>
      <object_component id="oc-34">
         <name>.text:decompress:lzss:__TI_decompress_lzss</name>
         <load_address>0xc000</load_address>
         <run_address>0xc000</run_address>
         <size>0x7c</size>
         <input_file_ref idref="fl-3d"/>
      </object_component>
      <object_component id="oc-ba">
         <name>.text</name>
         <load_address>0xc07c</load_address>
         <run_address>0xc07c</run_address>
         <size>0x4c</size>
         <input_file_ref idref="fl-44"/>
      </object_component>
      <object_component id="oc-18b">
         <name>.text:__TI_auto_init_nobinit_nopinit:__TI_auto_init_nobinit_nopinit</name>
         <load_address>0xc0c8</load_address>
         <run_address>0xc0c8</run_address>
         <size>0x42</size>
         <input_file_ref idref="fl-36"/>
      </object_component>
      <object_component id="oc-b5">
         <name>.text</name>
         <load_address>0xc10a</load_address>
         <run_address>0xc10a</run_address>
         <size>0x2c</size>
         <input_file_ref idref="fl-43"/>
      </object_component>
      <object_component id="oc-f9">
         <name>.text:_c_int00_noargs</name>
         <load_address>0xc136</load_address>
         <run_address>0xc136</run_address>
         <size>0x1c</size>
         <input_file_ref idref="fl-35"/>
      </object_component>
      <object_component id="oc-e1">
         <name>.text:TIMER0_A0_ISR</name>
         <load_address>0xc152</load_address>
         <run_address>0xc152</run_address>
         <size>0x1a</size>
         <input_file_ref idref="fl-a"/>
      </object_component>
      <object_component id="oc-3a">
         <name>.text:decompress:none:__TI_decompress_none</name>
         <load_address>0xc16c</load_address>
         <run_address>0xc16c</run_address>
         <size>0x12</size>
         <input_file_ref idref="fl-3c"/>
      </object_component>
      <object_component id="oc-cf">
         <name>.text:memcpy</name>
         <load_address>0xc17e</load_address>
         <run_address>0xc17e</run_address>
         <size>0x12</size>
         <input_file_ref idref="fl-41"/>
      </object_component>
      <object_component id="oc-bf">
         <name>.text</name>
         <load_address>0xc190</load_address>
         <run_address>0xc190</run_address>
         <size>0x10</size>
         <input_file_ref idref="fl-42"/>
      </object_component>
      <object_component id="oc-152">
         <name>.text:main</name>
         <load_address>0xc1a0</load_address>
         <run_address>0xc1a0</run_address>
         <size>0xa</size>
         <input_file_ref idref="fl-2"/>
      </object_component>
      <object_component id="oc-13d">
         <name>.text:timerClearInterruptFlag</name>
         <load_address>0xc1aa</load_address>
         <run_address>0xc1aa</run_address>
         <size>0xa</size>
         <input_file_ref idref="fl-a"/>
      </object_component>
      <object_component id="oc-dc">
         <name>.text:_isr:__TI_ISR_TRAP</name>
         <load_address>0xc1b4</load_address>
         <run_address>0xc1b4</run_address>
         <size>0x8</size>
         <input_file_ref idref="fl-34"/>
      </object_component>
      <object_component id="oc-17f">
         <name>.text:abort</name>
         <load_address>0xc1bc</load_address>
         <run_address>0xc1bc</run_address>
         <size>0x6</size>
         <input_file_ref idref="fl-3e"/>
      </object_component>
      <object_component id="oc-14c">
         <name>.text:_system_pre_init</name>
         <load_address>0xc1c2</load_address>
         <run_address>0xc1c2</run_address>
         <size>0x4</size>
         <input_file_ref idref="fl-3a"/>
      </object_component>
      <object_component id="oc-1d3">
         <name>.text:_system_post_cinit</name>
         <load_address>0xc1c6</load_address>
         <run_address>0xc1c6</run_address>
         <size>0x2</size>
         <input_file_ref idref="fl-3b"/>
      </object_component>
      <object_component id="oc-276">
         <name>.cinit..data.load</name>
         <load_address>0xc1c8</load_address>
         <run_address>0xc1c8</run_address>
         <size>0xa</size>
      </object_component>
      <object_component id="oc-274">
         <name>__TI_handler_table</name>
         <load_address>0xc1d2</load_address>
         <run_address>0xc1d2</run_address>
         <size>0x4</size>
      </object_component>
      <object_component id="oc-275">
         <name>__TI_cinit_table</name>
         <load_address>0xc1d6</load_address>
         <run_address>0xc1d6</run_address>
         <size>0x4</size>
      </object_component>
      <object_component id="oc-236">
         <name>.binit</name>
         <load_address>0xc000</load_address>
         <run_address>0xc000</run_address>
         <size>0x0</size>
      </object_component>
      <object_component id="oc-40">
         <name>.int00</name>
         <load_address>0xffe0</load_address>
         <run_address>0xffe0</run_address>
         <size>0x2</size>
         <input_file_ref idref="fl-28"/>
      </object_component>
      <object_component id="oc-41">
         <name>.int02</name>
         <load_address>0xffe4</load_address>
         <run_address>0xffe4</run_address>
         <size>0x2</size>
         <input_file_ref idref="fl-29"/>
      </object_component>
      <object_component id="oc-42">
         <name>.int03</name>
         <load_address>0xffe6</load_address>
         <run_address>0xffe6</run_address>
         <size>0x2</size>
         <input_file_ref idref="fl-2a"/>
      </object_component>
      <object_component id="oc-43">
         <name>.int05</name>
         <load_address>0xffea</load_address>
         <run_address>0xffea</run_address>
         <size>0x2</size>
         <input_file_ref idref="fl-2b"/>
      </object_component>
      <object_component id="oc-44">
         <name>.int06</name>
         <load_address>0xffec</load_address>
         <run_address>0xffec</run_address>
         <size>0x2</size>
         <input_file_ref idref="fl-2c"/>
      </object_component>
      <object_component id="oc-45">
         <name>.int07</name>
         <load_address>0xffee</load_address>
         <run_address>0xffee</run_address>
         <size>0x2</size>
         <input_file_ref idref="fl-2d"/>
      </object_component>
      <object_component id="oc-46">
         <name>.int08</name>
         <load_address>0xfff0</load_address>
         <run_address>0xfff0</run_address>
         <size>0x2</size>
         <input_file_ref idref="fl-2e"/>
      </object_component>
      <object_component id="oc-47">
         <name>.int09</name>
         <load_address>0xfff2</load_address>
         <run_address>0xfff2</run_address>
         <size>0x2</size>
         <input_file_ref idref="fl-a"/>
      </object_component>
      <object_component id="oc-48">
         <name>.int10</name>
         <load_address>0xfff4</load_address>
         <run_address>0xfff4</run_address>
         <size>0x2</size>
         <input_file_ref idref="fl-2f"/>
      </object_component>
      <object_component id="oc-49">
         <name>.int11</name>
         <load_address>0xfff6</load_address>
         <run_address>0xfff6</run_address>
         <size>0x2</size>
         <input_file_ref idref="fl-30"/>
      </object_component>
      <object_component id="oc-4a">
         <name>.int12</name>
         <load_address>0xfff8</load_address>
         <run_address>0xfff8</run_address>
         <size>0x2</size>
         <input_file_ref idref="fl-31"/>
      </object_component>
      <object_component id="oc-4b">
         <name>.int13</name>
         <load_address>0xfffa</load_address>
         <run_address>0xfffa</run_address>
         <size>0x2</size>
         <input_file_ref idref="fl-32"/>
      </object_component>
      <object_component id="oc-4c">
         <name>.int14</name>
         <load_address>0xfffc</load_address>
         <run_address>0xfffc</run_address>
         <size>0x2</size>
         <input_file_ref idref="fl-33"/>
      </object_component>
      <object_component id="oc-b4">
         <name>.reset</name>
         <load_address>0xfffe</load_address>
         <run_address>0xfffe</run_address>
         <size>0x2</size>
         <input_file_ref idref="fl-35"/>
      </object_component>
      <object_component id="oc-153">
         <name>.debug_info</name>
         <load_address>0x0</load_address>
         <run_address>0x0</run_address>
         <size>0xfc</size>
         <input_file_ref idref="fl-2"/>
      </object_component>
      <object_component id="oc-ca">
         <name>.debug_info</name>
         <load_address>0xfc</load_address>
         <run_address>0xfc</run_address>
         <size>0x84</size>
         <input_file_ref idref="fl-2"/>
      </object_component>
      <object_component id="oc-1c0">
         <name>.debug_info</name>
         <load_address>0x180</load_address>
         <run_address>0x180</run_address>
         <size>0x1a4</size>
         <input_file_ref idref="fl-a"/>
      </object_component>
      <object_component id="oc-178">
         <name>.debug_info</name>
         <load_address>0x324</load_address>
         <run_address>0x324</run_address>
         <size>0x10b</size>
         <input_file_ref idref="fl-a"/>
      </object_component>
      <object_component id="oc-13e">
         <name>.debug_info</name>
         <load_address>0x42f</load_address>
         <run_address>0x42f</run_address>
         <size>0x157</size>
         <input_file_ref idref="fl-a"/>
      </object_component>
      <object_component id="oc-e2">
         <name>.debug_info</name>
         <load_address>0x586</load_address>
         <run_address>0x586</run_address>
         <size>0x162</size>
         <input_file_ref idref="fl-a"/>
      </object_component>
      <object_component id="oc-1f6">
         <name>.debug_info</name>
         <load_address>0x6e8</load_address>
         <run_address>0x6e8</run_address>
         <size>0x109</size>
         <input_file_ref idref="fl-a"/>
      </object_component>
      <object_component id="oc-dd">
         <name>.debug_info</name>
         <load_address>0x7f1</load_address>
         <run_address>0x7f1</run_address>
         <size>0x10f</size>
         <input_file_ref idref="fl-34"/>
      </object_component>
      <object_component id="oc-b2">
         <name>.debug_info</name>
         <load_address>0x900</load_address>
         <run_address>0x900</run_address>
         <size>0x100</size>
         <input_file_ref idref="fl-35"/>
      </object_component>
      <object_component id="oc-fa">
         <name>.debug_info</name>
         <load_address>0xa00</load_address>
         <run_address>0xa00</run_address>
         <size>0x17a</size>
         <input_file_ref idref="fl-35"/>
      </object_component>
      <object_component id="oc-1da">
         <name>.debug_info</name>
         <load_address>0xb7a</load_address>
         <run_address>0xb7a</run_address>
         <size>0x3de</size>
         <input_file_ref idref="fl-36"/>
      </object_component>
      <object_component id="oc-18e">
         <name>.debug_info</name>
         <load_address>0xf58</load_address>
         <run_address>0xf58</run_address>
         <size>0x1e0</size>
         <input_file_ref idref="fl-36"/>
      </object_component>
      <object_component id="oc-212">
         <name>.debug_info</name>
         <load_address>0x1138</load_address>
         <run_address>0x1138</run_address>
         <size>0x39</size>
         <input_file_ref idref="fl-36"/>
      </object_component>
      <object_component id="oc-223">
         <name>.debug_info</name>
         <load_address>0x1171</load_address>
         <run_address>0x1171</run_address>
         <size>0x2c</size>
         <input_file_ref idref="fl-36"/>
      </object_component>
      <object_component id="oc-1e5">
         <name>.debug_info</name>
         <load_address>0x119d</load_address>
         <run_address>0x119d</run_address>
         <size>0x2c</size>
         <input_file_ref idref="fl-36"/>
      </object_component>
      <object_component id="oc-217">
         <name>.debug_info</name>
         <load_address>0x11c9</load_address>
         <run_address>0x11c9</run_address>
         <size>0xcd</size>
         <input_file_ref idref="fl-36"/>
      </object_component>
      <object_component id="oc-130">
         <name>.debug_info</name>
         <load_address>0x1296</load_address>
         <run_address>0x1296</run_address>
         <size>0x2c</size>
         <input_file_ref idref="fl-37"/>
      </object_component>
      <object_component id="oc-14d">
         <name>.debug_info</name>
         <load_address>0x12c2</load_address>
         <run_address>0x12c2</run_address>
         <size>0x153</size>
         <input_file_ref idref="fl-3a"/>
      </object_component>
      <object_component id="oc-1d6">
         <name>.debug_info</name>
         <load_address>0x1415</load_address>
         <run_address>0x1415</run_address>
         <size>0x150</size>
         <input_file_ref idref="fl-3b"/>
      </object_component>
      <object_component id="oc-db">
         <name>.debug_info</name>
         <load_address>0x1565</load_address>
         <run_address>0x1565</run_address>
         <size>0x180</size>
         <input_file_ref idref="fl-3c"/>
      </object_component>
      <object_component id="oc-3b">
         <name>.debug_info</name>
         <load_address>0x16e5</load_address>
         <run_address>0x16e5</run_address>
         <size>0x1ea</size>
         <input_file_ref idref="fl-3c"/>
      </object_component>
      <object_component id="oc-d6">
         <name>.debug_info</name>
         <load_address>0x18cf</load_address>
         <run_address>0x18cf</run_address>
         <size>0x46</size>
         <input_file_ref idref="fl-3c"/>
      </object_component>
      <object_component id="oc-135">
         <name>.debug_info</name>
         <load_address>0x1915</load_address>
         <run_address>0x1915</run_address>
         <size>0x2c</size>
         <input_file_ref idref="fl-3c"/>
      </object_component>
      <object_component id="oc-12d">
         <name>.debug_info</name>
         <load_address>0x1941</load_address>
         <run_address>0x1941</run_address>
         <size>0x176</size>
         <input_file_ref idref="fl-3d"/>
      </object_component>
      <object_component id="oc-35">
         <name>.debug_info</name>
         <load_address>0x1ab7</load_address>
         <run_address>0x1ab7</run_address>
         <size>0x292</size>
         <input_file_ref idref="fl-3d"/>
      </object_component>
      <object_component id="oc-c5">
         <name>.debug_info</name>
         <load_address>0x1d49</load_address>
         <run_address>0x1d49</run_address>
         <size>0x60</size>
         <input_file_ref idref="fl-3d"/>
      </object_component>
      <object_component id="oc-16e">
         <name>.debug_info</name>
         <load_address>0x1da9</load_address>
         <run_address>0x1da9</run_address>
         <size>0x46</size>
         <input_file_ref idref="fl-3d"/>
      </object_component>
      <object_component id="oc-128">
         <name>.debug_info</name>
         <load_address>0x1def</load_address>
         <run_address>0x1def</run_address>
         <size>0x39</size>
         <input_file_ref idref="fl-3d"/>
      </object_component>
      <object_component id="oc-180">
         <name>.debug_info</name>
         <load_address>0x1e28</load_address>
         <run_address>0x1e28</run_address>
         <size>0x122</size>
         <input_file_ref idref="fl-3e"/>
      </object_component>
      <object_component id="oc-12f">
         <name>.debug_info</name>
         <load_address>0x1f4a</load_address>
         <run_address>0x1f4a</run_address>
         <size>0x181</size>
         <input_file_ref idref="fl-41"/>
      </object_component>
      <object_component id="oc-d3">
         <name>.debug_info</name>
         <load_address>0x20cb</load_address>
         <run_address>0x20cb</run_address>
         <size>0x17a</size>
         <input_file_ref idref="fl-41"/>
      </object_component>
      <object_component id="oc-c0">
         <name>.debug_info</name>
         <load_address>0x2245</load_address>
         <run_address>0x2245</run_address>
         <size>0x12e</size>
         <input_file_ref idref="fl-42"/>
      </object_component>
      <object_component id="oc-b7">
         <name>.debug_info</name>
         <load_address>0x2373</load_address>
         <run_address>0x2373</run_address>
         <size>0x120</size>
         <input_file_ref idref="fl-43"/>
      </object_component>
      <object_component id="oc-bb">
         <name>.debug_info</name>
         <load_address>0x2493</load_address>
         <run_address>0x2493</run_address>
         <size>0x120</size>
         <input_file_ref idref="fl-44"/>
      </object_component>
      <object_component id="oc-278">
         <name>.debug_info</name>
         <load_address>0x25b3</load_address>
         <run_address>0x25b3</run_address>
         <size>0xa5</size>
      </object_component>
      <object_component id="oc-156">
         <name>.debug_line</name>
         <load_address>0x0</load_address>
         <run_address>0x0</run_address>
         <size>0x41</size>
         <input_file_ref idref="fl-2"/>
      </object_component>
      <object_component id="oc-cd">
         <name>.debug_line</name>
         <load_address>0x41</load_address>
         <run_address>0x41</run_address>
         <size>0x20</size>
         <input_file_ref idref="fl-2"/>
      </object_component>
      <object_component id="oc-1f5">
         <name>.debug_line</name>
         <load_address>0x61</load_address>
         <run_address>0x61</run_address>
         <size>0x66</size>
         <input_file_ref idref="fl-a"/>
      </object_component>
      <object_component id="oc-1bf">
         <name>.debug_line</name>
         <load_address>0xc7</load_address>
         <run_address>0xc7</run_address>
         <size>0x40</size>
         <input_file_ref idref="fl-a"/>
      </object_component>
      <object_component id="oc-141">
         <name>.debug_line</name>
         <load_address>0x107</load_address>
         <run_address>0x107</run_address>
         <size>0x55</size>
         <input_file_ref idref="fl-a"/>
      </object_component>
      <object_component id="oc-e5">
         <name>.debug_line</name>
         <load_address>0x15c</load_address>
         <run_address>0x15c</run_address>
         <size>0x56</size>
         <input_file_ref idref="fl-a"/>
      </object_component>
      <object_component id="oc-1f9">
         <name>.debug_line</name>
         <load_address>0x1b2</load_address>
         <run_address>0x1b2</run_address>
         <size>0x54</size>
         <input_file_ref idref="fl-a"/>
      </object_component>
      <object_component id="oc-e0">
         <name>.debug_line</name>
         <load_address>0x206</load_address>
         <run_address>0x206</run_address>
         <size>0x3d</size>
         <input_file_ref idref="fl-34"/>
      </object_component>
      <object_component id="oc-124">
         <name>.debug_line</name>
         <load_address>0x243</load_address>
         <run_address>0x243</run_address>
         <size>0x2a</size>
         <input_file_ref idref="fl-35"/>
      </object_component>
      <object_component id="oc-fd">
         <name>.debug_line</name>
         <load_address>0x26d</load_address>
         <run_address>0x26d</run_address>
         <size>0x46</size>
         <input_file_ref idref="fl-35"/>
      </object_component>
      <object_component id="oc-211">
         <name>.debug_line</name>
         <load_address>0x2b3</load_address>
         <run_address>0x2b3</run_address>
         <size>0xbf</size>
         <input_file_ref idref="fl-36"/>
      </object_component>
      <object_component id="oc-190">
         <name>.debug_line</name>
         <load_address>0x372</load_address>
         <run_address>0x372</run_address>
         <size>0x76</size>
         <input_file_ref idref="fl-36"/>
      </object_component>
      <object_component id="oc-215">
         <name>.debug_line</name>
         <load_address>0x3e8</load_address>
         <run_address>0x3e8</run_address>
         <size>0x2e</size>
         <input_file_ref idref="fl-36"/>
      </object_component>
      <object_component id="oc-226">
         <name>.debug_line</name>
         <load_address>0x416</load_address>
         <run_address>0x416</run_address>
         <size>0x9a</size>
         <input_file_ref idref="fl-36"/>
      </object_component>
      <object_component id="oc-1e8">
         <name>.debug_line</name>
         <load_address>0x4b0</load_address>
         <run_address>0x4b0</run_address>
         <size>0x97</size>
         <input_file_ref idref="fl-36"/>
      </object_component>
      <object_component id="oc-21a">
         <name>.debug_line</name>
         <load_address>0x547</load_address>
         <run_address>0x547</run_address>
         <size>0x93</size>
         <input_file_ref idref="fl-36"/>
      </object_component>
      <object_component id="oc-133">
         <name>.debug_line</name>
         <load_address>0x5da</load_address>
         <run_address>0x5da</run_address>
         <size>0x92</size>
         <input_file_ref idref="fl-37"/>
      </object_component>
      <object_component id="oc-150">
         <name>.debug_line</name>
         <load_address>0x66c</load_address>
         <run_address>0x66c</run_address>
         <size>0x3e</size>
         <input_file_ref idref="fl-3a"/>
      </object_component>
      <object_component id="oc-1d5">
         <name>.debug_line</name>
         <load_address>0x6aa</load_address>
         <run_address>0x6aa</run_address>
         <size>0x3a</size>
         <input_file_ref idref="fl-3b"/>
      </object_component>
      <object_component id="oc-13b">
         <name>.debug_line</name>
         <load_address>0x6e4</load_address>
         <run_address>0x6e4</run_address>
         <size>0x20</size>
         <input_file_ref idref="fl-3c"/>
      </object_component>
      <object_component id="oc-3e">
         <name>.debug_line</name>
         <load_address>0x704</load_address>
         <run_address>0x704</run_address>
         <size>0x50</size>
         <input_file_ref idref="fl-3c"/>
      </object_component>
      <object_component id="oc-d9">
         <name>.debug_line</name>
         <load_address>0x754</load_address>
         <run_address>0x754</run_address>
         <size>0x3a</size>
         <input_file_ref idref="fl-3c"/>
      </object_component>
      <object_component id="oc-138">
         <name>.debug_line</name>
         <load_address>0x78e</load_address>
         <run_address>0x78e</run_address>
         <size>0x92</size>
         <input_file_ref idref="fl-3c"/>
      </object_component>
      <object_component id="oc-174">
         <name>.debug_line</name>
         <load_address>0x820</load_address>
         <run_address>0x820</run_address>
         <size>0x20</size>
         <input_file_ref idref="fl-3d"/>
      </object_component>
      <object_component id="oc-38">
         <name>.debug_line</name>
         <load_address>0x840</load_address>
         <run_address>0x840</run_address>
         <size>0x92</size>
         <input_file_ref idref="fl-3d"/>
      </object_component>
      <object_component id="oc-c8">
         <name>.debug_line</name>
         <load_address>0x8d2</load_address>
         <run_address>0x8d2</run_address>
         <size>0x3a</size>
         <input_file_ref idref="fl-3d"/>
      </object_component>
      <object_component id="oc-171">
         <name>.debug_line</name>
         <load_address>0x90c</load_address>
         <run_address>0x90c</run_address>
         <size>0x9a</size>
         <input_file_ref idref="fl-3d"/>
      </object_component>
      <object_component id="oc-12b">
         <name>.debug_line</name>
         <load_address>0x9a6</load_address>
         <run_address>0x9a6</run_address>
         <size>0x96</size>
         <input_file_ref idref="fl-3d"/>
      </object_component>
      <object_component id="oc-183">
         <name>.debug_line</name>
         <load_address>0xa3c</load_address>
         <run_address>0xa3c</run_address>
         <size>0x3d</size>
         <input_file_ref idref="fl-3e"/>
      </object_component>
      <object_component id="oc-176">
         <name>.debug_line</name>
         <load_address>0xa79</load_address>
         <run_address>0xa79</run_address>
         <size>0x20</size>
         <input_file_ref idref="fl-41"/>
      </object_component>
      <object_component id="oc-d2">
         <name>.debug_line</name>
         <load_address>0xa99</load_address>
         <run_address>0xa99</run_address>
         <size>0x42</size>
         <input_file_ref idref="fl-41"/>
      </object_component>
      <object_component id="oc-c3">
         <name>.debug_line</name>
         <load_address>0xadb</load_address>
         <run_address>0xadb</run_address>
         <size>0x40</size>
         <input_file_ref idref="fl-42"/>
      </object_component>
      <object_component id="oc-b9">
         <name>.debug_line</name>
         <load_address>0xb1b</load_address>
         <run_address>0xb1b</run_address>
         <size>0x4e</size>
         <input_file_ref idref="fl-43"/>
      </object_component>
      <object_component id="oc-be">
         <name>.debug_line</name>
         <load_address>0xb69</load_address>
         <run_address>0xb69</run_address>
         <size>0x5e</size>
         <input_file_ref idref="fl-44"/>
      </object_component>
      <object_component id="oc-157">
         <name>.debug_frame</name>
         <load_address>0x0</load_address>
         <run_address>0x0</run_address>
         <size>0x3c</size>
         <input_file_ref idref="fl-2"/>
      </object_component>
      <object_component id="oc-142">
         <name>.debug_frame</name>
         <load_address>0x3c</load_address>
         <run_address>0x3c</run_address>
         <size>0x3c</size>
         <input_file_ref idref="fl-a"/>
      </object_component>
      <object_component id="oc-e6">
         <name>.debug_frame</name>
         <load_address>0x78</load_address>
         <run_address>0x78</run_address>
         <size>0x64</size>
         <input_file_ref idref="fl-a"/>
      </object_component>
      <object_component id="oc-fe">
         <name>.debug_frame</name>
         <load_address>0xdc</load_address>
         <run_address>0xdc</run_address>
         <size>0x34</size>
         <input_file_ref idref="fl-35"/>
      </object_component>
      <object_component id="oc-18c">
         <name>.debug_frame</name>
         <load_address>0x110</load_address>
         <run_address>0x110</run_address>
         <size>0x44</size>
         <input_file_ref idref="fl-36"/>
      </object_component>
      <object_component id="oc-151">
         <name>.debug_frame</name>
         <load_address>0x154</load_address>
         <run_address>0x154</run_address>
         <size>0x3c</size>
         <input_file_ref idref="fl-3a"/>
      </object_component>
      <object_component id="oc-1d8">
         <name>.debug_frame</name>
         <load_address>0x190</load_address>
         <run_address>0x190</run_address>
         <size>0x3c</size>
         <input_file_ref idref="fl-3b"/>
      </object_component>
      <object_component id="oc-3f">
         <name>.debug_frame</name>
         <load_address>0x1cc</load_address>
         <run_address>0x1cc</run_address>
         <size>0x3c</size>
         <input_file_ref idref="fl-3c"/>
      </object_component>
      <object_component id="oc-39">
         <name>.debug_frame</name>
         <load_address>0x208</load_address>
         <run_address>0x208</run_address>
         <size>0x48</size>
         <input_file_ref idref="fl-3d"/>
      </object_component>
      <object_component id="oc-184">
         <name>.debug_frame</name>
         <load_address>0x250</load_address>
         <run_address>0x250</run_address>
         <size>0x3c</size>
         <input_file_ref idref="fl-3e"/>
      </object_component>
      <object_component id="oc-d1">
         <name>.debug_frame</name>
         <load_address>0x28c</load_address>
         <run_address>0x28c</run_address>
         <size>0x3c</size>
         <input_file_ref idref="fl-41"/>
      </object_component>
      <object_component id="oc-17e">
         <name>.debug_abbrev</name>
         <load_address>0x0</load_address>
         <run_address>0x0</run_address>
         <size>0x52</size>
         <input_file_ref idref="fl-2"/>
      </object_component>
      <object_component id="oc-cc">
         <name>.debug_abbrev</name>
         <load_address>0x52</load_address>
         <run_address>0x52</run_address>
         <size>0x1f</size>
         <input_file_ref idref="fl-2"/>
      </object_component>
      <object_component id="oc-1f4">
         <name>.debug_abbrev</name>
         <load_address>0x71</load_address>
         <run_address>0x71</run_address>
         <size>0x4b</size>
         <input_file_ref idref="fl-a"/>
      </object_component>
      <object_component id="oc-1be">
         <name>.debug_abbrev</name>
         <load_address>0xbc</load_address>
         <run_address>0xbc</run_address>
         <size>0x29</size>
         <input_file_ref idref="fl-a"/>
      </object_component>
      <object_component id="oc-17a">
         <name>.debug_abbrev</name>
         <load_address>0xe5</load_address>
         <run_address>0xe5</run_address>
         <size>0x50</size>
         <input_file_ref idref="fl-a"/>
      </object_component>
      <object_component id="oc-143">
         <name>.debug_abbrev</name>
         <load_address>0x135</load_address>
         <run_address>0x135</run_address>
         <size>0x61</size>
         <input_file_ref idref="fl-a"/>
      </object_component>
      <object_component id="oc-1f8">
         <name>.debug_abbrev</name>
         <load_address>0x196</load_address>
         <run_address>0x196</run_address>
         <size>0x44</size>
         <input_file_ref idref="fl-a"/>
      </object_component>
      <object_component id="oc-13c">
         <name>.debug_abbrev</name>
         <load_address>0x1da</load_address>
         <run_address>0x1da</run_address>
         <size>0x28</size>
         <input_file_ref idref="fl-34"/>
      </object_component>
      <object_component id="oc-123">
         <name>.debug_abbrev</name>
         <load_address>0x202</load_address>
         <run_address>0x202</run_address>
         <size>0x29</size>
         <input_file_ref idref="fl-35"/>
      </object_component>
      <object_component id="oc-15b">
         <name>.debug_abbrev</name>
         <load_address>0x22b</load_address>
         <run_address>0x22b</run_address>
         <size>0x58</size>
         <input_file_ref idref="fl-35"/>
      </object_component>
      <object_component id="oc-210">
         <name>.debug_abbrev</name>
         <load_address>0x283</load_address>
         <run_address>0x283</run_address>
         <size>0xc0</size>
         <input_file_ref idref="fl-36"/>
      </object_component>
      <object_component id="oc-1d9">
         <name>.debug_abbrev</name>
         <load_address>0x343</load_address>
         <run_address>0x343</run_address>
         <size>0x7e</size>
         <input_file_ref idref="fl-36"/>
      </object_component>
      <object_component id="oc-214">
         <name>.debug_abbrev</name>
         <load_address>0x3c1</load_address>
         <run_address>0x3c1</run_address>
         <size>0x24</size>
         <input_file_ref idref="fl-36"/>
      </object_component>
      <object_component id="oc-225">
         <name>.debug_abbrev</name>
         <load_address>0x3e5</load_address>
         <run_address>0x3e5</run_address>
         <size>0x24</size>
         <input_file_ref idref="fl-36"/>
      </object_component>
      <object_component id="oc-1e7">
         <name>.debug_abbrev</name>
         <load_address>0x409</load_address>
         <run_address>0x409</run_address>
         <size>0x24</size>
         <input_file_ref idref="fl-36"/>
      </object_component>
      <object_component id="oc-219">
         <name>.debug_abbrev</name>
         <load_address>0x42d</load_address>
         <run_address>0x42d</run_address>
         <size>0x4b</size>
         <input_file_ref idref="fl-36"/>
      </object_component>
      <object_component id="oc-132">
         <name>.debug_abbrev</name>
         <load_address>0x478</load_address>
         <run_address>0x478</run_address>
         <size>0x24</size>
         <input_file_ref idref="fl-37"/>
      </object_component>
      <object_component id="oc-17d">
         <name>.debug_abbrev</name>
         <load_address>0x49c</load_address>
         <run_address>0x49c</run_address>
         <size>0x55</size>
         <input_file_ref idref="fl-3a"/>
      </object_component>
      <object_component id="oc-20f">
         <name>.debug_abbrev</name>
         <load_address>0x4f1</load_address>
         <run_address>0x4f1</run_address>
         <size>0x53</size>
         <input_file_ref idref="fl-3b"/>
      </object_component>
      <object_component id="oc-13a">
         <name>.debug_abbrev</name>
         <load_address>0x544</load_address>
         <run_address>0x544</run_address>
         <size>0x37</size>
         <input_file_ref idref="fl-3c"/>
      </object_component>
      <object_component id="oc-d5">
         <name>.debug_abbrev</name>
         <load_address>0x57b</load_address>
         <run_address>0x57b</run_address>
         <size>0x74</size>
         <input_file_ref idref="fl-3c"/>
      </object_component>
      <object_component id="oc-d8">
         <name>.debug_abbrev</name>
         <load_address>0x5ef</load_address>
         <run_address>0x5ef</run_address>
         <size>0x24</size>
         <input_file_ref idref="fl-3c"/>
      </object_component>
      <object_component id="oc-137">
         <name>.debug_abbrev</name>
         <load_address>0x613</load_address>
         <run_address>0x613</run_address>
         <size>0x24</size>
         <input_file_ref idref="fl-3c"/>
      </object_component>
      <object_component id="oc-173">
         <name>.debug_abbrev</name>
         <load_address>0x637</load_address>
         <run_address>0x637</run_address>
         <size>0x37</size>
         <input_file_ref idref="fl-3d"/>
      </object_component>
      <object_component id="oc-c4">
         <name>.debug_abbrev</name>
         <load_address>0x66e</load_address>
         <run_address>0x66e</run_address>
         <size>0x7d</size>
         <input_file_ref idref="fl-3d"/>
      </object_component>
      <object_component id="oc-c7">
         <name>.debug_abbrev</name>
         <load_address>0x6eb</load_address>
         <run_address>0x6eb</run_address>
         <size>0x24</size>
         <input_file_ref idref="fl-3d"/>
      </object_component>
      <object_component id="oc-170">
         <name>.debug_abbrev</name>
         <load_address>0x70f</load_address>
         <run_address>0x70f</run_address>
         <size>0x35</size>
         <input_file_ref idref="fl-3d"/>
      </object_component>
      <object_component id="oc-12a">
         <name>.debug_abbrev</name>
         <load_address>0x744</load_address>
         <run_address>0x744</run_address>
         <size>0x24</size>
         <input_file_ref idref="fl-3d"/>
      </object_component>
      <object_component id="oc-1c1">
         <name>.debug_abbrev</name>
         <load_address>0x768</load_address>
         <run_address>0x768</run_address>
         <size>0x45</size>
         <input_file_ref idref="fl-3e"/>
      </object_component>
      <object_component id="oc-175">
         <name>.debug_abbrev</name>
         <load_address>0x7ad</load_address>
         <run_address>0x7ad</run_address>
         <size>0x45</size>
         <input_file_ref idref="fl-41"/>
      </object_component>
      <object_component id="oc-12e">
         <name>.debug_abbrev</name>
         <load_address>0x7f2</load_address>
         <run_address>0x7f2</run_address>
         <size>0x71</size>
         <input_file_ref idref="fl-41"/>
      </object_component>
      <object_component id="oc-127">
         <name>.debug_abbrev</name>
         <load_address>0x863</load_address>
         <run_address>0x863</run_address>
         <size>0x3a</size>
         <input_file_ref idref="fl-42"/>
      </object_component>
      <object_component id="oc-125">
         <name>.debug_abbrev</name>
         <load_address>0x89d</load_address>
         <run_address>0x89d</run_address>
         <size>0x3c</size>
         <input_file_ref idref="fl-43"/>
      </object_component>
      <object_component id="oc-126">
         <name>.debug_abbrev</name>
         <load_address>0x8d9</load_address>
         <run_address>0x8d9</run_address>
         <size>0x3c</size>
         <input_file_ref idref="fl-44"/>
      </object_component>
      <object_component id="oc-279">
         <name>.debug_abbrev</name>
         <load_address>0x915</load_address>
         <run_address>0x915</run_address>
         <size>0xf</size>
      </object_component>
      <object_component id="oc-ce">
         <name>.debug_str</name>
         <load_address>0x0</load_address>
         <run_address>0x0</run_address>
         <size>0xff</size>
         <input_file_ref idref="fl-2"/>
      </object_component>
      <object_component id="oc-1fa">
         <name>.debug_str</name>
         <load_address>0xff</load_address>
         <run_address>0xff</run_address>
         <size>0x162</size>
         <input_file_ref idref="fl-a"/>
      </object_component>
      <object_component id="oc-216">
         <name>.debug_str</name>
         <load_address>0x261</load_address>
         <run_address>0x261</run_address>
         <size>0xed</size>
         <input_file_ref idref="fl-36"/>
      </object_component>
      <object_component id="oc-227">
         <name>.debug_str</name>
         <load_address>0x34e</load_address>
         <run_address>0x34e</run_address>
         <size>0x14c</size>
         <input_file_ref idref="fl-36"/>
      </object_component>
      <object_component id="oc-1e9">
         <name>.debug_str</name>
         <load_address>0x49a</load_address>
         <run_address>0x49a</run_address>
         <size>0x147</size>
         <input_file_ref idref="fl-36"/>
      </object_component>
      <object_component id="oc-21b">
         <name>.debug_str</name>
         <load_address>0x5e1</load_address>
         <run_address>0x5e1</run_address>
         <size>0x197</size>
         <input_file_ref idref="fl-36"/>
      </object_component>
      <object_component id="oc-134">
         <name>.debug_str</name>
         <load_address>0x778</load_address>
         <run_address>0x778</run_address>
         <size>0x140</size>
         <input_file_ref idref="fl-37"/>
      </object_component>
      <object_component id="oc-da">
         <name>.debug_str</name>
         <load_address>0x8b8</load_address>
         <run_address>0x8b8</run_address>
         <size>0x10b</size>
         <input_file_ref idref="fl-3c"/>
      </object_component>
      <object_component id="oc-139">
         <name>.debug_str</name>
         <load_address>0x9c3</load_address>
         <run_address>0x9c3</run_address>
         <size>0x140</size>
         <input_file_ref idref="fl-3c"/>
      </object_component>
      <object_component id="oc-c9">
         <name>.debug_str</name>
         <load_address>0xb03</load_address>
         <run_address>0xb03</run_address>
         <size>0x118</size>
         <input_file_ref idref="fl-3d"/>
      </object_component>
      <object_component id="oc-172">
         <name>.debug_str</name>
         <load_address>0xc1b</load_address>
         <run_address>0xc1b</run_address>
         <size>0x16b</size>
         <input_file_ref idref="fl-3d"/>
      </object_component>
      <object_component id="oc-12c">
         <name>.debug_str</name>
         <load_address>0xd86</load_address>
         <run_address>0xd86</run_address>
         <size>0x158</size>
         <input_file_ref idref="fl-3d"/>
      </object_component>
      <object_component id="oc-154">
         <name>.debug_aranges</name>
         <load_address>0x0</load_address>
         <run_address>0x0</run_address>
         <size>0x20</size>
         <input_file_ref idref="fl-2"/>
      </object_component>
      <object_component id="oc-13f">
         <name>.debug_aranges</name>
         <load_address>0x20</load_address>
         <run_address>0x20</run_address>
         <size>0x20</size>
         <input_file_ref idref="fl-a"/>
      </object_component>
      <object_component id="oc-e3">
         <name>.debug_aranges</name>
         <load_address>0x40</load_address>
         <run_address>0x40</run_address>
         <size>0x20</size>
         <input_file_ref idref="fl-a"/>
      </object_component>
      <object_component id="oc-de">
         <name>.debug_aranges</name>
         <load_address>0x60</load_address>
         <run_address>0x60</run_address>
         <size>0x20</size>
         <input_file_ref idref="fl-34"/>
      </object_component>
      <object_component id="oc-fb">
         <name>.debug_aranges</name>
         <load_address>0x80</load_address>
         <run_address>0x80</run_address>
         <size>0x20</size>
         <input_file_ref idref="fl-35"/>
      </object_component>
      <object_component id="oc-18d">
         <name>.debug_aranges</name>
         <load_address>0xa0</load_address>
         <run_address>0xa0</run_address>
         <size>0x20</size>
         <input_file_ref idref="fl-36"/>
      </object_component>
      <object_component id="oc-14e">
         <name>.debug_aranges</name>
         <load_address>0xc0</load_address>
         <run_address>0xc0</run_address>
         <size>0x20</size>
         <input_file_ref idref="fl-3a"/>
      </object_component>
      <object_component id="oc-1d4">
         <name>.debug_aranges</name>
         <load_address>0xe0</load_address>
         <run_address>0xe0</run_address>
         <size>0x20</size>
         <input_file_ref idref="fl-3b"/>
      </object_component>
      <object_component id="oc-3c">
         <name>.debug_aranges</name>
         <load_address>0x100</load_address>
         <run_address>0x100</run_address>
         <size>0x20</size>
         <input_file_ref idref="fl-3c"/>
      </object_component>
      <object_component id="oc-36">
         <name>.debug_aranges</name>
         <load_address>0x120</load_address>
         <run_address>0x120</run_address>
         <size>0x20</size>
         <input_file_ref idref="fl-3d"/>
      </object_component>
      <object_component id="oc-181">
         <name>.debug_aranges</name>
         <load_address>0x140</load_address>
         <run_address>0x140</run_address>
         <size>0x20</size>
         <input_file_ref idref="fl-3e"/>
      </object_component>
      <object_component id="oc-d0">
         <name>.debug_aranges</name>
         <load_address>0x160</load_address>
         <run_address>0x160</run_address>
         <size>0x20</size>
         <input_file_ref idref="fl-41"/>
      </object_component>
      <object_component id="oc-c1">
         <name>.debug_aranges</name>
         <load_address>0x180</load_address>
         <run_address>0x180</run_address>
         <size>0x20</size>
         <input_file_ref idref="fl-42"/>
      </object_component>
      <object_component id="oc-b6">
         <name>.debug_aranges</name>
         <load_address>0x1a0</load_address>
         <run_address>0x1a0</run_address>
         <size>0x20</size>
         <input_file_ref idref="fl-43"/>
      </object_component>
      <object_component id="oc-bc">
         <name>.debug_aranges</name>
         <load_address>0x1c0</load_address>
         <run_address>0x1c0</run_address>
         <size>0x20</size>
         <input_file_ref idref="fl-44"/>
      </object_component>
      <object_component id="oc-155">
         <name>.debug_pubnames</name>
         <load_address>0x0</load_address>
         <run_address>0x0</run_address>
         <size>0x1b</size>
         <input_file_ref idref="fl-2"/>
      </object_component>
      <object_component id="oc-179">
         <name>.debug_pubnames</name>
         <load_address>0x1b</load_address>
         <run_address>0x1b</run_address>
         <size>0x29</size>
         <input_file_ref idref="fl-a"/>
      </object_component>
      <object_component id="oc-140">
         <name>.debug_pubnames</name>
         <load_address>0x44</load_address>
         <run_address>0x44</run_address>
         <size>0x2e</size>
         <input_file_ref idref="fl-a"/>
      </object_component>
      <object_component id="oc-e4">
         <name>.debug_pubnames</name>
         <load_address>0x72</load_address>
         <run_address>0x72</run_address>
         <size>0x24</size>
         <input_file_ref idref="fl-a"/>
      </object_component>
      <object_component id="oc-df">
         <name>.debug_pubnames</name>
         <load_address>0x96</load_address>
         <run_address>0x96</run_address>
         <size>0x2b</size>
         <input_file_ref idref="fl-34"/>
      </object_component>
      <object_component id="oc-b3">
         <name>.debug_pubnames</name>
         <load_address>0xc1</load_address>
         <run_address>0xc1</run_address>
         <size>0x1d</size>
         <input_file_ref idref="fl-35"/>
      </object_component>
      <object_component id="oc-fc">
         <name>.debug_pubnames</name>
         <load_address>0xde</load_address>
         <run_address>0xde</run_address>
         <size>0x26</size>
         <input_file_ref idref="fl-35"/>
      </object_component>
      <object_component id="oc-18f">
         <name>.debug_pubnames</name>
         <load_address>0x104</load_address>
         <run_address>0x104</run_address>
         <size>0x35</size>
         <input_file_ref idref="fl-36"/>
      </object_component>
      <object_component id="oc-14f">
         <name>.debug_pubnames</name>
         <load_address>0x139</load_address>
         <run_address>0x139</run_address>
         <size>0x27</size>
         <input_file_ref idref="fl-3a"/>
      </object_component>
      <object_component id="oc-1d7">
         <name>.debug_pubnames</name>
         <load_address>0x160</load_address>
         <run_address>0x160</run_address>
         <size>0x29</size>
         <input_file_ref idref="fl-3b"/>
      </object_component>
      <object_component id="oc-3d">
         <name>.debug_pubnames</name>
         <load_address>0x189</load_address>
         <run_address>0x189</run_address>
         <size>0x2b</size>
         <input_file_ref idref="fl-3c"/>
      </object_component>
      <object_component id="oc-37">
         <name>.debug_pubnames</name>
         <load_address>0x1b4</load_address>
         <run_address>0x1b4</run_address>
         <size>0x2b</size>
         <input_file_ref idref="fl-3d"/>
      </object_component>
      <object_component id="oc-182">
         <name>.debug_pubnames</name>
         <load_address>0x1df</load_address>
         <run_address>0x1df</run_address>
         <size>0x1c</size>
         <input_file_ref idref="fl-3e"/>
      </object_component>
      <object_component id="oc-d4">
         <name>.debug_pubnames</name>
         <load_address>0x1fb</load_address>
         <run_address>0x1fb</run_address>
         <size>0x1d</size>
         <input_file_ref idref="fl-41"/>
      </object_component>
      <object_component id="oc-c2">
         <name>.debug_pubnames</name>
         <load_address>0x218</load_address>
         <run_address>0x218</run_address>
         <size>0x2b</size>
         <input_file_ref idref="fl-42"/>
      </object_component>
      <object_component id="oc-b8">
         <name>.debug_pubnames</name>
         <load_address>0x243</load_address>
         <run_address>0x243</run_address>
         <size>0x24</size>
         <input_file_ref idref="fl-43"/>
      </object_component>
      <object_component id="oc-bd">
         <name>.debug_pubnames</name>
         <load_address>0x267</load_address>
         <run_address>0x267</run_address>
         <size>0x24</size>
         <input_file_ref idref="fl-44"/>
      </object_component>
      <object_component id="oc-cb">
         <name>.debug_pubtypes</name>
         <load_address>0x0</load_address>
         <run_address>0x0</run_address>
         <size>0xed</size>
         <input_file_ref idref="fl-2"/>
      </object_component>
      <object_component id="oc-1f7">
         <name>.debug_pubtypes</name>
         <load_address>0xed</load_address>
         <run_address>0xed</run_address>
         <size>0x96</size>
         <input_file_ref idref="fl-a"/>
      </object_component>
      <object_component id="oc-213">
         <name>.debug_pubtypes</name>
         <load_address>0x183</load_address>
         <run_address>0x183</run_address>
         <size>0x32</size>
         <input_file_ref idref="fl-36"/>
      </object_component>
      <object_component id="oc-224">
         <name>.debug_pubtypes</name>
         <load_address>0x1b5</load_address>
         <run_address>0x1b5</run_address>
         <size>0x21</size>
         <input_file_ref idref="fl-36"/>
      </object_component>
      <object_component id="oc-1e6">
         <name>.debug_pubtypes</name>
         <load_address>0x1d6</load_address>
         <run_address>0x1d6</run_address>
         <size>0x1f</size>
         <input_file_ref idref="fl-36"/>
      </object_component>
      <object_component id="oc-218">
         <name>.debug_pubtypes</name>
         <load_address>0x1f5</load_address>
         <run_address>0x1f5</run_address>
         <size>0x50</size>
         <input_file_ref idref="fl-36"/>
      </object_component>
      <object_component id="oc-131">
         <name>.debug_pubtypes</name>
         <load_address>0x245</load_address>
         <run_address>0x245</run_address>
         <size>0x1d</size>
         <input_file_ref idref="fl-37"/>
      </object_component>
      <object_component id="oc-d7">
         <name>.debug_pubtypes</name>
         <load_address>0x262</load_address>
         <run_address>0x262</run_address>
         <size>0x48</size>
         <input_file_ref idref="fl-3c"/>
      </object_component>
      <object_component id="oc-136">
         <name>.debug_pubtypes</name>
         <load_address>0x2aa</load_address>
         <run_address>0x2aa</run_address>
         <size>0x1d</size>
         <input_file_ref idref="fl-3c"/>
      </object_component>
      <object_component id="oc-c6">
         <name>.debug_pubtypes</name>
         <load_address>0x2c7</load_address>
         <run_address>0x2c7</run_address>
         <size>0x5d</size>
         <input_file_ref idref="fl-3d"/>
      </object_component>
      <object_component id="oc-16f">
         <name>.debug_pubtypes</name>
         <load_address>0x324</load_address>
         <run_address>0x324</run_address>
         <size>0x48</size>
         <input_file_ref idref="fl-3d"/>
      </object_component>
      <object_component id="oc-129">
         <name>.debug_pubtypes</name>
         <load_address>0x36c</load_address>
         <run_address>0x36c</run_address>
         <size>0x35</size>
         <input_file_ref idref="fl-3d"/>
      </object_component>
   </object_component_list>
   <logical_group_list>
      <logical_group id="lg-2" display="no" color="cyan">
         <name>.bss</name>
         <run_address>0x0</run_address>
         <size>0x0</size>
         <contents>
         </contents>
      </logical_group>
      <logical_group id="lg-3" display="no" color="cyan">
         <name>.data</name>
         <run_address>0x200</run_address>
         <size>0x6</size>
         <contents>
            <object_component_ref idref="oc-177"/>
         </contents>
      </logical_group>
      <logical_group id="lg-4" display="no" color="cyan">
         <name>.TI.noinit</name>
         <run_address>0x0</run_address>
         <size>0x0</size>
         <contents>
         </contents>
      </logical_group>
      <logical_group id="lg-5" display="no" color="cyan">
         <name>.sysmem</name>
         <run_address>0x0</run_address>
         <size>0x0</size>
         <contents>
         </contents>
      </logical_group>
      <logical_group id="lg-6" display="no" color="cyan">
         <name>.stack</name>
         <run_address>0x3b0</run_address>
         <size>0x50</size>
         <contents>
            <object_component_ref idref="oc-b1"/>
            <object_component_ref idref="oc-277"/>
         </contents>
      </logical_group>
      <logical_group id="lg-7" display="no" color="cyan">
         <name>.text</name>
         <load_address>0xc000</load_address>
         <run_address>0xc000</run_address>
         <size>0x1c8</size>
         <contents>
            <object_component_ref idref="oc-34"/>
            <object_component_ref idref="oc-ba"/>
            <object_component_ref idref="oc-18b"/>
            <object_component_ref idref="oc-b5"/>
            <object_component_ref idref="oc-f9"/>
            <object_component_ref idref="oc-e1"/>
            <object_component_ref idref="oc-3a"/>
            <object_component_ref idref="oc-cf"/>
            <object_component_ref idref="oc-bf"/>
            <object_component_ref idref="oc-152"/>
            <object_component_ref idref="oc-13d"/>
            <object_component_ref idref="oc-dc"/>
            <object_component_ref idref="oc-17f"/>
            <object_component_ref idref="oc-14c"/>
            <object_component_ref idref="oc-1d3"/>
         </contents>
      </logical_group>
      <logical_group id="lg-8" display="no" color="cyan">
         <name>.cinit</name>
         <load_address>0xc1c8</load_address>
         <run_address>0xc1c8</run_address>
         <size>0x12</size>
         <contents>
            <object_component_ref idref="oc-276"/>
            <object_component_ref idref="oc-274"/>
            <object_component_ref idref="oc-275"/>
         </contents>
      </logical_group>
      <logical_group id="lg-9" display="no" color="cyan">
         <name>.const</name>
         <run_address>0x0</run_address>
         <size>0x0</size>
         <contents>
         </contents>
      </logical_group>
      <logical_group id="lg-a" display="no" color="cyan">
         <name>.bslsignature</name>
         <run_address>0x0</run_address>
         <size>0x0</size>
         <contents>
         </contents>
      </logical_group>
      <logical_group id="lg-b" display="no" color="cyan">
         <name>.cio</name>
         <run_address>0x0</run_address>
         <size>0x0</size>
         <contents>
         </contents>
      </logical_group>
      <logical_group id="lg-c" display="no" color="cyan">
         <name>.pinit</name>
         <run_address>0x0</run_address>
         <size>0x0</size>
         <contents>
         </contents>
      </logical_group>
      <logical_group id="lg-d" display="no" color="cyan">
         <name>.binit</name>
         <load_address>0xc000</load_address>
         <run_address>0xc000</run_address>
         <size>0x0</size>
         <contents>
            <object_component_ref idref="oc-236"/>
         </contents>
      </logical_group>
      <logical_group id="lg-e" display="no" color="cyan">
         <name>.init_array</name>
         <run_address>0x0</run_address>
         <size>0x0</size>
         <contents>
         </contents>
      </logical_group>
      <logical_group id="lg-f" display="no" color="cyan">
         <name>.mspabi.exidx</name>
         <run_address>0x0</run_address>
         <size>0x0</size>
         <contents>
         </contents>
      </logical_group>
      <logical_group id="lg-10" display="no" color="cyan">
         <name>.mspabi.extab</name>
         <run_address>0x0</run_address>
         <size>0x0</size>
         <contents>
         </contents>
      </logical_group>
      <logical_group id="lg-11" display="no" color="cyan">
         <name>.TI.ramfunc</name>
         <run_address>0x0</run_address>
         <size>0x0</size>
         <contents>
         </contents>
      </logical_group>
      <logical_group id="lg-12" display="no" color="cyan">
         <name>.infoA</name>
         <run_address>0x0</run_address>
         <size>0x0</size>
         <contents>
         </contents>
      </logical_group>
      <logical_group id="lg-13" display="no" color="cyan">
         <name>.infoB</name>
         <run_address>0x0</run_address>
         <size>0x0</size>
         <contents>
         </contents>
      </logical_group>
      <logical_group id="lg-14" display="no" color="cyan">
         <name>.infoC</name>
         <run_address>0x0</run_address>
         <size>0x0</size>
         <contents>
         </contents>
      </logical_group>
      <logical_group id="lg-15" display="no" color="cyan">
         <name>.infoD</name>
         <run_address>0x0</run_address>
         <size>0x0</size>
         <contents>
         </contents>
      </logical_group>
      <logical_group id="lg-16" display="no" color="cyan">
         <name>TRAPINT</name>
         <load_address>0xffe0</load_address>
         <run_address>0xffe0</run_address>
         <size>0x2</size>
         <contents>
            <object_component_ref idref="oc-40"/>
         </contents>
      </logical_group>
      <logical_group id="lg-18" display="no" color="cyan">
         <name>.int01</name>
         <run_address>0x0</run_address>
         <size>0x0</size>
         <contents>
         </contents>
      </logical_group>
      <logical_group id="lg-19" display="no" color="cyan">
         <name>PORT1</name>
         <load_address>0xffe4</load_address>
         <run_address>0xffe4</run_address>
         <size>0x2</size>
         <contents>
            <object_component_ref idref="oc-41"/>
         </contents>
      </logical_group>
      <logical_group id="lg-1b" display="no" color="cyan">
         <name>PORT2</name>
         <load_address>0xffe6</load_address>
         <run_address>0xffe6</run_address>
         <size>0x2</size>
         <contents>
            <object_component_ref idref="oc-42"/>
         </contents>
      </logical_group>
      <logical_group id="lg-1d" display="no" color="cyan">
         <name>.int04</name>
         <run_address>0x0</run_address>
         <size>0x0</size>
         <contents>
         </contents>
      </logical_group>
      <logical_group id="lg-1e" display="no" color="cyan">
         <name>ADC10</name>
         <load_address>0xffea</load_address>
         <run_address>0xffea</run_address>
         <size>0x2</size>
         <contents>
            <object_component_ref idref="oc-43"/>
         </contents>
      </logical_group>
      <logical_group id="lg-20" display="no" color="cyan">
         <name>USCIAB0TX</name>
         <load_address>0xffec</load_address>
         <run_address>0xffec</run_address>
         <size>0x2</size>
         <contents>
            <object_component_ref idref="oc-44"/>
         </contents>
      </logical_group>
      <logical_group id="lg-22" display="no" color="cyan">
         <name>USCIAB0RX</name>
         <load_address>0xffee</load_address>
         <run_address>0xffee</run_address>
         <size>0x2</size>
         <contents>
            <object_component_ref idref="oc-45"/>
         </contents>
      </logical_group>
      <logical_group id="lg-24" display="no" color="cyan">
         <name>TIMER0_A1</name>
         <load_address>0xfff0</load_address>
         <run_address>0xfff0</run_address>
         <size>0x2</size>
         <contents>
            <object_component_ref idref="oc-46"/>
         </contents>
      </logical_group>
      <logical_group id="lg-26" display="no" color="cyan">
         <name>TIMER0_A0</name>
         <load_address>0xfff2</load_address>
         <run_address>0xfff2</run_address>
         <size>0x2</size>
         <contents>
            <object_component_ref idref="oc-47"/>
         </contents>
      </logical_group>
      <logical_group id="lg-28" display="no" color="cyan">
         <name>WDT</name>
         <load_address>0xfff4</load_address>
         <run_address>0xfff4</run_address>
         <size>0x2</size>
         <contents>
            <object_component_ref idref="oc-48"/>
         </contents>
      </logical_group>
      <logical_group id="lg-2a" display="no" color="cyan">
         <name>COMPARATORA</name>
         <load_address>0xfff6</load_address>
         <run_address>0xfff6</run_address>
         <size>0x2</size>
         <contents>
            <object_component_ref idref="oc-49"/>
         </contents>
      </logical_group>
      <logical_group id="lg-2c" display="no" color="cyan">
         <name>TIMER1_A1</name>
         <load_address>0xfff8</load_address>
         <run_address>0xfff8</run_address>
         <size>0x2</size>
         <contents>
            <object_component_ref idref="oc-4a"/>
         </contents>
      </logical_group>
      <logical_group id="lg-2e" display="no" color="cyan">
         <name>TIMER1_A0</name>
         <load_address>0xfffa</load_address>
         <run_address>0xfffa</run_address>
         <size>0x2</size>
         <contents>
            <object_component_ref idref="oc-4b"/>
         </contents>
      </logical_group>
      <logical_group id="lg-30" display="no" color="cyan">
         <name>NMI</name>
         <load_address>0xfffc</load_address>
         <run_address>0xfffc</run_address>
         <size>0x2</size>
         <contents>
            <object_component_ref idref="oc-4c"/>
         </contents>
      </logical_group>
      <logical_group id="lg-32" display="no" color="cyan">
         <name>.reset</name>
         <load_address>0xfffe</load_address>
         <run_address>0xfffe</run_address>
         <size>0x2</size>
         <contents>
            <object_component_ref idref="oc-b4"/>
         </contents>
      </logical_group>
      <logical_group id="lg-235" display="no" color="cyan">
         <name>.TI.persistent</name>
         <run_address>0x0</run_address>
         <size>0x0</size>
         <contents>
         </contents>
      </logical_group>
      <logical_group id="lg-25c" display="never" color="cyan">
         <name>.debug_info</name>
         <load_address>0x0</load_address>
         <run_address>0x0</run_address>
         <size>0x2658</size>
         <contents>
            <object_component_ref idref="oc-153"/>
            <object_component_ref idref="oc-ca"/>
            <object_component_ref idref="oc-1c0"/>
            <object_component_ref idref="oc-178"/>
            <object_component_ref idref="oc-13e"/>
            <object_component_ref idref="oc-e2"/>
            <object_component_ref idref="oc-1f6"/>
            <object_component_ref idref="oc-dd"/>
            <object_component_ref idref="oc-b2"/>
            <object_component_ref idref="oc-fa"/>
            <object_component_ref idref="oc-1da"/>
            <object_component_ref idref="oc-18e"/>
            <object_component_ref idref="oc-212"/>
            <object_component_ref idref="oc-223"/>
            <object_component_ref idref="oc-1e5"/>
            <object_component_ref idref="oc-217"/>
            <object_component_ref idref="oc-130"/>
            <object_component_ref idref="oc-14d"/>
            <object_component_ref idref="oc-1d6"/>
            <object_component_ref idref="oc-db"/>
            <object_component_ref idref="oc-3b"/>
            <object_component_ref idref="oc-d6"/>
            <object_component_ref idref="oc-135"/>
            <object_component_ref idref="oc-12d"/>
            <object_component_ref idref="oc-35"/>
            <object_component_ref idref="oc-c5"/>
            <object_component_ref idref="oc-16e"/>
            <object_component_ref idref="oc-128"/>
            <object_component_ref idref="oc-180"/>
            <object_component_ref idref="oc-12f"/>
            <object_component_ref idref="oc-d3"/>
            <object_component_ref idref="oc-c0"/>
            <object_component_ref idref="oc-b7"/>
            <object_component_ref idref="oc-bb"/>
            <object_component_ref idref="oc-278"/>
         </contents>
      </logical_group>
      <logical_group id="lg-25e" display="never" color="cyan">
         <name>.debug_line</name>
         <load_address>0x0</load_address>
         <run_address>0x0</run_address>
         <size>0xbc7</size>
         <contents>
            <object_component_ref idref="oc-156"/>
            <object_component_ref idref="oc-cd"/>
            <object_component_ref idref="oc-1f5"/>
            <object_component_ref idref="oc-1bf"/>
            <object_component_ref idref="oc-141"/>
            <object_component_ref idref="oc-e5"/>
            <object_component_ref idref="oc-1f9"/>
            <object_component_ref idref="oc-e0"/>
            <object_component_ref idref="oc-124"/>
            <object_component_ref idref="oc-fd"/>
            <object_component_ref idref="oc-211"/>
            <object_component_ref idref="oc-190"/>
            <object_component_ref idref="oc-215"/>
            <object_component_ref idref="oc-226"/>
            <object_component_ref idref="oc-1e8"/>
            <object_component_ref idref="oc-21a"/>
            <object_component_ref idref="oc-133"/>
            <object_component_ref idref="oc-150"/>
            <object_component_ref idref="oc-1d5"/>
            <object_component_ref idref="oc-13b"/>
            <object_component_ref idref="oc-3e"/>
            <object_component_ref idref="oc-d9"/>
            <object_component_ref idref="oc-138"/>
            <object_component_ref idref="oc-174"/>
            <object_component_ref idref="oc-38"/>
            <object_component_ref idref="oc-c8"/>
            <object_component_ref idref="oc-171"/>
            <object_component_ref idref="oc-12b"/>
            <object_component_ref idref="oc-183"/>
            <object_component_ref idref="oc-176"/>
            <object_component_ref idref="oc-d2"/>
            <object_component_ref idref="oc-c3"/>
            <object_component_ref idref="oc-b9"/>
            <object_component_ref idref="oc-be"/>
         </contents>
      </logical_group>
      <logical_group id="lg-260" display="never" color="cyan">
         <name>.debug_frame</name>
         <load_address>0x0</load_address>
         <run_address>0x0</run_address>
         <size>0x2c8</size>
         <contents>
            <object_component_ref idref="oc-157"/>
            <object_component_ref idref="oc-142"/>
            <object_component_ref idref="oc-e6"/>
            <object_component_ref idref="oc-fe"/>
            <object_component_ref idref="oc-18c"/>
            <object_component_ref idref="oc-151"/>
            <object_component_ref idref="oc-1d8"/>
            <object_component_ref idref="oc-3f"/>
            <object_component_ref idref="oc-39"/>
            <object_component_ref idref="oc-184"/>
            <object_component_ref idref="oc-d1"/>
         </contents>
      </logical_group>
      <logical_group id="lg-262" display="never" color="cyan">
         <name>.debug_abbrev</name>
         <load_address>0x0</load_address>
         <run_address>0x0</run_address>
         <size>0x924</size>
         <contents>
            <object_component_ref idref="oc-17e"/>
            <object_component_ref idref="oc-cc"/>
            <object_component_ref idref="oc-1f4"/>
            <object_component_ref idref="oc-1be"/>
            <object_component_ref idref="oc-17a"/>
            <object_component_ref idref="oc-143"/>
            <object_component_ref idref="oc-1f8"/>
            <object_component_ref idref="oc-13c"/>
            <object_component_ref idref="oc-123"/>
            <object_component_ref idref="oc-15b"/>
            <object_component_ref idref="oc-210"/>
            <object_component_ref idref="oc-1d9"/>
            <object_component_ref idref="oc-214"/>
            <object_component_ref idref="oc-225"/>
            <object_component_ref idref="oc-1e7"/>
            <object_component_ref idref="oc-219"/>
            <object_component_ref idref="oc-132"/>
            <object_component_ref idref="oc-17d"/>
            <object_component_ref idref="oc-20f"/>
            <object_component_ref idref="oc-13a"/>
            <object_component_ref idref="oc-d5"/>
            <object_component_ref idref="oc-d8"/>
            <object_component_ref idref="oc-137"/>
            <object_component_ref idref="oc-173"/>
            <object_component_ref idref="oc-c4"/>
            <object_component_ref idref="oc-c7"/>
            <object_component_ref idref="oc-170"/>
            <object_component_ref idref="oc-12a"/>
            <object_component_ref idref="oc-1c1"/>
            <object_component_ref idref="oc-175"/>
            <object_component_ref idref="oc-12e"/>
[...]
         <value>0x22</value>
      </symbol>
      <symbol id="sm-19">
         <name>P1IFG</name>
         <value>0x23</value>
      </symbol>
      <symbol id="sm-1a">
         <name>P1IES</name>
         <value>0x24</value>
      </symbol>
      <symbol id="sm-1b">
         <name>P1IE</name>
         <value>0x25</value>
      </symbol>
      <symbol id="sm-1c">
         <name>P1SEL</name>
         <value>0x26</value>
      </symbol>
      <symbol id="sm-1d">
         <name>P1SEL2</name>
         <value>0x41</value>
      </symbol>
      <symbol id="sm-1e">
         <name>P1REN</name>
         <value>0x27</value>
      </symbol>
      <symbol id="sm-1f">
         <name>P2IN</name>
         <value>0x28</value>
      </symbol>
      <symbol id="sm-20">
         <name>P2OUT</name>
         <value>0x29</value>
      </symbol>
      <symbol id="sm-21">
         <name>P2DIR</name>
         <value>0x2a</value>
      </symbol>
      <symbol id="sm-22">
         <name>P2IFG</name>
         <value>0x2b</value>
      </symbol>
      <symbol id="sm-23">
         <name>P2IES</name>
         <value>0x2c</value>
      </symbol>
      <symbol id="sm-24">
         <name>P2IE</name>
         <value>0x2d</value>
      </symbol>
      <symbol id="sm-25">
         <name>P2SEL</name>
         <value>0x2e</value>
      </symbol>
      <symbol id="sm-26">
         <name>P2SEL2</name>
         <value>0x42</value>
      </symbol>
      <symbol id="sm-27">
         <name>P2REN</name>
         <value>0x2f</value>
      </symbol>
      <symbol id="sm-28">
         <name>P3IN</name>
         <value>0x18</value>
      </symbol>
      <symbol id="sm-29">
         <name>P3OUT</name>
         <value>0x19</value>
      </symbol>
      <symbol id="sm-2a">
         <name>P3DIR</name>
         <value>0x1a</value>
      </symbol>
      <symbol id="sm-2b">
         <name>P3SEL</name>
         <value>0x1b</value>
      </symbol>
      <symbol id="sm-2c">
         <name>P3SEL2</name>
         <value>0x43</value>
      </symbol>
      <symbol id="sm-2d">
         <name>P3REN</name>
         <value>0x10</value>
      </symbol>
      <symbol id="sm-2e">
         <name>TA0IV</name>
         <value>0x12e</value>
      </symbol>
      <symbol id="sm-2f">
         <name>TA0CTL</name>
         <value>0x160</value>
      </symbol>
      <symbol id="sm-30">
         <name>TA0CCTL0</name>
         <value>0x162</value>
      </symbol>
      <symbol id="sm-31">
         <name>TA0CCTL1</name>
         <value>0x164</value>
      </symbol>
      <symbol id="sm-32">
         <name>TA0CCTL2</name>
         <value>0x166</value>
      </symbol>
      <symbol id="sm-33">
         <name>TA0R</name>
         <value>0x170</value>
      </symbol>
      <symbol id="sm-34">
         <name>TA0CCR0</name>
         <value>0x172</value>
      </symbol>
      <symbol id="sm-35">
         <name>TA0CCR1</name>
         <value>0x174</value>
      </symbol>
      <symbol id="sm-36">
         <name>TA0CCR2</name>
         <value>0x176</value>
      </symbol>
      <symbol id="sm-37">
         <name>TA1IV</name>
         <value>0x11e</value>
      </symbol>
      <symbol id="sm-38">
         <name>TA1CTL</name>
         <value>0x180</value>
      </symbol>
      <symbol id="sm-39">
         <name>TA1CCTL0</name>
         <value>0x182</value>
      </symbol>
      <symbol id="sm-3a">
         <name>TA1CCTL1</name>
         <value>0x184</value>
      </symbol>
      <symbol id="sm-3b">
         <name>TA1CCTL2</name>
         <value>0x186</value>
      </symbol>
      <symbol id="sm-3c">
         <name>TA1R</name>
         <value>0x190</value>
      </symbol>
      <symbol id="sm-3d">
         <name>TA1CCR0</name>
         <value>0x192</value>
      </symbol>
      <symbol id="sm-3e">
         <name>TA1CCR1</name>
         <value>0x194</value>
      </symbol>
      <symbol id="sm-3f">
         <name>TA1CCR2</name>
         <value>0x196</value>
      </symbol>
      <symbol id="sm-40">
         <name>UCA0CTL0</name>
         <value>0x60</value>
      </symbol>
      <symbol id="sm-41">
         <name>UCA0CTL1</name>
         <value>0x61</value>
      </symbol>
      <symbol id="sm-42">
         <name>UCA0BR0</name>
         <value>0x62</value>
      </symbol>
      <symbol id="sm-43">
         <name>UCA0BR1</name>
         <value>0x63</value>
      </symbol>
      <symbol id="sm-44">
         <name>UCA0MCTL</name>
         <value>0x64</value>
      </symbol>
      <symbol id="sm-45">
         <name>UCA0STAT</name>
         <value>0x65</value>
      </symbol>
      <symbol id="sm-46">
         <name>UCA0RXBUF</name>
         <value>0x66</value>
      </symbol>
      <symbol id="sm-47">
         <name>UCA0TXBUF</name>
         <value>0x67</value>
      </symbol>
      <symbol id="sm-48">
         <name>UCA0ABCTL</name>
         <value>0x5d</value>
      </symbol>
      <symbol id="sm-49">
         <name>UCA0IRTCTL</name>
         <value>0x5e</value>
      </symbol>
      <symbol id="sm-4a">
         <name>UCA0IRRCTL</name>
         <value>0x5f</value>
      </symbol>
      <symbol id="sm-4b">
         <name>UCB0CTL0</name>
         <value>0x68</value>
      </symbol>
      <symbol id="sm-4c">
         <name>UCB0CTL1</name>
         <value>0x69</value>
      </symbol>
      <symbol id="sm-4d">
         <name>UCB0BR0</name>
         <value>0x6a</value>
      </symbol>
      <symbol id="sm-4e">
         <name>UCB0BR1</name>
         <value>0x6b</value>
      </symbol>
      <symbol id="sm-4f">
         <name>UCB0I2CIE</name>
         <value>0x6c</value>
      </symbol>
      <symbol id="sm-50">
         <name>UCB0STAT</name>
         <value>0x6d</value>
      </symbol>
      <symbol id="sm-51">
         <name>UCB0RXBUF</name>
         <value>0x6e</value>
      </symbol>
      <symbol id="sm-52">
         <name>UCB0TXBUF</name>
         <value>0x6f</value>
      </symbol>
      <symbol id="sm-53">
         <name>UCB0I2COA</name>
         <value>0x118</value>
      </symbol>
      <symbol id="sm-54">
         <name>UCB0I2CSA</name>
         <value>0x11a</value>
      </symbol>
      <symbol id="sm-55">
         <name>WDTCTL</name>
         <value>0x120</value>
      </symbol>
      <symbol id="sm-56">
         <name>CALDCO_16MHZ</name>
         <value>0x10f8</value>
      </symbol>
      <symbol id="sm-57">
         <name>CALBC1_16MHZ</name>
         <value>0x10f9</value>
      </symbol>
      <symbol id="sm-58">
         <name>CALDCO_12MHZ</name>
         <value>0x10fa</value>
      </symbol>
      <symbol id="sm-59">
         <name>CALBC1_12MHZ</name>
         <value>0x10fb</value>
      </symbol>
      <symbol id="sm-5a">
         <name>CALDCO_8MHZ</name>
         <value>0x10fc</value>
      </symbol>
      <symbol id="sm-5b">
         <name>CALBC1_8MHZ</name>
         <value>0x10fd</value>
      </symbol>
      <symbol id="sm-5c">
         <name>CALDCO_1MHZ</name>
         <value>0x10fe</value>
      </symbol>
      <symbol id="sm-5d">
         <name>CALBC1_1MHZ</name>
         <value>0x10ff</value>
      </symbol>
      <symbol id="sm-5e">
         <name>TLV_CHECKSUM</name>
         <value>0x10c0</value>
      </symbol>
      <symbol id="sm-5f">
         <name>TLV_DCO_30_TAG</name>
         <value>0x10f6</value>
      </symbol>
      <symbol id="sm-60">
         <name>TLV_DCO_30_LEN</name>
         <value>0x10f7</value>
      </symbol>
      <symbol id="sm-61">
         <name>TLV_ADC10_1_TAG</name>
         <value>0x10da</value>
      </symbol>
      <symbol id="sm-62">
         <name>TLV_ADC10_1_LEN</name>
         <value>0x10db</value>
      </symbol>
      <symbol id="sm-63">
         <name>__TI_CINIT_Base</name>
         <value>0xc1d6</value>
      </symbol>
      <symbol id="sm-64">
         <name>__TI_CINIT_Limit</name>
         <value>0xc1da</value>
      </symbol>
      <symbol id="sm-65">
         <name>__TI_CINIT_Warm</name>
         <value>0xc1da</value>
      </symbol>
      <symbol id="sm-66">
         <name>__TI_Handler_Table_Base</name>
         <value>0xc1d2</value>
      </symbol>
      <symbol id="sm-67">
         <name>__TI_Handler_Table_Limit</name>
         <value>0xc1d6</value>
      </symbol>
      <symbol id="sm-68">
         <name>__STACK_SIZE</name>
         <value>0x50</value>
      </symbol>
      <symbol id="sm-69">
         <name>__STACK_END</name>
         <value>0x400</value>
      </symbol>
      <symbol id="sm-6a">
         <name>__c_args__</name>
         <value>0xffffffff</value>
      </symbol>
      <symbol id="sm-6b">
         <name>__TI_pprof_out_hndl</name>
         <value>0xffffffff</value>
      </symbol>
      <symbol id="sm-6c">
         <name>__TI_prof_data_start</name>
         <value>0xffffffff</value>
      </symbol>
      <symbol id="sm-6d">
         <name>__TI_prof_data_size</name>
         <value>0xffffffff</value>
      </symbol>
      <symbol id="sm-a8">
         <name>main</name>
         <value>0xc1a0</value>
         <object_component_ref idref="oc-152"/>
      </symbol>
      <symbol id="sm-cd">
         <name>__TI_int09</name>
         <value>0xfff2</value>
         <object_component_ref idref="oc-47"/>
      </symbol>
      <symbol id="sm-ce">
         <name>timerClearInterruptFlag</name>
         <value>0xc1aa</value>
         <object_component_ref idref="oc-13d"/>
      </symbol>
      <symbol id="sm-cf">
         <name>R</name>
         <value>0x202</value>
         <object_component_ref idref="oc-177"/>
      </symbol>
      <symbol id="sm-d0">
         <name>CTL</name>
         <value>0x200</value>
         <object_component_ref idref="oc-177"/>
      </symbol>
      <symbol id="sm-d1">
         <name>CCTL</name>
         <value>0x204</value>
         <object_component_ref idref="oc-177"/>
      </symbol>
      <symbol id="sm-d2">
         <name>TIMER0_A0_ISR</name>
         <value>0xc152</value>
         <object_component_ref idref="oc-e1"/>
      </symbol>
      <symbol id="sm-d8">
         <name>__TI_int00</name>
         <value>0xffe0</value>
         <object_component_ref idref="oc-40"/>
      </symbol>
      <symbol id="sm-db">
         <name>__TI_int02</name>
         <value>0xffe4</value>
         <object_component_ref idref="oc-41"/>
      </symbol>
      <symbol id="sm-de">
         <name>__TI_int03</name>
         <value>0xffe6</value>
         <object_component_ref idref="oc-42"/>
      </symbol>
      <symbol id="sm-e1">
         <name>__TI_int05</name>
         <value>0xffea</value>
         <object_component_ref idref="oc-43"/>
      </symbol>
      <symbol id="sm-e4">
         <name>__TI_int06</name>
         <value>0xffec</value>
         <object_component_ref idref="oc-44"/>
      </symbol>
      <symbol id="sm-e7">
         <name>__TI_int07</name>
         <value>0xffee</value>
         <object_component_ref idref="oc-45"/>
      </symbol>
      <symbol id="sm-ea">
         <name>__TI_int08</name>
         <value>0xfff0</value>
         <object_component_ref idref="oc-46"/>
      </symbol>
      <symbol id="sm-ed">
         <name>__TI_int10</name>
         <value>0xfff4</value>
         <object_component_ref idref="oc-48"/>
      </symbol>
      <symbol id="sm-f0">
         <name>__TI_int11</name>
         <value>0xfff6</value>
         <object_component_ref idref="oc-49"/>
      </symbol>
      <symbol id="sm-f3">
         <name>__TI_int12</name>
         <value>0xfff8</value>
         <object_component_ref idref="oc-4a"/>
      </symbol>
      <symbol id="sm-f6">
         <name>__TI_int13</name>
         <value>0xfffa</value>
         <object_component_ref idref="oc-4b"/>
      </symbol>
      <symbol id="sm-f9">
         <name>__TI_int14</name>
         <value>0xfffc</value>
         <object_component_ref idref="oc-4c"/>
      </symbol>
      <symbol id="sm-101">
         <name>__TI_ISR_TRAP</name>
         <value>0xc1b4</value>
         <object_component_ref idref="oc-dc"/>
      </symbol>
      <symbol id="sm-111">
         <name>_stack</name>
         <value>0x3b0</value>
         <object_component_ref idref="oc-b1"/>
      </symbol>
      <symbol id="sm-112">
         <name>_c_int00_noargs</name>
         <value>0xc136</value>
         <object_component_ref idref="oc-f9"/>
      </symbol>
      <symbol id="sm-113">
         <name>_reset_vector</name>
         <value>0xfffe</value>
         <object_component_ref idref="oc-b4"/>
      </symbol>
      <symbol id="sm-135">
         <name>__TI_auto_init_nobinit_nopinit</name>
         <value>0xc0c8</value>
         <object_component_ref idref="oc-18b"/>
      </symbol>
      <symbol id="sm-146">
         <name>_system_pre_init</name>
         <value>0xc1c2</value>
         <object_component_ref idref="oc-14c"/>
      </symbol>
      <symbol id="sm-14f">
         <name>_system_post_cinit</name>
         <value>0xc1c6</value>
         <object_component_ref idref="oc-1d3"/>
      </symbol>
      <symbol id="sm-165">
         <name>__TI_decompress_none</name>
         <value>0xc16c</value>
         <object_component_ref idref="oc-3a"/>
      </symbol>
      <symbol id="sm-188">
         <name>__TI_decompress_lzss</name>
         <value>0xc000</value>
         <object_component_ref idref="oc-34"/>
      </symbol>
      <symbol id="sm-192">
         <name>C$$EXIT</name>
         <value>0xc1bc</value>
         <object_component_ref idref="oc-17f"/>
      </symbol>
      <symbol id="sm-193">
         <name>abort</name>
         <value>0xc1bc</value>
         <object_component_ref idref="oc-17f"/>
      </symbol>
      <symbol id="sm-1a3">
         <name>memcpy</name>
         <value>0xc17e</value>
         <object_component_ref idref="oc-cf"/>
      </symbol>
      <symbol id="sm-1ac">
         <name>__mspabi_func_epilog_2</name>
         <value>0xc19a</value>
         <object_component_ref idref="oc-bf"/>
      </symbol>
      <symbol id="sm-1ad">
         <name>__mspabi_func_epilog_3</name>
         <value>0xc198</value>
         <object_component_ref idref="oc-bf"/>
      </symbol>
      <symbol id="sm-1ae">
         <name>__mspabi_func_epilog_1</name>
         <value>0xc19c</value>
         <object_component_ref idref="oc-bf"/>
      </symbol>
      <symbol id="sm-1af">
         <name>__mspabi_func_epilog_6</name>
         <value>0xc192</value>
         <object_component_ref idref="oc-bf"/>
      </symbol>
      <symbol id="sm-1b0">
         <name>__mspabi_func_epilog_7</name>
         <value>0xc190</value>
         <object_component_ref idref="oc-bf"/>
      </symbol>
      <symbol id="sm-1b1">
         <name>__mspabi_func_epilog_4</name>
         <value>0xc196</value>
         <object_component_ref idref="oc-bf"/>
      </symbol>
      <symbol id="sm-1b2">
         <name>__mspabi_func_epilog_5</name>
         <value>0xc194</value>
         <object_component_ref idref="oc-bf"/>
      </symbol>
      <symbol id="sm-1ba">
         <name>__mspabi_slli</name>
         <value>0xc10a</value>
         <object_component_ref idref="oc-b5"/>
      </symbol>
      <symbol id="sm-1bb">
         <name>__mspabi_slli_9</name>
         <value>0xc122</value>
         <object_component_ref idref="oc-b5"/>
      </symbol>
      <symbol id="sm-1bc">
         <name>__mspabi_slli_8</name>
         <value>0xc124</value>
         <object_component_ref idref="oc-b5"/>
      </symbol>
      <symbol id="sm-1bd">
         <name>__mspabi_slli_7</name>
         <value>0xc126</value>
         <object_component_ref idref="oc-b5"/>
      </symbol>
      <symbol id="sm-1be">
         <name>__mspabi_slli_6</name>
         <value>0xc128</value>
         <object_component_ref idref="oc-b5"/>
      </symbol>
      <symbol id="sm-1bf">
         <name>__mspabi_slli_5</name>
         <value>0xc12a</value>
         <object_component_ref idref="oc-b5"/>
      </symbol>
      <symbol id="sm-1c0">
         <name>__mspabi_slli_4</name>
         <value>0xc12c</value>
         <object_component_ref idref="oc-b5"/>
      </symbol>
      <symbol id="sm-1c1">
         <name>__mspabi_slli_3</name>
         <value>0xc12e</value>
         <object_component_ref idref="oc-b5"/>
      </symbol>
      <symbol id="sm-1c2">
         <name>__mspabi_slli_2</name>
         <value>0xc130</value>
         <object_component_ref idref="oc-b5"/>
      </symbol>
      <symbol id="sm-1c3">
         <name>__mspabi_slli_1</name>
         <value>0xc132</value>
         <object_component_ref idref="oc-b5"/>
      </symbol>
      <symbol id="sm-1c4">
         <name>__mspabi_slli_15</name>
         <value>0xc116</value>
         <object_component_ref idref="oc-b5"/>
      </symbol>
      <symbol id="sm-1c5">
         <name>__mspabi_slli_14</name>
         <value>0xc118</value>
         <object_component_ref idref="oc-b5"/>
      </symbol>
      <symbol id="sm-1c6">
         <name>__mspabi_slli_13</name>
         <value>0xc11a</value>
         <object_component_ref idref="oc-b5"/>
      </symbol>
      <symbol id="sm-1c7">
         <name>__mspabi_slli_12</name>
         <value>0xc11c</value>
         <object_component_ref idref="oc-b5"/>
      </symbol>
      <symbol id="sm-1c8">
         <name>__mspabi_slli_11</name>
         <value>0xc11e</value>
         <object_component_ref idref="oc-b5"/>
      </symbol>
      <symbol id="sm-1c9">
         <name>__mspabi_slli_10</name>
         <value>0xc120</value>
         <object_component_ref idref="oc-b5"/>
      </symbol>
      <symbol id="sm-1d1">
         <name>__mspabi_srli_8</name>
         <value>0xc0a6</value>
         <object_component_ref idref="oc-ba"/>
      </symbol>
      <symbol id="sm-1d2">
         <name>__mspabi_srli_9</name>
         <value>0xc0a2</value>
         <object_component_ref idref="oc-ba"/>
      </symbol>
      <symbol id="sm-1d3">
         <name>__mspabi_srli_6</name>
         <value>0xc0ae</value>
         <object_component_ref idref="oc-ba"/>
      </symbol>
      <symbol id="sm-1d4">
         <name>__mspabi_srli_7</name>
         <value>0xc0aa</value>
         <object_component_ref idref="oc-ba"/>
      </symbol>
      <symbol id="sm-1d5">
         <name>__mspabi_srli_4</name>
         <value>0xc0b6</value>
         <object_component_ref idref="oc-ba"/>
      </symbol>
      <symbol id="sm-1d6">
         <name>__mspabi_srli_5</name>
         <value>0xc0b2</value>
         <object_component_ref idref="oc-ba"/>
      </symbol>
      <symbol id="sm-1d7">
         <name>__mspabi_srli_2</name>
         <value>0xc0be</value>
         <object_component_ref idref="oc-ba"/>
      </symbol>
      <symbol id="sm-1d8">
         <name>__mspabi_srli_3</name>
         <value>0xc0ba</value>
         <object_component_ref idref="oc-ba"/>
      </symbol>
      <symbol id="sm-1d9">
         <name>__mspabi_srli_1</name>
         <value>0xc0c2</value>
         <object_component_ref idref="oc-ba"/>
      </symbol>
      <symbol id="sm-1da">
         <name>__mspabi_srli</name>
         <value>0xc07c</value>
         <object_component_ref idref="oc-ba"/>
      </symbol>
      <symbol id="sm-1db">
         <name>__mspabi_srli_15</name>
         <value>0xc08a</value>
         <object_component_ref idref="oc-ba"/>
      </symbol>
      <symbol id="sm-1dc">
         <name>__mspabi_srli_14</name>
         <value>0xc08e</value>
         <object_component_ref idref="oc-ba"/>
      </symbol>
      <symbol id="sm-1dd">
         <name>__mspabi_srli_13</name>
         <value>0xc092</value>
         <object_component_ref idref="oc-ba"/>
      </symbol>
      <symbol id="sm-1de">
         <name>__mspabi_srli_12</name>
         <value>0xc096</value>
         <object_component_ref idref="oc-ba"/>
      </symbol>
      <symbol id="sm-1df">
         <name>__mspabi_srli_11</name>
         <value>0xc09a</value>
         <object_component_ref idref="oc-ba"/>
      </symbol>
      <symbol id="sm-1e0">
         <name>__mspabi_srli_10</name>
         <value>0xc09e</value>
         <object_component_ref idref="oc-ba"/>
      </symbol>
   </symbol_table>
   <title>Link successful</title>
</link_info>
