<?xml version="1.0" encoding="ISO-8859-1" ?>
<link_info>
   <banner>MSP430 Linker Unix v21.6.0.LTS</banner>
   <copyright>Copyright (c) 2003-2018 Texas Instruments Incorporated</copyright>
   <link_time>0x62f7dcdb</link_time>
   <link_errors>0x1</link_errors>
   <output_file>finalDCS.out</output_file>
   <entry_point>
      <name>_c_int00_noargs</name>
      <address>0xc970</address>
   </entry_point>
   <input_file_list>
      <input_file id="fl-2">
         <path>./</path>
         <kind>object</kind>
         <file>main.obj</file>
         <name>main.obj</name>
      </input_file>
      <input_file id="fl-3">
         <path>./source/ADC/</path>
         <kind>object</kind>
         <file>bspADC.obj</file>
         <name>bspADC.obj</name>
      </input_file>
      <input_file id="fl-4">
         <path>./source/ADC/</path>
         <kind>object</kind>
         <file>halADC.obj</file>
         <name>halADC.obj</name>
      </input_file>
      <input_file id="fl-5">
         <path>./source/APIs/</path>
         <kind>object</kind>
         <file>communicationAPI.obj</file>
         <name>communicationAPI.obj</name>
      </input_file>
      <input_file id="fl-6">
         <path>./source/APIs/</path>
         <kind>object</kind>
         <file>joystickAPI.obj</file>
         <name>joystickAPI.obj</name>
      </input_file>
      <input_file id="fl-7">
         <path>./source/APIs/</path>
         <kind>object</kind>
         <file>motorAPI.obj</file>
         <name>motorAPI.obj</name>
      </input_file>
      <input_file id="fl-8">
         <path>./source/APIs/</path>
         <kind>object</kind>
         <file>scriptAPI.obj</file>
         <name>scriptAPI.obj</name>
      </input_file>
      <input_file id="fl-9">
         <path>./source/Apps/</path>
         <kind>object</kind>
         <file>motorApp.obj</file>
         <name>motorApp.obj</name>
      </input_file>
      <input_file id="fl-a">
         <path>./source/Apps/</path>
         <kind>object</kind>
         <file>motorCalibrationApp.obj</file>
         <name>motorCalibrationApp.obj</name>
      </input_file>
      <input_file id="fl-b">
         <path>./source/Apps/</path>
         <kind>object</kind>
         <file>painterApp.obj</file>
         <name>painterApp.obj</name>
      </input_file>
      <input_file id="fl-c">
         <path>./source/Apps/</path>
         <kind>object</kind>
         <file>scriptApp.obj</file>
         <name>scriptApp.obj</name>
      </input_file>
      <input_file id="fl-d">
         <path>./source/FLASH/</path>
         <kind>object</kind>
         <file>FLASH.obj</file>
         <name>FLASH.obj</name>
      </input_file>
      <input_file id="fl-e">
         <path>./source/GPIO/</path>
         <kind>object</kind>
         <file>bspGPIO.obj</file>
         <name>bspGPIO.obj</name>
      </input_file>
      <input_file id="fl-f">
         <path>./source/GPIO/</path>
         <kind>object</kind>
         <file>halGPIO.obj</file>
         <name>halGPIO.obj</name>
      </input_file>
      <input_file id="fl-10">
         <path>./source/Timers/</path>
         <kind>object</kind>
         <file>bspTimers.obj</file>
         <name>bspTimers.obj</name>
      </input_file>
      <input_file id="fl-11">
         <path>./source/Timers/</path>
         <kind>object</kind>
         <file>halTimers.obj</file>
         <name>halTimers.obj</name>
      </input_file>
      <input_file id="fl-12">
         <path>./source/UART/</path>
         <kind>object</kind>
         <file>bspUART.obj</file>
         <name>bspUART.obj</name>
      </input_file>
      <input_file id="fl-13">
         <path>./source/UART/</path>
         <kind>object</kind>
         <file>halUART.obj</file>
         <name>halUART.obj</name>
      </input_file>
      <input_file id="fl-14">
         <path>./source/Utilities/</path>
         <kind>object</kind>
         <file>Conversions.obj</file>
         <name>Conversions.obj</name>
      </input_file>
      <input_file id="fl-19">
         <kind>object</kind>
         <file>&lt;internal&gt;</file>
         <name>&lt;internal&gt;</name>
      </input_file>
      <input_file id="fl-2f">
         <path>/Applications/ti/ccs1110/ccs/tools/compiler/ti-cgt-msp430_21.6.0.LTS/lib/</path>
         <kind>archive</kind>
         <file>rts430_eabi.lib</file>
         <name>epilog.asm.obj</name>
      </input_file>
      <input_file id="fl-30">
         <path>/Applications/ti/ccs1110/ccs/tools/compiler/ti-cgt-msp430_21.6.0.LTS/lib/</path>
         <kind>archive</kind>
         <file>rts430_eabi.lib</file>
         <name>fs_add.asm.obj</name>
      </input_file>
      <input_file id="fl-31">
         <path>/Applications/ti/ccs1110/ccs/tools/compiler/ti-cgt-msp430_21.6.0.LTS/lib/</path>
         <kind>archive</kind>
         <file>rts430_eabi.lib</file>
         <name>fs_div.asm.obj</name>
      </input_file>
      <input_file id="fl-32">
         <path>/Applications/ti/ccs1110/ccs/tools/compiler/ti-cgt-msp430_21.6.0.LTS/lib/</path>
         <kind>archive</kind>
         <file>rts430_eabi.lib</file>
         <name>fs_itof.asm.obj</name>
      </input_file>
      <input_file id="fl-33">
         <path>/Applications/ti/ccs1110/ccs/tools/compiler/ti-cgt-msp430_21.6.0.LTS/lib/</path>
         <kind>archive</kind>
         <file>rts430_eabi.lib</file>
         <name>fs_mpy.asm.obj</name>
      </input_file>
      <input_file id="fl-34">
         <path>/Applications/ti/ccs1110/ccs/tools/compiler/ti-cgt-msp430_21.6.0.LTS/lib/</path>
         <kind>archive</kind>
         <file>rts430_eabi.lib</file>
         <name>fs_toi.asm.obj</name>
      </input_file>
      <input_file id="fl-35">
         <path>/Applications/ti/ccs1110/ccs/tools/compiler/ti-cgt-msp430_21.6.0.LTS/lib/</path>
         <kind>archive</kind>
         <file>rts430_eabi.lib</file>
         <name>fs_tou.asm.obj</name>
      </input_file>
      <input_file id="fl-36">
         <path>/Applications/ti/ccs1110/ccs/tools/compiler/ti-cgt-msp430_21.6.0.LTS/lib/</path>
         <kind>archive</kind>
         <file>rts430_eabi.lib</file>
         <name>int00.asm.obj</name>
      </input_file>
      <input_file id="fl-37">
         <path>/Applications/ti/ccs1110/ccs/tools/compiler/ti-cgt-msp430_21.6.0.LTS/lib/</path>
         <kind>archive</kind>
         <file>rts430_eabi.lib</file>
         <name>int03.asm.obj</name>
      </input_file>
      <input_file id="fl-38">
         <path>/Applications/ti/ccs1110/ccs/tools/compiler/ti-cgt-msp430_21.6.0.LTS/lib/</path>
         <kind>archive</kind>
         <file>rts430_eabi.lib</file>
         <name>int08.asm.obj</name>
      </input_file>
      <input_file id="fl-39">
         <path>/Applications/ti/ccs1110/ccs/tools/compiler/ti-cgt-msp430_21.6.0.LTS/lib/</path>
         <kind>archive</kind>
         <file>rts430_eabi.lib</file>
         <name>int10.asm.obj</name>
      </input_file>
      <input_file id="fl-3a">
         <path>/Applications/ti/ccs1110/ccs/tools/compiler/ti-cgt-msp430_21.6.0.LTS/lib/</path>
         <kind>archive</kind>
         <file>rts430_eabi.lib</file>
         <name>int11.asm.obj</name>
      </input_file>
      <input_file id="fl-3b">
         <path>/Applications/ti/ccs1110/ccs/tools/compiler/ti-cgt-msp430_21.6.0.LTS/lib/</path>
         <kind>archive</kind>
         <file>rts430_eabi.lib</file>
         <name>int12.asm.obj</name>
      </input_file>
      <input_file id="fl-3c">
         <path>/Applications/ti/ccs1110/ccs/tools/compiler/ti-cgt-msp430_21.6.0.LTS/lib/</path>
         <kind>archive</kind>
         <file>rts430_eabi.lib</file>
         <name>int14.asm.obj</name>
      </input_file>
      <input_file id="fl-3d">
         <path>/Applications/ti/ccs1110/ccs/tools/compiler/ti-cgt-msp430_21.6.0.LTS/lib/</path>
         <kind>archive</kind>
         <file>rts430_eabi.lib</file>
         <name>isr_trap.asm.obj</name>
      </input_file>
      <input_file id="fl-3e">
         <path>/Applications/ti/ccs1110/ccs/tools/compiler/ti-cgt-msp430_21.6.0.LTS/lib/</path>
         <kind>archive</kind>
         <file>rts430_eabi.lib</file>
         <name>lsl16.asm.obj</name>
      </input_file>
      <input_file id="fl-3f">
         <path>/Applications/ti/ccs1110/ccs/tools/compiler/ti-cgt-msp430_21.6.0.LTS/lib/</path>
         <kind>archive</kind>
         <file>rts430_eabi.lib</file>
         <name>boot.c.obj</name>
      </input_file>
      <input_file id="fl-40">
         <path>/Applications/ti/ccs1110/ccs/tools/compiler/ti-cgt-msp430_21.6.0.LTS/lib/</path>
         <kind>archive</kind>
         <file>rts430_eabi.lib</file>
         <name>autoinit.c.obj</name>
      </input_file>
      <input_file id="fl-41">
         <path>/Applications/ti/ccs1110/ccs/tools/compiler/ti-cgt-msp430_21.6.0.LTS/lib/</path>
         <kind>archive</kind>
         <file>rts430_eabi.lib</file>
         <name>copy_zero_init.c.obj</name>
      </input_file>
      <input_file id="fl-42">
         <path>/Applications/ti/ccs1110/ccs/tools/compiler/ti-cgt-msp430_21.6.0.LTS/lib/</path>
         <kind>archive</kind>
         <file>rts430_eabi.lib</file>
         <name>cpy_tbl.c.obj</name>
      </input_file>
      <input_file id="fl-43">
         <path>/Applications/ti/ccs1110/ccs/tools/compiler/ti-cgt-msp430_21.6.0.LTS/lib/</path>
         <kind>archive</kind>
         <file>rts430_eabi.lib</file>
         <name>mpu_init.c.obj</name>
      </input_file>
      <input_file id="fl-44">
         <path>/Applications/ti/ccs1110/ccs/tools/compiler/ti-cgt-msp430_21.6.0.LTS/lib/</path>
         <kind>archive</kind>
         <file>rts430_eabi.lib</file>
         <name>pre_init.c.obj</name>
      </input_file>
      <input_file id="fl-45">
         <path>/Applications/ti/ccs1110/ccs/tools/compiler/ti-cgt-msp430_21.6.0.LTS/lib/</path>
         <kind>archive</kind>
         <file>rts430_eabi.lib</file>
         <name>startup.c.obj</name>
      </input_file>
      <input_file id="fl-46">
         <path>/Applications/ti/ccs1110/ccs/tools/compiler/ti-cgt-msp430_21.6.0.LTS/lib/</path>
         <kind>archive</kind>
         <file>rts430_eabi.lib</file>
         <name>copy_decompress_none.c.obj</name>
      </input_file>
      <input_file id="fl-47">
         <path>/Applications/ti/ccs1110/ccs/tools/compiler/ti-cgt-msp430_21.6.0.LTS/lib/</path>
         <kind>archive</kind>
         <file>rts430_eabi.lib</file>
         <name>copy_decompress_lzss.c.obj</name>
      </input_file>
      <input_file id="fl-48">
         <path>/Applications/ti/ccs1110/ccs/tools/compiler/ti-cgt-msp430_21.6.0.LTS/lib/</path>
         <kind>archive</kind>
         <file>rts430_eabi.lib</file>
         <name>exit.c.obj</name>
      </input_file>
      <input_file id="fl-49">
         <path>/Applications/ti/ccs1110/ccs/tools/compiler/ti-cgt-msp430_21.6.0.LTS/lib/</path>
         <kind>archive</kind>
         <file>rts430_eabi.lib</file>
         <name>_lock.c.obj</name>
      </input_file>
      <input_file id="fl-4a">
         <path>/Applications/ti/ccs1110/ccs/tools/compiler/ti-cgt-msp430_21.6.0.LTS/lib/</path>
         <kind>archive</kind>
         <file>rts430_eabi.lib</file>
         <name>args_main.c.obj</name>
      </input_file>
      <input_file id="fl-4b">
         <path>/Applications/ti/ccs1110/ccs/tools/compiler/ti-cgt-msp430_21.6.0.LTS/lib/</path>
         <kind>archive</kind>
         <file>rts430_eabi.lib</file>
         <name>memcpy.c.obj</name>
      </input_file>
      <input_file id="fl-4c">
         <path>/Applications/ti/ccs1110/ccs/tools/compiler/ti-cgt-msp430_21.6.0.LTS/lib/</path>
         <kind>archive</kind>
         <file>rts430_eabi.lib</file>
         <name>lsr16.asm.obj</name>
      </input_file>
      <input_file id="fl-4d">
         <path>/Applications/ti/ccs1110/ccs/tools/compiler/ti-cgt-msp430_21.6.0.LTS/lib/</path>
         <kind>archive</kind>
         <file>rts430_eabi.lib</file>
         <name>mult16.asm.obj</name>
      </input_file>
      <input_file id="fl-4e">
         <path>/Applications/ti/ccs1110/ccs/tools/compiler/ti-cgt-msp430_21.6.0.LTS/lib/</path>
         <kind>archive</kind>
         <file>rts430_eabi.lib</file>
         <name>exit_gvars.c.obj</name>
      </input_file>
   </input_file_list>
   <object_component_list>
      <object_component id="oc-1c2">
         <name>.bss</name>
         <uninitialized>true</uninitialized>
         <run_address>0x230</run_address>
         <size>0x6</size>
         <input_file_ref idref="fl-2"/>
      </object_component>
      <object_component id="oc-246">
         <name>.bss</name>
         <uninitialized>true</uninitialized>
         <run_address>0x20c</run_address>
         <size>0xa</size>
         <input_file_ref idref="fl-5"/>
      </object_component>
      <object_component id="oc-22e">
         <name>.bss</name>
         <uninitialized>true</uninitialized>
         <run_address>0x220</run_address>
         <size>0x8</size>
         <input_file_ref idref="fl-6"/>
      </object_component>
      <object_component id="oc-327">
         <name>.bss</name>
         <uninitialized>true</uninitialized>
         <run_address>0x200</run_address>
         <size>0xc</size>
         <input_file_ref idref="fl-7"/>
      </object_component>
      <object_component id="oc-2d0">
         <name>.bss</name>
         <uninitialized>true</uninitialized>
         <run_address>0x236</run_address>
         <size>0x6</size>
         <input_file_ref idref="fl-9"/>
      </object_component>
      <object_component id="oc-2bd">
         <name>.bss</name>
         <uninitialized>true</uninitialized>
         <run_address>0x216</run_address>
         <size>0xa</size>
         <input_file_ref idref="fl-a"/>
      </object_component>
      <object_component id="oc-2c6">
         <name>.bss</name>
         <uninitialized>true</uninitialized>
         <run_address>0x228</run_address>
         <size>0x8</size>
         <input_file_ref idref="fl-b"/>
      </object_component>
      <object_component id="oc-163">
         <name>.bss</name>
         <uninitialized>true</uninitialized>
         <run_address>0x23c</run_address>
         <size>0x4</size>
         <input_file_ref idref="fl-13"/>
      </object_component>
      <object_component id="oc-15f">
         <name>.data</name>
         <load_address>0x24e</load_address>
         <run_address>0x24e</run_address>
         <size>0xc</size>
         <input_file_ref idref="fl-4"/>
      </object_component>
      <object_component id="oc-22b">
         <name>.data</name>
         <load_address>0x26e</load_address>
         <run_address>0x26e</run_address>
         <size>0x2</size>
         <input_file_ref idref="fl-6"/>
      </object_component>
      <object_component id="oc-323">
         <name>.data</name>
         <load_address>0x264</load_address>
         <run_address>0x264</run_address>
         <size>0x6</size>
         <input_file_ref idref="fl-7"/>
      </object_component>
      <object_component id="oc-15b">
         <name>.data</name>
         <load_address>0x26a</load_address>
         <run_address>0x26a</run_address>
         <size>0x4</size>
         <input_file_ref idref="fl-f"/>
      </object_component>
      <object_component id="oc-16b">
         <name>.data</name>
         <load_address>0x240</load_address>
         <run_address>0x240</run_address>
         <size>0xe</size>
         <input_file_ref idref="fl-11"/>
      </object_component>
      <object_component id="oc-166">
         <name>.data</name>
         <load_address>0x25a</load_address>
         <run_address>0x25a</run_address>
         <size>0xa</size>
         <input_file_ref idref="fl-13"/>
      </object_component>
      <object_component id="oc-b1">
         <name>.stack</name>
         <uninitialized>true</uninitialized>
         <run_address>0x3b0</run_address>
         <size>0x2</size>
         <input_file_ref idref="fl-3f"/>
      </object_component>
      <object_component id="oc-3e6">
         <name>.stack</name>
         <uninitialized>true</uninitialized>
         <run_address>0x3b0</run_address>
         <size>0x0</size>
      </object_component>
      <object_component id="oc-35a">
         <name>.text</name>
         <load_address>0xc000</load_address>
         <run_address>0xc000</run_address>
         <size>0x132</size>
         <input_file_ref idref="fl-30"/>
      </object_component>
      <object_component id="oc-39c">
         <name>.text</name>
         <load_address>0xc132</load_address>
         <run_address>0xc132</run_address>
         <size>0xc4</size>
         <input_file_ref idref="fl-33"/>
      </object_component>
      <object_component id="oc-349">
         <name>.text</name>
         <load_address>0xc1f6</load_address>
         <run_address>0xc1f6</run_address>
         <size>0x9c</size>
         <input_file_ref idref="fl-31"/>
      </object_component>
      <object_component id="oc-365">
         <name>.text:moveMotorBySteps</name>
         <load_address>0xc292</load_address>
         <run_address>0xc292</run_address>
         <size>0x88</size>
         <input_file_ref idref="fl-7"/>
      </object_component>
      <object_component id="oc-34">
         <name>.text:decompress:lzss:__TI_decompress_lzss</name>
         <load_address>0xc31a</load_address>
         <run_address>0xc31a</run_address>
         <size>0x7c</size>
         <input_file_ref idref="fl-47"/>
      </object_component>
      <object_component id="oc-2d9">
         <name>.text</name>
         <load_address>0xc396</load_address>
         <run_address>0xc396</run_address>
         <size>0x68</size>
         <input_file_ref idref="fl-34"/>
      </object_component>
      <object_component id="oc-2b7">
         <name>.text:calibrateMotorAngle</name>
         <load_address>0xc3fe</load_address>
         <run_address>0xc3fe</run_address>
         <size>0x66</size>
         <input_file_ref idref="fl-7"/>
      </object_component>
      <object_component id="oc-17e">
         <name>.text:main</name>
         <load_address>0xc464</load_address>
         <run_address>0xc464</run_address>
         <size>0x62</size>
         <input_file_ref idref="fl-2"/>
      </object_component>
      <object_component id="oc-f9">
         <name>.text:motorTimerISR</name>
         <load_address>0xc4c6</load_address>
         <run_address>0xc4c6</run_address>
         <size>0x56</size>
         <input_file_ref idref="fl-11"/>
      </object_component>
      <object_component id="oc-1b6">
         <name>.text:configureUart</name>
         <load_address>0xc51c</load_address>
         <run_address>0xc51c</run_address>
         <size>0x52</size>
         <input_file_ref idref="fl-13"/>
      </object_component>
      <object_component id="oc-25d">
         <name>.text:painter</name>
         <load_address>0xc56e</load_address>
         <run_address>0xc56e</run_address>
         <size>0x50</size>
         <input_file_ref idref="fl-b"/>
      </object_component>
      <object_component id="oc-257">
         <name>.text:motorCalibration</name>
         <load_address>0xc5be</load_address>
         <run_address>0xc5be</run_address>
         <size>0x4c</size>
         <input_file_ref idref="fl-a"/>
      </object_component>
      <object_component id="oc-ba">
         <name>.text</name>
         <load_address>0xc60a</load_address>
         <run_address>0xc60a</run_address>
         <size>0x4c</size>
         <input_file_ref idref="fl-4c"/>
      </object_component>
      <object_component id="oc-2c0">
         <name>.text</name>
         <load_address>0xc656</load_address>
         <run_address>0xc656</run_address>
         <size>0x46</size>
         <input_file_ref idref="fl-35"/>
      </object_component>
      <object_component id="oc-1e4">
         <name>.text:__TI_auto_init_nobinit_nopinit:__TI_auto_init_nobinit_nopinit</name>
         <load_address>0xc69c</load_address>
         <run_address>0xc69c</run_address>
         <size>0x42</size>
         <input_file_ref idref="fl-40"/>
      </object_component>
      <object_component id="oc-2b1">
         <name>.text:calibrateMotorStartPosition</name>
         <load_address>0xc6de</load_address>
         <run_address>0xc6de</run_address>
         <size>0x3e</size>
         <input_file_ref idref="fl-7"/>
      </object_component>
      <object_component id="oc-263">
         <name>.text:motorControl</name>
         <load_address>0xc71c</load_address>
         <run_address>0xc71c</run_address>
         <size>0x3c</size>
         <input_file_ref idref="fl-9"/>
      </object_component>
      <object_component id="oc-2e3">
         <name>.text:moveMotorByAngle</name>
         <load_address>0xc758</load_address>
         <run_address>0xc758</run_address>
         <size>0x3c</size>
         <input_file_ref idref="fl-7"/>
      </object_component>
      <object_component id="oc-e7">
         <name>.text:ADC10_ISR</name>
         <load_address>0xc794</load_address>
         <run_address>0xc794</run_address>
         <size>0x36</size>
         <input_file_ref idref="fl-4"/>
      </object_component>
      <object_component id="oc-2de">
         <name>.text</name>
         <load_address>0xc7ca</load_address>
         <run_address>0xc7ca</run_address>
         <size>0x36</size>
         <input_file_ref idref="fl-32"/>
      </object_component>
      <object_component id="oc-1bc">
         <name>.text:readJoysctickPos</name>
         <load_address>0xc800</load_address>
         <run_address>0xc800</run_address>
         <size>0x2e</size>
         <input_file_ref idref="fl-6"/>
      </object_component>
      <object_component id="oc-1c5">
         <name>.text:sendMessage</name>
         <load_address>0xc82e</load_address>
         <run_address>0xc82e</run_address>
         <size>0x2e</size>
         <input_file_ref idref="fl-5"/>
      </object_component>
      <object_component id="oc-b5">
         <name>.text</name>
         <load_address>0xc85c</load_address>
         <run_address>0xc85c</run_address>
         <size>0x2c</size>
         <input_file_ref idref="fl-3e"/>
      </object_component>
      <object_component id="oc-33d">
         <name>.text:moveToStartPos</name>
         <load_address>0xc888</load_address>
         <run_address>0xc888</run_address>
         <size>0x28</size>
         <input_file_ref idref="fl-7"/>
      </object_component>
      <object_component id="oc-217">
         <name>.text:configureADC</name>
         <load_address>0xc8b0</load_address>
         <run_address>0xc8b0</run_address>
         <size>0x26</size>
         <input_file_ref idref="fl-4"/>
      </object_component>
      <object_component id="oc-31d">
         <name>.text:configureMotorTimer</name>
         <load_address>0xc8d6</load_address>
         <run_address>0xc8d6</run_address>
         <size>0x22</size>
         <input_file_ref idref="fl-11"/>
      </object_component>
      <object_component id="oc-231">
         <name>.text:startADC</name>
         <load_address>0xc8f8</load_address>
         <run_address>0xc8f8</run_address>
         <size>0x20</size>
         <input_file_ref idref="fl-4"/>
      </object_component>
      <object_component id="oc-2c9">
         <name>.text:checkMessages</name>
         <load_address>0xc918</load_address>
         <run_address>0xc918</run_address>
         <size>0x1e</size>
         <input_file_ref idref="fl-5"/>
      </object_component>
      <object_component id="oc-1d1">
         <name>.text:runApp</name>
         <load_address>0xc936</load_address>
         <run_address>0xc936</run_address>
         <size>0x1e</size>
         <input_file_ref idref="fl-2"/>
      </object_component>
      <object_component id="oc-ed">
         <name>.text:USCI0TX_ISR</name>
         <load_address>0xc954</load_address>
         <run_address>0xc954</run_address>
         <size>0x1c</size>
         <input_file_ref idref="fl-13"/>
      </object_component>
      <object_component id="oc-117">
         <name>.text:_c_int00_noargs</name>
         <load_address>0xc970</load_address>
         <run_address>0xc970</run_address>
         <size>0x1c</size>
         <input_file_ref idref="fl-3f"/>
      </object_component>
      <object_component id="oc-1cb">
         <name>.text:readMessage</name>
         <load_address>0xc98c</load_address>
         <run_address>0xc98c</run_address>
         <size>0x1c</size>
         <input_file_ref idref="fl-5"/>
      </object_component>
      <object_component id="oc-f3">
         <name>.text:USCI0RX_ISR</name>
         <load_address>0xc9a8</load_address>
         <run_address>0xc9a8</run_address>
         <size>0x18</size>
         <input_file_ref idref="fl-13"/>
      </object_component>
      <object_component id="oc-105">
         <name>.text:decompress:ZI:__TI_zero_init_nomemset:__TI_zero_init_nomemset</name>
         <load_address>0xc9c0</load_address>
         <run_address>0xc9c0</run_address>
         <size>0x14</size>
         <input_file_ref idref="fl-41"/>
      </object_component>
      <object_component id="oc-35f">
         <name>.text:angleToSteps</name>
         <load_address>0xc9d4</load_address>
         <run_address>0xc9d4</run_address>
         <size>0x12</size>
         <input_file_ref idref="fl-7"/>
      </object_component>
      <object_component id="oc-2ab">
         <name>.text:configureMotor</name>
         <load_address>0xc9e6</load_address>
         <run_address>0xc9e6</run_address>
         <size>0x12</size>
         <input_file_ref idref="fl-7"/>
      </object_component>
      <object_component id="oc-21d">
         <name>.text:configurePushButton</name>
         <load_address>0xc9f8</load_address>
         <run_address>0xc9f8</run_address>
         <size>0x12</size>
         <input_file_ref idref="fl-f"/>
      </object_component>
      <object_component id="oc-3a">
         <name>.text:decompress:none:__TI_decompress_none</name>
         <load_address>0xca0a</load_address>
         <run_address>0xca0a</run_address>
         <size>0x12</size>
         <input_file_ref idref="fl-46"/>
      </object_component>
      <object_component id="oc-ff">
         <name>.text:delayTimerISR</name>
         <load_address>0xca1c</load_address>
         <run_address>0xca1c</run_address>
         <size>0x12</size>
         <input_file_ref idref="fl-11"/>
      </object_component>
      <object_component id="oc-223">
         <name>.text:enablePushButton</name>
         <load_address>0xca2e</load_address>
         <run_address>0xca2e</run_address>
         <size>0x12</size>
         <input_file_ref idref="fl-f"/>
      </object_component>
      <object_component id="oc-cf">
         <name>.text:memcpy</name>
         <load_address>0xca40</load_address>
         <run_address>0xca40</run_address>
         <size>0x12</size>
         <input_file_ref idref="fl-4b"/>
      </object_component>
      <object_component id="oc-e1">
         <name>.text:port1ISR</name>
         <load_address>0xca52</load_address>
         <run_address>0xca52</run_address>
         <size>0x12</size>
         <input_file_ref idref="fl-f"/>
      </object_component>
      <object_component id="oc-32a">
         <name>.text:startMotorTimer</name>
         <load_address>0xca64</load_address>
         <run_address>0xca64</run_address>
         <size>0x12</size>
         <input_file_ref idref="fl-11"/>
      </object_component>
      <object_component id="oc-393">
         <name>.text:stepsToAngle</name>
         <load_address>0xca76</load_address>
         <run_address>0xca76</run_address>
         <size>0x12</size>
         <input_file_ref idref="fl-7"/>
      </object_component>
      <object_component id="oc-250">
         <name>.text:enableUartRxInterrupt</name>
         <load_address>0xca88</load_address>
         <run_address>0xca88</run_address>
         <size>0x10</size>
         <input_file_ref idref="fl-13"/>
      </object_component>
      <object_component id="oc-249">
         <name>.text:enableUartTxInterrupt</name>
         <load_address>0xca98</load_address>
         <run_address>0xca98</run_address>
         <size>0x10</size>
         <input_file_ref idref="fl-13"/>
      </object_component>
      <object_component id="oc-bf">
         <name>.text</name>
         <load_address>0xcaa8</load_address>
         <run_address>0xcaa8</run_address>
         <size>0x10</size>
         <input_file_ref idref="fl-2f"/>
      </object_component>
      <object_component id="oc-38d">
         <name>.text:setDirection</name>
         <load_address>0xcab8</load_address>
         <run_address>0xcab8</run_address>
         <size>0x10</size>
         <input_file_ref idref="fl-11"/>
      </object_component>
      <object_component id="oc-1b0">
         <name>.text:configureJoystick</name>
         <load_address>0xcac8</load_address>
         <run_address>0xcac8</run_address>
         <size>0xe</size>
         <input_file_ref idref="fl-6"/>
      </object_component>
      <object_component id="oc-dc">
         <name>.text:_isr:__TI_ISR_TRAP</name>
         <load_address>0xcad6</load_address>
         <run_address>0xcad6</run_address>
         <size>0x8</size>
         <input_file_ref idref="fl-3d"/>
      </object_component>
      <object_component id="oc-330">
         <name>.text:stopMotorTimer</name>
         <load_address>0xcade</load_address>
         <run_address>0xcade</run_address>
         <size>0x8</size>
         <input_file_ref idref="fl-11"/>
      </object_component>
      <object_component id="oc-1d8">
         <name>.text:abort</name>
         <load_address>0xcae6</load_address>
         <run_address>0xcae6</run_address>
         <size>0x6</size>
         <input_file_ref idref="fl-48"/>
      </object_component>
      <object_component id="oc-343">
         <name>.text:getCurrentPos</name>
         <load_address>0xcaec</load_address>
         <run_address>0xcaec</run_address>
         <size>0x6</size>
         <input_file_ref idref="fl-11"/>
      </object_component>
      <object_component id="oc-237">
         <name>.text:getVx</name>
         <load_address>0xcaf2</load_address>
         <run_address>0xcaf2</run_address>
         <size>0x6</size>
         <input_file_ref idref="fl-4"/>
      </object_component>
      <object_component id="oc-23d">
         <name>.text:getVy</name>
         <load_address>0xcaf8</load_address>
         <run_address>0xcaf8</run_address>
         <size>0x6</size>
         <input_file_ref idref="fl-4"/>
      </object_component>
      <object_component id="oc-336">
         <name>.text:setStartingPoint</name>
         <load_address>0xcafe</load_address>
         <run_address>0xcafe</run_address>
         <size>0x6</size>
         <input_file_ref idref="fl-11"/>
      </object_component>
      <object_component id="oc-387">
         <name>.text:setSteps</name>
         <load_address>0xcb04</load_address>
         <run_address>0xcb04</run_address>
         <size>0x6</size>
         <input_file_ref idref="fl-11"/>
      </object_component>
      <object_component id="oc-2d3">
         <name>.text:xyToAngle</name>
         <load_address>0xcb0a</load_address>
         <run_address>0xcb0a</run_address>
         <size>0x6</size>
         <input_file_ref idref="fl-9"/>
      </object_component>
      <object_component id="oc-178">
         <name>.text:_system_pre_init</name>
         <load_address>0xcb10</load_address>
         <run_address>0xcb10</run_address>
         <size>0x4</size>
         <input_file_ref idref="fl-44"/>
      </object_component>
      <object_component id="oc-27c">
         <name>.text:_system_post_cinit</name>
         <load_address>0xcb14</load_address>
         <run_address>0xcb14</run_address>
         <size>0x2</size>
         <input_file_ref idref="fl-45"/>
      </object_component>
      <object_component id="oc-317">
         <name>.text:configureMotorPorts</name>
         <load_address>0xcb16</load_address>
         <run_address>0xcb16</run_address>
         <size>0x2</size>
         <input_file_ref idref="fl-f"/>
      </object_component>
      <object_component id="oc-3e5">
         <name>.cinit..data.load</name>
         <load_address>0xcb18</load_address>
         <run_address>0xcb18</run_address>
         <size>0xb</size>
      </object_component>
      <object_component id="oc-3e2">
         <name>__TI_handler_table</name>
         <load_address>0xcb24</load_address>
         <run_address>0xcb24</run_address>
         <size>0x6</size>
      </object_component>
      <object_component id="oc-3e4">
         <name>.cinit..bss.load</name>
         <load_address>0xcb2a</load_address>
         <run_address>0xcb2a</run_address>
         <size>0x4</size>
      </object_component>
      <object_component id="oc-3e3">
         <name>__TI_cinit_table</name>
         <load_address>0xcb2e</load_address>
         <run_address>0xcb2e</run_address>
         <size>0x8</size>
      </object_component>
      <object_component id="oc-3a4">
         <name>.binit</name>
         <load_address>0xc000</load_address>
         <run_address>0xc000</run_address>
         <size>0x0</size>
      </object_component>
      <object_component id="oc-40">
         <name>.int00</name>
         <load_address>0xffe0</load_address>
         <run_address>0xffe0</run_address>
         <size>0x2</size>
         <input_file_ref idref="fl-36"/>
      </object_component>
      <object_component id="oc-41">
         <name>.int02</name>
         <load_address>0xffe4</load_address>
         <run_address>0xffe4</run_address>
         <size>0x2</size>
         <input_file_ref idref="fl-f"/>
      </object_component>
      <object_component id="oc-42">
         <name>.int03</name>
         <load_address>0xffe6</load_address>
         <run_address>0xffe6</run_address>
         <size>0x2</size>
         <input_file_ref idref="fl-37"/>
      </object_component>
      <object_component id="oc-43">
         <name>.int05</name>
         <load_address>0xffea</load_address>
         <run_address>0xffea</run_address>
         <size>0x2</size>
         <input_file_ref idref="fl-4"/>
      </object_component>
      <object_component id="oc-44">
         <name>.int06</name>
         <load_address>0xffec</load_address>
         <run_address>0xffec</run_address>
         <size>0x2</size>
         <input_file_ref idref="fl-13"/>
      </object_component>
      <object_component id="oc-45">
         <name>.int07</name>
         <load_address>0xffee</load_address>
         <run_address>0xffee</run_address>
         <size>0x2</size>
         <input_file_ref idref="fl-13"/>
      </object_component>
      <object_component id="oc-46">
         <name>.int08</name>
         <load_address>0xfff0</load_address>
         <run_address>0xfff0</run_address>
         <size>0x2</size>
         <input_file_ref idref="fl-38"/>
      </object_component>
      <object_component id="oc-47">
         <name>.int09</name>
         <load_address>0xfff2</load_address>
         <run_address>0xfff2</run_address>
         <size>0x2</size>
         <input_file_ref idref="fl-11"/>
      </object_component>
      <object_component id="oc-48">
         <name>.int10</name>
         <load_address>0xfff4</load_address>
         <run_address>0xfff4</run_address>
         <size>0x2</size>
         <input_file_ref idref="fl-39"/>
      </object_component>
      <object_component id="oc-49">
         <name>.int11</name>
         <load_address>0xfff6</load_address>
         <run_address>0xfff6</run_address>
         <size>0x2</size>
         <input_file_ref idref="fl-3a"/>
      </object_component>
      <object_component id="oc-4a">
         <name>.int12</name>
         <load_address>0xfff8</load_address>
         <run_address>0xfff8</run_address>
         <size>0x2</size>
         <input_file_ref idref="fl-3b"/>
      </object_component>
      <object_component id="oc-4b">
         <name>.int13</name>
         <load_address>0xfffa</load_address>
         <run_address>0xfffa</run_address>
         <size>0x2</size>
         <input_file_ref idref="fl-11"/>
      </object_component>
      <object_component id="oc-4c">
         <name>.int14</name>
         <load_address>0xfffc</load_address>
         <run_address>0xfffc</run_address>
         <size>0x2</size>
         <input_file_ref idref="fl-3c"/>
      </object_component>
      <object_component id="oc-b4">
         <name>.reset</name>
         <load_address>0xfffe</load_address>
         <run_address>0xfffe</run_address>
         <size>0x2</size>
         <input_file_ref idref="fl-3f"/>
      </object_component>
      <object_component id="oc-1c3">
         <name>.debug_info</name>
         <load_address>0x0</load_address>
         <run_address>0x0</run_address>
         <size>0x115</size>
         <input_file_ref idref="fl-2"/>
      </object_component>
      <object_component id="oc-1d2">
         <name>.debug_info</name>
         <load_address>0x115</load_address>
         <run_address>0x115</run_address>
         <size>0x149</size>
         <input_file_ref idref="fl-2"/>
      </object_component>
      <object_component id="oc-17f">
         <name>.debug_info</name>
         <load_address>0x25e</load_address>
         <run_address>0x25e</run_address>
         <size>0x1ba</size>
         <input_file_ref idref="fl-2"/>
      </object_component>
      <object_component id="oc-ca">
         <name>.debug_info</name>
         <load_address>0x418</load_address>
         <run_address>0x418</run_address>
         <size>0x84</size>
         <input_file_ref idref="fl-2"/>
      </object_component>
      <object_component id="oc-160">
         <name>.debug_info</name>
         <load_address>0x49c</load_address>
         <run_address>0x49c</run_address>
         <size>0x198</size>
         <input_file_ref idref="fl-4"/>
      </object_component>
      <object_component id="oc-21a">
         <name>.debug_info</name>
         <load_address>0x634</load_address>
         <run_address>0x634</run_address>
         <size>0x12f</size>
         <input_file_ref idref="fl-4"/>
      </object_component>
      <object_component id="oc-234">
         <name>.debug_info</name>
         <load_address>0x763</load_address>
         <run_address>0x763</run_address>
         <size>0x13a</size>
         <input_file_ref idref="fl-4"/>
      </object_component>
      <object_component id="oc-240">
         <name>.debug_info</name>
         <load_address>0x89d</load_address>
         <run_address>0x89d</run_address>
         <size>0x125</size>
         <input_file_ref idref="fl-4"/>
      </object_component>
      <object_component id="oc-23b">
         <name>.debug_info</name>
         <load_address>0x9c2</load_address>
         <run_address>0x9c2</run_address>
         <size>0x125</size>
         <input_file_ref idref="fl-4"/>
      </object_component>
      <object_component id="oc-eb">
         <name>.debug_info</name>
         <load_address>0xae7</load_address>
         <run_address>0xae7</run_address>
         <size>0x12a</size>
         <input_file_ref idref="fl-4"/>
      </object_component>
      <object_component id="oc-247">
         <name>.debug_info</name>
         <load_address>0xc11</load_address>
         <run_address>0xc11</run_address>
         <size>0x1bd</size>
         <input_file_ref idref="fl-5"/>
      </object_component>
      <object_component id="oc-1c6">
         <name>.debug_info</name>
         <load_address>0xdce</load_address>
         <run_address>0xdce</run_address>
         <size>0x1c4</size>
         <input_file_ref idref="fl-5"/>
      </object_component>
      <object_component id="oc-1cc">
         <name>.debug_info</name>
         <load_address>0xf92</load_address>
         <run_address>0xf92</run_address>
         <size>0x182</size>
         <input_file_ref idref="fl-5"/>
      </object_component>
      <object_component id="oc-2ca">
         <name>.debug_info</name>
         <load_address>0x1114</load_address>
         <run_address>0x1114</run_address>
         <size>0x181</size>
         <input_file_ref idref="fl-5"/>
      </object_component>
      <object_component id="oc-22f">
         <name>.debug_info</name>
         <load_address>0x1295</load_address>
         <run_address>0x1295</run_address>
         <size>0x13e</size>
         <input_file_ref idref="fl-6"/>
      </object_component>
      <object_component id="oc-22c">
         <name>.debug_info</name>
         <load_address>0x13d3</load_address>
         <run_address>0x13d3</run_address>
         <size>0xff</size>
         <input_file_ref idref="fl-6"/>
      </object_component>
      <object_component id="oc-1bd">
         <name>.debug_info</name>
         <load_address>0x14d2</load_address>
         <run_address>0x14d2</run_address>
         <size>0x170</size>
         <input_file_ref idref="fl-6"/>
      </object_component>
      <object_component id="oc-1b1">
         <name>.debug_info</name>
         <load_address>0x1642</load_address>
         <run_address>0x1642</run_address>
         <size>0x18f</size>
         <input_file_ref idref="fl-6"/>
      </object_component>
      <object_component id="oc-328">
         <name>.debug_info</name>
         <load_address>0x17d1</load_address>
         <run_address>0x17d1</run_address>
         <size>0x1ab</size>
         <input_file_ref idref="fl-7"/>
      </object_component>
      <object_component id="oc-324">
         <name>.debug_info</name>
         <load_address>0x197c</load_address>
         <run_address>0x197c</run_address>
         <size>0x17c</size>
         <input_file_ref idref="fl-7"/>
      </object_component>
      <object_component id="oc-395">
         <name>.debug_info</name>
         <load_address>0x1af8</load_address>
         <run_address>0x1af8</run_address>
         <size>0x178</size>
         <input_file_ref idref="fl-7"/>
      </object_component>
      <object_component id="oc-2ad">
         <name>.debug_info</name>
         <load_address>0x1c70</load_address>
         <run_address>0x1c70</run_address>
         <size>0x18a</size>
         <input_file_ref idref="fl-7"/>
      </object_component>
      <object_component id="oc-367">
         <name>.debug_info</name>
         <load_address>0x1dfa</load_address>
         <run_address>0x1dfa</run_address>
         <size>0x292</size>
         <input_file_ref idref="fl-7"/>
      </object_component>
      <object_component id="oc-33f">
         <name>.debug_info</name>
         <load_address>0x208c</load_address>
         <run_address>0x208c</run_address>
         <size>0x1a5</size>
         <input_file_ref idref="fl-7"/>
      </object_component>
      <object_component id="oc-361">
         <name>.debug_info</name>
         <load_address>0x2231</load_address>
         <run_address>0x2231</run_address>
         <size>0x178</size>
         <input_file_ref idref="fl-7"/>
      </object_component>
      <object_component id="oc-2e5">
         <name>.debug_info</name>
         <load_address>0x23a9</load_address>
         <run_address>0x23a9</run_address>
         <size>0x223</size>
         <input_file_ref idref="fl-7"/>
      </object_component>
      <object_component id="oc-2b4">
         <name>.debug_info</name>
         <load_address>0x25cc</load_address>
         <run_address>0x25cc</run_address>
         <size>0x1c4</size>
         <input_file_ref idref="fl-7"/>
      </object_component>
      <object_component id="oc-2ba">
         <name>.debug_info</name>
         <load_address>0x2790</load_address>
         <run_address>0x2790</run_address>
         <size>0x200</size>
         <input_file_ref idref="fl-7"/>
      </object_component>
      <object_component id="oc-2d1">
         <name>.debug_info</name>
         <load_address>0x2990</load_address>
         <run_address>0x2990</run_address>
         <size>0x127</size>
         <input_file_ref idref="fl-9"/>
      </object_component>
      <object_component id="oc-2d5">
         <name>.debug_info</name>
         <load_address>0x2ab7</load_address>
         <run_address>0x2ab7</run_address>
         <size>0x15f</size>
         <input_file_ref idref="fl-9"/>
      </object_component>
      <object_component id="oc-266">
         <name>.debug_info</name>
         <load_address>0x2c16</load_address>
         <run_address>0x2c16</run_address>
         <size>0x207</size>
         <input_file_ref idref="fl-9"/>
      </object_component>
      <object_component id="oc-2be">
         <name>.debug_info</name>
         <load_address>0x2e1d</load_address>
         <run_address>0x2e1d</run_address>
         <size>0x1a8</size>
         <input_file_ref idref="fl-a"/>
      </object_component>
      <object_component id="oc-259">
         <name>.debug_info</name>
         <load_address>0x2fc5</load_address>
         <run_address>0x2fc5</run_address>
         <size>0x23b</size>
         <input_file_ref idref="fl-a"/>
      </object_component>
      <object_component id="oc-2c7">
         <name>.debug_info</name>
         <load_address>0x3200</load_address>
         <run_address>0x3200</run_address>
         <size>0x153</size>
         <input_file_ref idref="fl-b"/>
      </object_component>
      <object_component id="oc-25e">
         <name>.debug_info</name>
         <load_address>0x3353</load_address>
         <run_address>0x3353</run_address>
         <size>0x1e9</size>
         <input_file_ref idref="fl-b"/>
      </object_component>
      <object_component id="oc-15c">
         <name>.debug_info</name>
         <load_address>0x353c</load_address>
         <run_address>0x353c</run_address>
         <size>0x128</size>
         <input_file_ref idref="fl-f"/>
      </object_component>
      <object_component id="oc-e3">
         <name>.debug_info</name>
         <load_address>0x3664</load_address>
         <run_address>0x3664</run_address>
         <size>0x12e</size>
         <input_file_ref idref="fl-f"/>
      </object_component>
      <object_component id="oc-21f">
         <name>.debug_info</name>
         <load_address>0x3792</load_address>
         <run_address>0x3792</run_address>
         <size>0x143</size>
         <input_file_ref idref="fl-f"/>
      </object_component>
      <object_component id="oc-225">
         <name>.debug_info</name>
         <load_address>0x38d5</load_address>
         <run_address>0x38d5</run_address>
         <size>0x157</size>
         <input_file_ref idref="fl-f"/>
      </object_component>
      <object_component id="oc-319">
         <name>.debug_info</name>
         <load_address>0x3a2c</load_address>
         <run_address>0x3a2c</run_address>
         <size>0x143</size>
         <input_file_ref idref="fl-f"/>
      </object_component>
      <object_component id="oc-16c">
         <name>.debug_info</name>
         <load_address>0x3b6f</load_address>
         <run_address>0x3b6f</run_address>
         <size>0x1fb</size>
         <input_file_ref idref="fl-11"/>
      </object_component>
      <object_component id="oc-331">
         <name>.debug_info</name>
         <load_address>0x3d6a</load_address>
         <run_address>0x3d6a</run_address>
         <size>0x145</size>
         <input_file_ref idref="fl-11"/>
      </object_component>
      <object_component id="oc-31e">
         <name>.debug_info</name>
         <load_address>0x3eaf</load_address>
         <run_address>0x3eaf</run_address>
         <size>0x14f</size>
         <input_file_ref idref="fl-11"/>
      </object_component>
      <object_component id="oc-32b">
         <name>.debug_info</name>
         <load_address>0x3ffe</load_address>
         <run_address>0x3ffe</run_address>
         <size>0x161</size>
         <input_file_ref idref="fl-11"/>
      </object_component>
      <object_component id="oc-388">
         <name>.debug_info</name>
         <load_address>0x415f</load_address>
         <run_address>0x415f</run_address>
         <size>0x15f</size>
         <input_file_ref idref="fl-11"/>
      </object_component>
      <object_component id="oc-337">
         <name>.debug_info</name>
         <load_address>0x42be</load_address>
         <run_address>0x42be</run_address>
         <size>0x149</size>
         <input_file_ref idref="fl-11"/>
      </object_component>
      <object_component id="oc-38e">
         <name>.debug_info</name>
         <load_address>0x4407</load_address>
         <run_address>0x4407</run_address>
         <size>0x177</size>
         <input_file_ref idref="fl-11"/>
      </object_component>
      <object_component id="oc-fa">
         <name>.debug_info</name>
         <load_address>0x457e</load_address>
         <run_address>0x457e</run_address>
         <size>0x144</size>
         <input_file_ref idref="fl-11"/>
      </object_component>
      <object_component id="oc-344">
         <name>.debug_info</name>
         <load_address>0x46c2</load_address>
         <run_address>0x46c2</run_address>
         <size>0x147</size>
         <input_file_ref idref="fl-11"/>
      </object_component>
      <object_component id="oc-100">
         <name>.debug_info</name>
         <load_address>0x4809</load_address>
         <run_address>0x4809</run_address>
         <size>0x144</size>
         <input_file_ref idref="fl-11"/>
      </object_component>
      <object_component id="oc-164">
         <name>.debug_info</name>
         <load_address>0x494d</load_address>
         <run_address>0x494d</run_address>
         <size>0x116</size>
         <input_file_ref idref="fl-13"/>
      </object_component>
      <object_component id="oc-167">
         <name>.debug_info</name>
         <load_address>0x4a63</load_address>
         <run_address>0x4a63</run_address>
         <size>0x1b1</size>
         <input_file_ref idref="fl-13"/>
      </object_component>
      <object_component id="oc-1b7">
         <name>.debug_info</name>
         <load_address>0x4c14</load_address>
         <run_address>0x4c14</run_address>
         <size>0x137</size>
         <input_file_ref idref="fl-13"/>
      </object_component>
      <object_component id="oc-24a">
         <name>.debug_info</name>
         <load_address>0x4d4b</load_address>
         <run_address>0x4d4b</run_address>
         <size>0x15b</size>
         <input_file_ref idref="fl-13"/>
      </object_component>
      <object_component id="oc-251">
         <name>.debug_info</name>
         <load_address>0x4ea6</load_address>
         <run_address>0x4ea6</run_address>
         <size>0x15b</size>
         <input_file_ref idref="fl-13"/>
      </object_component>
      <object_component id="oc-ee">
         <name>.debug_info</name>
         <load_address>0x5001</load_address>
         <run_address>0x5001</run_address>
         <size>0x134</size>
         <input_file_ref idref="fl-13"/>
      </object_component>
      <object_component id="oc-f4">
         <name>.debug_info</name>
         <load_address>0x5135</load_address>
         <run_address>0x5135</run_address>
         <size>0x134</size>
         <input_file_ref idref="fl-13"/>
      </object_component>
      <object_component id="oc-c0">
         <name>.debug_info</name>
         <load_address>0x5269</load_address>
         <run_address>0x5269</run_address>
         <size>0x12e</size>
         <input_file_ref idref="fl-2f"/>
      </object_component>
      <object_component id="oc-35b">
         <name>.debug_info</name>
         <load_address>0x5397</load_address>
         <run_address>0x5397</run_address>
         <size>0x121</size>
         <input_file_ref idref="fl-30"/>
      </object_component>
      <object_component id="oc-34a">
         <name>.debug_info</name>
         <load_address>0x54b8</load_address>
         <run_address>0x54b8</run_address>
         <size>0x121</size>
         <input_file_ref idref="fl-31"/>
      </object_component>
      <object_component id="oc-2e1">
         <name>.debug_info</name>
         <load_address>0x55d9</load_address>
         <run_address>0x55d9</run_address>
         <size>0x12a</size>
         <input_file_ref idref="fl-32"/>
      </object_component>
      <object_component id="oc-39f">
         <name>.debug_info</name>
         <load_address>0x5703</load_address>
         <run_address>0x5703</run_address>
         <size>0x121</size>
         <input_file_ref idref="fl-33"/>
      </object_component>
      <object_component id="oc-2dc">
         <name>.debug_info</name>
         <load_address>0x5824</load_address>
         <run_address>0x5824</run_address>
         <size>0x135</size>
         <input_file_ref idref="fl-34"/>
      </object_component>
      <object_component id="oc-2c1">
         <name>.debug_info</name>
         <load_address>0x5959</load_address>
         <run_address>0x5959</run_address>
         <size>0x12f</size>
         <input_file_ref idref="fl-35"/>
      </object_component>
      <object_component id="oc-dd">
         <name>.debug_info</name>
         <load_address>0x5a88</load_address>
         <run_address>0x5a88</run_address>
         <size>0x10f</size>
         <input_file_ref idref="fl-3d"/>
      </object_component>
      <object_component id="oc-b6">
         <name>.debug_info</name>
         <load_address>0x5b97</load_address>
         <run_address>0x5b97</run_address>
         <size>0x120</size>
         <input_file_ref idref="fl-3e"/>
      </object_component>
      <object_component id="oc-b2">
         <name>.debug_info</name>
         <load_address>0x5cb7</load_address>
         <run_address>0x5cb7</run_address>
         <size>0x100</size>
         <input_file_ref idref="fl-3f"/>
      </object_component>
      <object_component id="oc-118">
         <name>.debug_info</name>
         <load_address>0x5db7</load_address>
         <run_address>0x5db7</run_address>
         <size>0x17a</size>
         <input_file_ref idref="fl-3f"/>
      </object_component>
      <object_component id="oc-283">
         <name>.debug_info</name>
         <load_address>0x5f31</load_address>
         <run_address>0x5f31</run_address>
         <size>0x3de</size>
         <input_file_ref idref="fl-40"/>
      </object_component>
      <object_component id="oc-1e5">
         <name>.debug_info</name>
         <load_address>0x630f</load_address>
         <run_address>0x630f</run_address>
         <size>0x1e0</size>
         <input_file_ref idref="fl-40"/>
      </object_component>
      <object_component id="oc-301">
         <name>.debug_info</name>
         <load_address>0x64ef</load_address>
         <run_address>0x64ef</run_address>
         <size>0x39</size>
         <input_file_ref idref="fl-40"/>
      </object_component>
      <object_component id="oc-312">
         <name>.debug_info</name>
         <load_address>0x6528</load_address>
         <run_address>0x6528</run_address>
         <size>0x2c</size>
         <input_file_ref idref="fl-40"/>
      </object_component>
      <object_component id="oc-28e">
         <name>.debug_info</name>
         <load_address>0x6554</load_address>
         <run_address>0x6554</run_address>
         <size>0x2c</size>
         <input_file_ref idref="fl-40"/>
      </object_component>
      <object_component id="oc-306">
         <name>.debug_info</name>
         <load_address>0x6580</load_address>
         <run_address>0x6580</run_address>
         <size>0xcd</size>
         <input_file_ref idref="fl-40"/>
      </object_component>
      <object_component id="oc-176">
         <name>.debug_info</name>
         <load_address>0x664d</load_address>
         <run_address>0x664d</run_address>
         <size>0x175</size>
         <input_file_ref idref="fl-41"/>
      </object_component>
      <object_component id="oc-109">
         <name>.debug_info</name>
         <load_address>0x67c2</load_address>
         <run_address>0x67c2</run_address>
         <size>0x1d2</size>
         <input_file_ref idref="fl-41"/>
      </object_component>
      <object_component id="oc-171">
         <name>.debug_info</name>
         <load_address>0x6994</load_address>
         <run_address>0x6994</run_address>
         <size>0x46</size>
         <input_file_ref idref="fl-41"/>
      </object_component>
      <object_component id="oc-14e">
         <name>.debug_info</name>
         <load_address>0x69da</load_address>
         <run_address>0x69da</run_address>
         <size>0x2c</size>
         <input_file_ref idref="fl-41"/>
      </object_component>
      <object_component id="oc-179">
         <name>.debug_info</name>
         <load_address>0x6a06</load_address>
         <run_address>0x6a06</run_address>
         <size>0x153</size>
         <input_file_ref idref="fl-44"/>
      </object_component>
      <object_component id="oc-27d">
         <name>.debug_info</name>
         <load_address>0x6b59</load_address>
         <run_address>0x6b59</run_address>
         <size>0x150</size>
         <input_file_ref idref="fl-45"/>
      </object_component>
      <object_component id="oc-db">
         <name>.debug_info</name>
         <load_address>0x6ca9</load_address>
         <run_address>0x6ca9</run_address>
         <size>0x180</size>
         <input_file_ref idref="fl-46"/>
      </object_component>
      <object_component id="oc-3b">
         <name>.debug_info</name>
         <load_address>0x6e29</load_address>
         <run_address>0x6e29</run_address>
         <size>0x1ea</size>
         <input_file_ref idref="fl-46"/>
      </object_component>
      <object_component id="oc-d6">
         <name>.debug_info</name>
         <load_address>0x7013</load_address>
         <run_address>0x7013</run_address>
         <size>0x46</size>
         <input_file_ref idref="fl-46"/>
      </object_component>
      <object_component id="oc-153">
         <name>.debug_info</name>
         <load_address>0x7059</load_address>
         <run_address>0x7059</run_address>
         <size>0x2c</size>
         <input_file_ref idref="fl-46"/>
      </object_component>
      <object_component id="oc-14b">
         <name>.debug_info</name>
         <load_address>0x7085</load_address>
         <run_address>0x7085</run_address>
         <size>0x176</size>
         <input_file_ref idref="fl-47"/>
      </object_component>
      <object_component id="oc-35">
         <name>.debug_info</name>
         <load_address>0x71fb</load_address>
         <run_address>0x71fb</run_address>
         <size>0x292</size>
         <input_file_ref idref="fl-47"/>
      </object_component>
      <object_component id="oc-c5">
         <name>.debug_info</name>
         <load_address>0x748d</load_address>
         <run_address>0x748d</run_address>
         <size>0x60</size>
         <input_file_ref idref="fl-47"/>
      </object_component>
      <object_component id="oc-19a">
         <name>.debug_info</name>
         <load_address>0x74ed</load_address>
         <run_address>0x74ed</run_address>
         <size>0x46</size>
         <input_file_ref idref="fl-47"/>
      </object_component>
      <object_component id="oc-146">
         <name>.debug_info</name>
         <load_address>0x7533</load_address>
         <run_address>0x7533</run_address>
         <size>0x39</size>
         <input_file_ref idref="fl-47"/>
      </object_component>
      <object_component id="oc-1dc">
         <name>.debug_info</name>
         <load_address>0x756c</load_address>
         <run_address>0x756c</run_address>
         <size>0x122</size>
         <input_file_ref idref="fl-48"/>
      </object_component>
      <object_component id="oc-14d">
         <name>.debug_info</name>
         <load_address>0x768e</load_address>
         <run_address>0x768e</run_address>
         <size>0x181</size>
         <input_file_ref idref="fl-4b"/>
      </object_component>
      <object_component id="oc-d0">
         <name>.debug_info</name>
         <load_address>0x780f</load_address>
         <run_address>0x780f</run_address>
         <size>0x17a</size>
         <input_file_ref idref="fl-4b"/>
      </object_component>
      <object_component id="oc-bc">
         <name>.debug_info</name>
         <load_address>0x7989</load_address>
         <run_address>0x7989</run_address>
         <size>0x120</size>
         <input_file_ref idref="fl-4c"/>
      </object_component>
      <object_component id="oc-3e7">
         <name>.debug_info</name>
         <load_address>0x7aa9</load_address>
         <run_address>0x7aa9</run_address>
         <size>0xa5</size>
      </object_component>
      <object_component id="oc-245">
         <name>.debug_line</name>
         <load_address>0x0</load_address>
         <run_address>0x0</run_address>
         <size>0x76</size>
         <input_file_ref idref="fl-2"/>
      </object_component>
      <object_component id="oc-1d5">
         <name>.debug_line</name>
         <load_address>0x76</load_address>
         <run_address>0x76</run_address>
         <size>0x47</size>
         <input_file_ref idref="fl-2"/>
      </object_component>
      <object_component id="oc-182">
         <name>.debug_line</name>
         <load_address>0xbd</load_address>
         <run_address>0xbd</run_address>
         <size>0x67</size>
         <input_file_ref idref="fl-2"/>
      </object_component>
      <object_component id="oc-cd">
         <name>.debug_line</name>
         <load_address>0x124</load_address>
         <run_address>0x124</run_address>
         <size>0x20</size>
         <input_file_ref idref="fl-2"/>
      </object_component>
      <object_component id="oc-1a6">
         <name>.debug_line</name>
         <load_address>0x144</load_address>
         <run_address>0x144</run_address>
         <size>0x3a</size>
         <input_file_ref idref="fl-4"/>
      </object_component>
      <object_component id="oc-21c">
         <name>.debug_line</name>
         <load_address>0x17e</load_address>
         <run_address>0x17e</run_address>
         <size>0x53</size>
         <input_file_ref idref="fl-4"/>
      </object_component>
      <object_component id="oc-236">
         <name>.debug_line</name>
         <load_address>0x1d1</load_address>
         <run_address>0x1d1</run_address>
         <size>0x57</size>
         <input_file_ref idref="fl-4"/>
      </object_component>
      <object_component id="oc-242">
         <name>.debug_line</name>
         <load_address>0x228</load_address>
         <run_address>0x228</run_address>
         <size>0x4d</size>
         <input_file_ref idref="fl-4"/>
      </object_component>
      <object_component id="oc-238">
         <name>.debug_line</name>
         <load_address>0x275</load_address>
         <run_address>0x275</run_address>
         <size>0x4d</size>
         <input_file_ref idref="fl-4"/>
      </object_component>
      <object_component id="oc-e8">
         <name>.debug_line</name>
         <load_address>0x2c2</load_address>
         <run_address>0x2c2</run_address>
         <size>0x5c</size>
         <input_file_ref idref="fl-4"/>
      </object_component>
      <object_component id="oc-2a8">
         <name>.debug_line</name>
         <load_address>0x31e</load_address>
         <run_address>0x31e</run_address>
         <size>0x56</size>
         <input_file_ref idref="fl-5"/>
      </object_component>
      <object_component id="oc-1c9">
         <name>.debug_line</name>
         <load_address>0x374</load_address>
         <run_address>0x374</run_address>
         <size>0x66</size>
         <input_file_ref idref="fl-5"/>
      </object_component>
      <object_component id="oc-1cf">
         <name>.debug_line</name>
         <load_address>0x3da</load_address>
         <run_address>0x3da</run_address>
         <size>0x61</size>
         <input_file_ref idref="fl-5"/>
      </object_component>
      <object_component id="oc-2cd">
         <name>.debug_line</name>
         <load_address>0x43b</load_address>
         <run_address>0x43b</run_address>
         <size>0x64</size>
         <input_file_ref idref="fl-5"/>
      </object_component>
      <object_component id="oc-2a3">
         <name>.debug_line</name>
         <load_address>0x49f</load_address>
         <run_address>0x49f</run_address>
         <size>0x8a</size>
         <input_file_ref idref="fl-6"/>
      </object_component>
      <object_component id="oc-2a1">
         <name>.debug_line</name>
         <load_address>0x529</load_address>
         <run_address>0x529</run_address>
         <size>0x40</size>
         <input_file_ref idref="fl-6"/>
      </object_component>
      <object_component id="oc-1c0">
         <name>.debug_line</name>
         <load_address>0x569</load_address>
         <run_address>0x569</run_address>
         <size>0x62</size>
         <input_file_ref idref="fl-6"/>
      </object_component>
      <object_component id="oc-1b4">
         <name>.debug_line</name>
         <load_address>0x5cb</load_address>
         <run_address>0x5cb</run_address>
         <size>0x55</size>
         <input_file_ref idref="fl-6"/>
      </object_component>
      <object_component id="oc-37e">
         <name>.debug_line</name>
         <load_address>0x620</load_address>
         <run_address>0x620</run_address>
         <size>0xbf</size>
         <input_file_ref idref="fl-7"/>
      </object_component>
      <object_component id="oc-37c">
         <name>.debug_line</name>
         <load_address>0x6df</load_address>
         <run_address>0x6df</run_address>
         <size>0x3d</size>
         <input_file_ref idref="fl-7"/>
      </object_component>
      <object_component id="oc-397">
         <name>.debug_line</name>
         <load_address>0x71c</load_address>
         <run_address>0x71c</run_address>
         <size>0x52</size>
         <input_file_ref idref="fl-7"/>
      </object_component>
      <object_component id="oc-2af">
         <name>.debug_line</name>
         <load_address>0x76e</load_address>
         <run_address>0x76e</run_address>
         <size>0x53</size>
         <input_file_ref idref="fl-7"/>
      </object_component>
      <object_component id="oc-369">
         <name>.debug_line</name>
         <load_address>0x7c1</load_address>
         <run_address>0x7c1</run_address>
         <size>0x7e</size>
         <input_file_ref idref="fl-7"/>
      </object_component>
      <object_component id="oc-341">
         <name>.debug_line</name>
         <load_address>0x83f</load_address>
         <run_address>0x83f</run_address>
         <size>0x65</size>
         <input_file_ref idref="fl-7"/>
      </object_component>
      <object_component id="oc-363">
         <name>.debug_line</name>
         <load_address>0x8a4</load_address>
         <run_address>0x8a4</run_address>
         <size>0x50</size>
         <input_file_ref idref="fl-7"/>
      </object_component>
      <object_component id="oc-2e7">
         <name>.debug_line</name>
         <load_address>0x8f4</load_address>
         <run_address>0x8f4</run_address>
         <size>0x5d</size>
         <input_file_ref idref="fl-7"/>
      </object_component>
      <object_component id="oc-2b6">
         <name>.debug_line</name>
         <load_address>0x951</load_address>
         <run_address>0x951</run_address>
         <size>0x6f</size>
         <input_file_ref idref="fl-7"/>
      </object_component>
      <object_component id="oc-2bc">
         <name>.debug_line</name>
         <load_address>0x9c0</load_address>
         <run_address>0x9c0</run_address>
         <size>0x77</size>
         <input_file_ref idref="fl-7"/>
      </object_component>
      <object_component id="oc-356">
         <name>.debug_line</name>
         <load_address>0xa37</load_address>
         <run_address>0xa37</run_address>
         <size>0x96</size>
         <input_file_ref idref="fl-9"/>
      </object_component>
      <object_component id="oc-2d7">
         <name>.debug_line</name>
         <load_address>0xacd</load_address>
         <run_address>0xacd</run_address>
         <size>0x50</size>
         <input_file_ref idref="fl-9"/>
      </object_component>
      <object_component id="oc-268">
         <name>.debug_line</name>
         <load_address>0xb1d</load_address>
         <run_address>0xb1d</run_address>
         <size>0x62</size>
         <input_file_ref idref="fl-9"/>
      </object_component>
      <object_component id="oc-350">
         <name>.debug_line</name>
         <load_address>0xb7f</load_address>
         <run_address>0xb7f</run_address>
         <size>0x57</size>
         <input_file_ref idref="fl-a"/>
      </object_component>
      <object_component id="oc-25b">
         <name>.debug_line</name>
         <load_address>0xbd6</load_address>
         <run_address>0xbd6</run_address>
         <size>0x6b</size>
         <input_file_ref idref="fl-a"/>
      </object_component>
      <object_component id="oc-353">
         <name>.debug_line</name>
         <load_address>0xc41</load_address>
         <run_address>0xc41</run_address>
         <size>0xd4</size>
         <input_file_ref idref="fl-b"/>
      </object_component>
      <object_component id="oc-261">
         <name>.debug_line</name>
         <load_address>0xd15</load_address>
         <run_address>0xd15</run_address>
         <size>0x69</size>
         <input_file_ref idref="fl-b"/>
      </object_component>
      <object_component id="oc-1a4">
         <name>.debug_line</name>
         <load_address>0xd7e</load_address>
         <run_address>0xd7e</run_address>
         <size>0x3c</size>
         <input_file_ref idref="fl-f"/>
      </object_component>
      <object_component id="oc-e5">
         <name>.debug_line</name>
         <load_address>0xdba</load_address>
         <run_address>0xdba</run_address>
         <size>0x54</size>
         <input_file_ref idref="fl-f"/>
      </object_component>
      <object_component id="oc-221">
         <name>.debug_line</name>
         <load_address>0xe0e</load_address>
         <run_address>0xe0e</run_address>
         <size>0x51</size>
         <input_file_ref idref="fl-f"/>
      </object_component>
      <object_component id="oc-227">
         <name>.debug_line</name>
         <load_address>0xe5f</load_address>
         <run_address>0xe5f</run_address>
         <size>0x55</size>
         <input_file_ref idref="fl-f"/>
      </object_component>
      <object_component id="oc-31b">
         <name>.debug_line</name>
         <load_address>0xeb4</load_address>
         <run_address>0xeb4</run_address>
         <size>0x4a</size>
         <input_file_ref idref="fl-f"/>
      </object_component>
      <object_component id="oc-1ac">
         <name>.debug_line</name>
         <load_address>0xefe</load_address>
         <run_address>0xefe</run_address>
         <size>0x40</size>
         <input_file_ref idref="fl-11"/>
      </object_component>
      <object_component id="oc-334">
         <name>.debug_line</name>
         <load_address>0xf3e</load_address>
         <run_address>0xf3e</run_address>
         <size>0x53</size>
         <input_file_ref idref="fl-11"/>
      </object_component>
      <object_component id="oc-321">
         <name>.debug_line</name>
         <load_address>0xf91</load_address>
         <run_address>0xf91</run_address>
         <size>0x58</size>
         <input_file_ref idref="fl-11"/>
      </object_component>
      <object_component id="oc-32e">
         <name>.debug_line</name>
         <load_address>0xfe9</load_address>
         <run_address>0xfe9</run_address>
         <size>0x59</size>
         <input_file_ref idref="fl-11"/>
      </object_component>
      <object_component id="oc-38b">
         <name>.debug_line</name>
         <load_address>0x1042</load_address>
         <run_address>0x1042</run_address>
         <size>0x53</size>
         <input_file_ref idref="fl-11"/>
      </object_component>
      <object_component id="oc-33a">
         <name>.debug_line</name>
         <load_address>0x1095</load_address>
         <run_address>0x1095</run_address>
         <size>0x56</size>
         <input_file_ref idref="fl-11"/>
      </object_component>
      <object_component id="oc-391">
         <name>.debug_line</name>
         <load_address>0x10eb</load_address>
         <run_address>0x10eb</run_address>
         <size>0x56</size>
         <input_file_ref idref="fl-11"/>
      </object_component>
      <object_component id="oc-fd">
         <name>.debug_line</name>
         <load_address>0x1141</load_address>
         <run_address>0x1141</run_address>
         <size>0x71</size>
         <input_file_ref idref="fl-11"/>
      </object_component>
      <object_component id="oc-347">
         <name>.debug_line</name>
         <load_address>0x11b2</load_address>
         <run_address>0x11b2</run_address>
         <size>0x56</size>
         <input_file_ref idref="fl-11"/>
      </object_component>
      <object_component id="oc-103">
         <name>.debug_line</name>
         <load_address>0x1208</load_address>
         <run_address>0x1208</run_address>
         <size>0x58</size>
         <input_file_ref idref="fl-11"/>
      </object_component>
      <object_component id="oc-1a8">
         <name>.debug_line</name>
         <load_address>0x1260</load_address>
         <run_address>0x1260</run_address>
         <size>0x4e</size>
         <input_file_ref idref="fl-13"/>
      </object_component>
      <object_component id="oc-1aa">
         <name>.debug_line</name>
         <load_address>0x12ae</load_address>
         <run_address>0x12ae</run_address>
         <size>0x3c</size>
         <input_file_ref idref="fl-13"/>
      </object_component>
      <object_component id="oc-1ba">
         <name>.debug_line</name>
         <load_address>0x12ea</load_address>
         <run_address>0x12ea</run_address>
         <size>0x5f</size>
         <input_file_ref idref="fl-13"/>
      </object_component>
      <object_component id="oc-24d">
         <name>.debug_line</name>
         <load_address>0x1349</load_address>
         <run_address>0x1349</run_address>
         <size>0x55</size>
         <input_file_ref idref="fl-13"/>
      </object_component>
      <object_component id="oc-254">
         <name>.debug_line</name>
         <load_address>0x139e</load_address>
         <run_address>0x139e</run_address>
         <size>0x55</size>
         <input_file_ref idref="fl-13"/>
      </object_component>
      <object_component id="oc-f1">
         <name>.debug_line</name>
         <load_address>0x13f3</load_address>
         <run_address>0x13f3</run_address>
         <size>0x5a</size>
         <input_file_ref idref="fl-13"/>
      </object_component>
      <object_component id="oc-f7">
         <name>.debug_line</name>
         <load_address>0x144d</load_address>
         <run_address>0x144d</run_address>
         <size>0x54</size>
         <input_file_ref idref="fl-13"/>
      </object_component>
      <object_component id="oc-c3">
         <name>.debug_line</name>
         <load_address>0x14a1</load_address>
         <run_address>0x14a1</run_address>
         <size>0x40</size>
         <input_file_ref idref="fl-2f"/>
      </object_component>
      <object_component id="oc-35e">
         <name>.debug_line</name>
         <load_address>0x14e1</load_address>
         <run_address>0x14e1</run_address>
         <size>0xbb</size>
         <input_file_ref idref="fl-30"/>
      </object_component>
      <object_component id="oc-34d">
         <name>.debug_line</name>
         <load_address>0x159c</load_address>
         <run_address>0x159c</run_address>
         <size>0x83</size>
         <input_file_ref idref="fl-31"/>
      </object_component>
      <object_component id="oc-2e0">
         <name>.debug_line</name>
         <load_address>0x161f</load_address>
         <run_address>0x161f</run_address>
         <size>0x55</size>
         <input_file_ref idref="fl-32"/>
      </object_component>
      <object_component id="oc-39e">
         <name>.debug_line</name>
         <load_address>0x1674</load_address>
         <run_address>0x1674</run_address>
         <size>0x94</size>
         <input_file_ref idref="fl-33"/>
      </object_component>
      <object_component id="oc-2db">
         <name>.debug_line</name>
         <load_address>0x1708</load_address>
         <run_address>0x1708</run_address>
         <size>0x68</size>
         <input_file_ref idref="fl-34"/>
      </object_component>
      <object_component id="oc-2c4">
         <name>.debug_line</name>
         <load_address>0x1770</load_address>
         <run_address>0x1770</run_address>
         <size>0x5a</size>
         <input_file_ref idref="fl-35"/>
      </object_component>
      <object_component id="oc-e0">
         <name>.debug_line</name>
         <load_address>0x17ca</load_address>
         <run_address>0x17ca</run_address>
         <size>0x3d</size>
         <input_file_ref idref="fl-3d"/>
      </object_component>
      <object_component id="oc-b9">
         <name>.debug_line</name>
         <load_address>0x1807</load_address>
         <run_address>0x1807</run_address>
         <size>0x4e</size>
         <input_file_ref idref="fl-3e"/>
      </object_component>
      <object_component id="oc-142">
         <name>.debug_line</name>
         <load_address>0x1855</load_address>
         <run_address>0x1855</run_address>
         <size>0x2a</size>
         <input_file_ref idref="fl-3f"/>
      </object_component>
      <object_component id="oc-11b">
         <name>.debug_line</name>
         <load_address>0x187f</load_address>
         <run_address>0x187f</run_address>
         <size>0x46</size>
         <input_file_ref idref="fl-3f"/>
      </object_component>
      <object_component id="oc-300">
         <name>.debug_line</name>
         <load_address>0x18c5</load_address>
         <run_address>0x18c5</run_address>
         <size>0xbf</size>
         <input_file_ref idref="fl-40"/>
      </object_component>
      <object_component id="oc-1e8">
         <name>.debug_line</name>
         <load_address>0x1984</load_address>
         <run_address>0x1984</run_address>
         <size>0x76</size>
         <input_file_ref idref="fl-40"/>
      </object_component>
      <object_component id="oc-304">
         <name>.debug_line</name>
         <load_address>0x19fa</load_address>
         <run_address>0x19fa</run_address>
         <size>0x2e</size>
         <input_file_ref idref="fl-40"/>
      </object_component>
      <object_component id="oc-315">
         <name>.debug_line</name>
         <load_address>0x1a28</load_address>
         <run_address>0x1a28</run_address>
         <size>0x9a</size>
         <input_file_ref idref="fl-40"/>
      </object_component>
      <object_component id="oc-291">
         <name>.debug_line</name>
         <load_address>0x1ac2</load_address>
         <run_address>0x1ac2</run_address>
         <size>0x97</size>
         <input_file_ref idref="fl-40"/>
      </object_component>
      <object_component id="oc-309">
         <name>.debug_line</name>
         <load_address>0x1b59</load_address>
         <run_address>0x1b59</run_address>
         <size>0x93</size>
         <input_file_ref idref="fl-40"/>
      </object_component>
      <object_component id="oc-1ae">
         <name>.debug_line</name>
         <load_address>0x1bec</load_address>
         <run_address>0x1bec</run_address>
         <size>0x20</size>
         <input_file_ref idref="fl-41"/>
      </object_component>
      <object_component id="oc-106">
         <name>.debug_line</name>
         <load_address>0x1c0c</load_address>
         <run_address>0x1c0c</run_address>
         <size>0x4f</size>
         <input_file_ref idref="fl-41"/>
      </object_component>
      <object_component id="oc-174">
         <name>.debug_line</name>
         <load_address>0x1c5b</load_address>
         <run_address>0x1c5b</run_address>
         <size>0x34</size>
         <input_file_ref idref="fl-41"/>
      </object_component>
      <object_component id="oc-151">
         <name>.debug_line</name>
         <load_address>0x1c8f</load_address>
         <run_address>0x1c8f</run_address>
         <size>0x92</size>
         <input_file_ref idref="fl-41"/>
      </object_component>
      <object_component id="oc-17c">
         <name>.debug_line</name>
         <load_address>0x1d21</load_address>
         <run_address>0x1d21</run_address>
         <size>0x3e</size>
[...]
      </symbol>
      <symbol id="sm-f6">
         <name>getVx</name>
         <value>0xcaf2</value>
         <object_component_ref idref="oc-237"/>
      </symbol>
      <symbol id="sm-f7">
         <name>xy_valid</name>
         <value>0x254</value>
         <object_component_ref idref="oc-15f"/>
      </symbol>
      <symbol id="sm-f8">
         <name>current_adc_channel</name>
         <value>0x256</value>
         <object_component_ref idref="oc-15f"/>
      </symbol>
      <symbol id="sm-120">
         <name>readMessage</name>
         <value>0xc98c</value>
         <object_component_ref idref="oc-1cb"/>
      </symbol>
      <symbol id="sm-121">
         <name>checkMessages</name>
         <value>0xc918</value>
         <object_component_ref idref="oc-2c9"/>
      </symbol>
      <symbol id="sm-122">
         <name>sendMessage</name>
         <value>0xc82e</value>
         <object_component_ref idref="oc-1c5"/>
      </symbol>
      <symbol id="sm-142">
         <name>readJoysctickPos</name>
         <value>0xc800</value>
         <object_component_ref idref="oc-1bc"/>
      </symbol>
      <symbol id="sm-143">
         <name>read_available_flag</name>
         <value>0x26e</value>
         <object_component_ref idref="oc-22b"/>
      </symbol>
      <symbol id="sm-144">
         <name>configureJoystick</name>
         <value>0xcac8</value>
         <object_component_ref idref="oc-1b0"/>
      </symbol>
      <symbol id="sm-1a5">
         <name>calibrateMotorStartPosition</name>
         <value>0xc6de</value>
         <object_component_ref idref="oc-2b1"/>
      </symbol>
      <symbol id="sm-1a6">
         <name>moveMotorBySteps</name>
         <value>0xc292</value>
         <object_component_ref idref="oc-365"/>
      </symbol>
      <symbol id="sm-1a7">
         <name>calibrateMotorAngle</name>
         <value>0xc3fe</value>
         <object_component_ref idref="oc-2b7"/>
      </symbol>
      <symbol id="sm-1a8">
         <name>motorConfigured_flag</name>
         <value>0x264</value>
         <object_component_ref idref="oc-323"/>
      </symbol>
      <symbol id="sm-1a9">
         <name>angle_calibrated_flag</name>
         <value>0x268</value>
         <object_component_ref idref="oc-323"/>
      </symbol>
      <symbol id="sm-1aa">
         <name>stepsToAngle</name>
         <value>0xca76</value>
         <object_component_ref idref="oc-393"/>
      </symbol>
      <symbol id="sm-1ab">
         <name>configureMotor</name>
         <value>0xc9e6</value>
         <object_component_ref idref="oc-2ab"/>
      </symbol>
      <symbol id="sm-1ac">
         <name>moveToStartPos</name>
         <value>0xc888</value>
         <object_component_ref idref="oc-33d"/>
      </symbol>
      <symbol id="sm-1ad">
         <name>start_pos_calibrated_flag</name>
         <value>0x266</value>
         <object_component_ref idref="oc-323"/>
      </symbol>
      <symbol id="sm-1ae">
         <name>angleToSteps</name>
         <value>0xc9d4</value>
         <object_component_ref idref="oc-35f"/>
      </symbol>
      <symbol id="sm-1af">
         <name>moveMotorByAngle</name>
         <value>0xc758</value>
         <object_component_ref idref="oc-2e3"/>
      </symbol>
      <symbol id="sm-1cb">
         <name>motorControl</name>
         <value>0xc71c</value>
         <object_component_ref idref="oc-263"/>
      </symbol>
      <symbol id="sm-1cc">
         <name>xyToAngle</name>
         <value>0xcb0a</value>
         <object_component_ref idref="oc-2d3"/>
      </symbol>
      <symbol id="sm-1e0">
         <name>motorCalibration</name>
         <value>0xc5be</value>
         <object_component_ref idref="oc-257"/>
      </symbol>
      <symbol id="sm-1f6">
         <name>painter</name>
         <value>0xc56e</value>
         <object_component_ref idref="oc-25d"/>
      </symbol>
      <symbol id="sm-21e">
         <name>__TI_int02</name>
         <value>0xffe4</value>
         <object_component_ref idref="oc-41"/>
      </symbol>
      <symbol id="sm-21f">
         <name>pushButtonConfigured</name>
         <value>0x26a</value>
         <object_component_ref idref="oc-15b"/>
      </symbol>
      <symbol id="sm-220">
         <name>port1ISR</name>
         <value>0xca52</value>
         <object_component_ref idref="oc-e1"/>
      </symbol>
      <symbol id="sm-221">
         <name>configurePushButton</name>
         <value>0xc9f8</value>
         <object_component_ref idref="oc-21d"/>
      </symbol>
      <symbol id="sm-222">
         <name>configureMotorPorts</name>
         <value>0xcb16</value>
         <object_component_ref idref="oc-317"/>
      </symbol>
      <symbol id="sm-223">
         <name>enablePushButton</name>
         <value>0xca2e</value>
         <object_component_ref idref="oc-223"/>
      </symbol>
      <symbol id="sm-224">
         <name>buttonPressed</name>
         <value>0x26c</value>
         <object_component_ref idref="oc-15b"/>
      </symbol>
      <symbol id="sm-275">
         <name>setStartingPoint</name>
         <value>0xcafe</value>
         <object_component_ref idref="oc-336"/>
      </symbol>
      <symbol id="sm-276">
         <name>scan</name>
         <value>0x248</value>
         <object_component_ref idref="oc-16b"/>
      </symbol>
      <symbol id="sm-277">
         <name>__TI_int09</name>
         <value>0xfff2</value>
         <object_component_ref idref="oc-47"/>
      </symbol>
      <symbol id="sm-278">
         <name>getCurrentPos</name>
         <value>0xcaec</value>
         <object_component_ref idref="oc-343"/>
      </symbol>
      <symbol id="sm-279">
         <name>__TI_int13</name>
         <value>0xfffa</value>
         <object_component_ref idref="oc-4b"/>
      </symbol>
      <symbol id="sm-27a">
         <name>configureMotorTimer</name>
         <value>0xc8d6</value>
         <object_component_ref idref="oc-31d"/>
      </symbol>
      <symbol id="sm-27b">
         <name>setDirection</name>
         <value>0xcab8</value>
         <object_component_ref idref="oc-38d"/>
      </symbol>
      <symbol id="sm-27c">
         <name>steps_counter</name>
         <value>0x244</value>
         <object_component_ref idref="oc-16b"/>
      </symbol>
      <symbol id="sm-27d">
         <name>motorTimerISR</name>
         <value>0xc4c6</value>
         <object_component_ref idref="oc-f9"/>
      </symbol>
      <symbol id="sm-27e">
         <name>motor_input</name>
         <value>0x242</value>
         <object_component_ref idref="oc-16b"/>
      </symbol>
      <symbol id="sm-27f">
         <name>stopMotorTimer</name>
         <value>0xcade</value>
         <object_component_ref idref="oc-330"/>
      </symbol>
      <symbol id="sm-280">
         <name>delayTimerISR</name>
         <value>0xca1c</value>
         <object_component_ref idref="oc-ff"/>
      </symbol>
      <symbol id="sm-281">
         <name>ablolute_pos</name>
         <value>0x246</value>
         <object_component_ref idref="oc-16b"/>
      </symbol>
      <symbol id="sm-282">
         <name>setSteps</name>
         <value>0xcb04</value>
         <object_component_ref idref="oc-387"/>
      </symbol>
      <symbol id="sm-283">
         <name>direction_right</name>
         <value>0x240</value>
         <object_component_ref idref="oc-16b"/>
      </symbol>
      <symbol id="sm-284">
         <name>startMotorTimer</name>
         <value>0xca64</value>
         <object_component_ref idref="oc-32a"/>
      </symbol>
      <symbol id="sm-2bd">
         <name>USCI0RX_ISR</name>
         <value>0xc9a8</value>
         <object_component_ref idref="oc-f3"/>
      </symbol>
      <symbol id="sm-2be">
         <name>USCI0TX_ISR</name>
         <value>0xc954</value>
         <object_component_ref idref="oc-ed"/>
      </symbol>
      <symbol id="sm-2bf">
         <name>__TI_int06</name>
         <value>0xffec</value>
         <object_component_ref idref="oc-44"/>
      </symbol>
      <symbol id="sm-2c0">
         <name>__TI_int07</name>
         <value>0xffee</value>
         <object_component_ref idref="oc-45"/>
      </symbol>
      <symbol id="sm-2c1">
         <name>sendUartNumber</name>
         <value>0x25a</value>
         <object_component_ref idref="oc-166"/>
      </symbol>
      <symbol id="sm-2c2">
         <name>messageRecieved_flag</name>
         <value>0x260</value>
         <object_component_ref idref="oc-166"/>
      </symbol>
      <symbol id="sm-2c3">
         <name>enableUartRxInterrupt</name>
         <value>0xca88</value>
         <object_component_ref idref="oc-250"/>
      </symbol>
      <symbol id="sm-2c4">
         <name>enableUartTxInterrupt</name>
         <value>0xca98</value>
         <object_component_ref idref="oc-249"/>
      </symbol>
      <symbol id="sm-2c5">
         <name>uartConfigured_flag</name>
         <value>0x25e</value>
         <object_component_ref idref="oc-166"/>
      </symbol>
      <symbol id="sm-2c6">
         <name>counter</name>
         <value>0x25c</value>
         <object_component_ref idref="oc-166"/>
      </symbol>
      <symbol id="sm-2c7">
         <name>messageSent_flag</name>
         <value>0x262</value>
         <object_component_ref idref="oc-166"/>
      </symbol>
      <symbol id="sm-2c8">
         <name>configureUart</name>
         <value>0xc51c</value>
         <object_component_ref idref="oc-1b6"/>
      </symbol>
      <symbol id="sm-2d2">
         <name>__mspabi_func_epilog_2</name>
         <value>0xcab2</value>
         <object_component_ref idref="oc-bf"/>
      </symbol>
      <symbol id="sm-2d3">
         <name>__mspabi_func_epilog_3</name>
         <value>0xcab0</value>
         <object_component_ref idref="oc-bf"/>
      </symbol>
      <symbol id="sm-2d4">
         <name>__mspabi_func_epilog_1</name>
         <value>0xcab4</value>
         <object_component_ref idref="oc-bf"/>
      </symbol>
      <symbol id="sm-2d5">
         <name>__mspabi_func_epilog_6</name>
         <value>0xcaaa</value>
         <object_component_ref idref="oc-bf"/>
      </symbol>
      <symbol id="sm-2d6">
         <name>__mspabi_func_epilog_7</name>
         <value>0xcaa8</value>
         <object_component_ref idref="oc-bf"/>
      </symbol>
      <symbol id="sm-2d7">
         <name>__mspabi_func_epilog_4</name>
         <value>0xcaae</value>
         <object_component_ref idref="oc-bf"/>
      </symbol>
      <symbol id="sm-2d8">
         <name>__mspabi_func_epilog_5</name>
         <value>0xcaac</value>
         <object_component_ref idref="oc-bf"/>
      </symbol>
      <symbol id="sm-2f3">
         <name>__mspabi_subf</name>
         <value>0xc000</value>
         <object_component_ref idref="oc-35a"/>
      </symbol>
      <symbol id="sm-2f4">
         <name>__mspabi_addf</name>
         <value>0xc006</value>
         <object_component_ref idref="oc-35a"/>
      </symbol>
      <symbol id="sm-306">
         <name>__mspabi_divf</name>
         <value>0xc1f6</value>
         <object_component_ref idref="oc-349"/>
      </symbol>
      <symbol id="sm-313">
         <name>__mspabi_fltif</name>
         <value>0xc7ca</value>
         <object_component_ref idref="oc-2de"/>
      </symbol>
      <symbol id="sm-32a">
         <name>__mspabi_mpyf</name>
         <value>0xc132</value>
         <object_component_ref idref="oc-39c"/>
      </symbol>
      <symbol id="sm-33c">
         <name>__mspabi_fixfi</name>
         <value>0xc396</value>
         <object_component_ref idref="oc-2d9"/>
      </symbol>
      <symbol id="sm-34b">
         <name>__mspabi_fixfu</name>
         <value>0xc656</value>
         <object_component_ref idref="oc-2c0"/>
      </symbol>
      <symbol id="sm-34e">
         <name>__TI_int00</name>
         <value>0xffe0</value>
         <object_component_ref idref="oc-40"/>
      </symbol>
      <symbol id="sm-351">
         <name>__TI_int03</name>
         <value>0xffe6</value>
         <object_component_ref idref="oc-42"/>
      </symbol>
      <symbol id="sm-354">
         <name>__TI_int08</name>
         <value>0xfff0</value>
         <object_component_ref idref="oc-46"/>
      </symbol>
      <symbol id="sm-357">
         <name>__TI_int10</name>
         <value>0xfff4</value>
         <object_component_ref idref="oc-48"/>
      </symbol>
      <symbol id="sm-35a">
         <name>__TI_int11</name>
         <value>0xfff6</value>
         <object_component_ref idref="oc-49"/>
      </symbol>
      <symbol id="sm-35d">
         <name>__TI_int12</name>
         <value>0xfff8</value>
         <object_component_ref idref="oc-4a"/>
      </symbol>
      <symbol id="sm-360">
         <name>__TI_int14</name>
         <value>0xfffc</value>
         <object_component_ref idref="oc-4c"/>
      </symbol>
      <symbol id="sm-368">
         <name>__TI_ISR_TRAP</name>
         <value>0xcad6</value>
         <object_component_ref idref="oc-dc"/>
      </symbol>
      <symbol id="sm-370">
         <name>__mspabi_slli</name>
         <value>0xc85c</value>
         <object_component_ref idref="oc-b5"/>
      </symbol>
      <symbol id="sm-371">
         <name>__mspabi_slli_9</name>
         <value>0xc874</value>
         <object_component_ref idref="oc-b5"/>
      </symbol>
      <symbol id="sm-372">
         <name>__mspabi_slli_8</name>
         <value>0xc876</value>
         <object_component_ref idref="oc-b5"/>
      </symbol>
      <symbol id="sm-373">
         <name>__mspabi_slli_7</name>
         <value>0xc878</value>
         <object_component_ref idref="oc-b5"/>
      </symbol>
      <symbol id="sm-374">
         <name>__mspabi_slli_6</name>
         <value>0xc87a</value>
         <object_component_ref idref="oc-b5"/>
      </symbol>
      <symbol id="sm-375">
         <name>__mspabi_slli_5</name>
         <value>0xc87c</value>
         <object_component_ref idref="oc-b5"/>
      </symbol>
      <symbol id="sm-376">
         <name>__mspabi_slli_4</name>
         <value>0xc87e</value>
         <object_component_ref idref="oc-b5"/>
      </symbol>
      <symbol id="sm-377">
         <name>__mspabi_slli_3</name>
         <value>0xc880</value>
         <object_component_ref idref="oc-b5"/>
      </symbol>
      <symbol id="sm-378">
         <name>__mspabi_slli_2</name>
         <value>0xc882</value>
         <object_component_ref idref="oc-b5"/>
      </symbol>
      <symbol id="sm-379">
         <name>__mspabi_slli_1</name>
         <value>0xc884</value>
         <object_component_ref idref="oc-b5"/>
      </symbol>
      <symbol id="sm-37a">
         <name>__mspabi_slli_15</name>
         <value>0xc868</value>
         <object_component_ref idref="oc-b5"/>
      </symbol>
      <symbol id="sm-37b">
         <name>__mspabi_slli_14</name>
         <value>0xc86a</value>
         <object_component_ref idref="oc-b5"/>
      </symbol>
      <symbol id="sm-37c">
         <name>__mspabi_slli_13</name>
         <value>0xc86c</value>
         <object_component_ref idref="oc-b5"/>
      </symbol>
      <symbol id="sm-37d">
         <name>__mspabi_slli_12</name>
         <value>0xc86e</value>
         <object_component_ref idref="oc-b5"/>
      </symbol>
      <symbol id="sm-37e">
         <name>__mspabi_slli_11</name>
         <value>0xc870</value>
         <object_component_ref idref="oc-b5"/>
      </symbol>
      <symbol id="sm-37f">
         <name>__mspabi_slli_10</name>
         <value>0xc872</value>
         <object_component_ref idref="oc-b5"/>
      </symbol>
      <symbol id="sm-38f">
         <name>_stack</name>
         <value>0x3b0</value>
         <object_component_ref idref="oc-b1"/>
      </symbol>
      <symbol id="sm-390">
         <name>_c_int00_noargs</name>
         <value>0xc970</value>
         <object_component_ref idref="oc-117"/>
      </symbol>
      <symbol id="sm-391">
         <name>_reset_vector</name>
         <value>0xfffe</value>
         <object_component_ref idref="oc-b4"/>
      </symbol>
      <symbol id="sm-3b3">
         <name>__TI_auto_init_nobinit_nopinit</name>
         <value>0xc69c</value>
         <object_component_ref idref="oc-1e4"/>
      </symbol>
      <symbol id="sm-3cb">
         <name>__TI_zero_init_nomemset</name>
         <value>0xc9c0</value>
         <object_component_ref idref="oc-105"/>
      </symbol>
      <symbol id="sm-3d6">
         <name>_system_pre_init</name>
         <value>0xcb10</value>
         <object_component_ref idref="oc-178"/>
      </symbol>
      <symbol id="sm-3df">
         <name>_system_post_cinit</name>
         <value>0xcb14</value>
         <object_component_ref idref="oc-27c"/>
      </symbol>
      <symbol id="sm-3f5">
         <name>__TI_decompress_none</name>
         <value>0xca0a</value>
         <object_component_ref idref="oc-3a"/>
      </symbol>
      <symbol id="sm-418">
         <name>__TI_decompress_lzss</name>
         <value>0xc31a</value>
         <object_component_ref idref="oc-34"/>
      </symbol>
      <symbol id="sm-422">
         <name>C$$EXIT</name>
         <value>0xcae6</value>
         <object_component_ref idref="oc-1d8"/>
      </symbol>
      <symbol id="sm-423">
         <name>abort</name>
         <value>0xcae6</value>
         <object_component_ref idref="oc-1d8"/>
      </symbol>
      <symbol id="sm-433">
         <name>memcpy</name>
         <value>0xca40</value>
         <object_component_ref idref="oc-cf"/>
      </symbol>
      <symbol id="sm-43b">
         <name>__mspabi_srli_8</name>
         <value>0xc634</value>
         <object_component_ref idref="oc-ba"/>
      </symbol>
      <symbol id="sm-43c">
         <name>__mspabi_srli_9</name>
         <value>0xc630</value>
         <object_component_ref idref="oc-ba"/>
      </symbol>
      <symbol id="sm-43d">
         <name>__mspabi_srli_6</name>
         <value>0xc63c</value>
         <object_component_ref idref="oc-ba"/>
      </symbol>
      <symbol id="sm-43e">
         <name>__mspabi_srli_7</name>
         <value>0xc638</value>
         <object_component_ref idref="oc-ba"/>
      </symbol>
      <symbol id="sm-43f">
         <name>__mspabi_srli_4</name>
         <value>0xc644</value>
         <object_component_ref idref="oc-ba"/>
      </symbol>
      <symbol id="sm-440">
         <name>__mspabi_srli_5</name>
         <value>0xc640</value>
         <object_component_ref idref="oc-ba"/>
      </symbol>
      <symbol id="sm-441">
         <name>__mspabi_srli_2</name>
         <value>0xc64c</value>
         <object_component_ref idref="oc-ba"/>
      </symbol>
      <symbol id="sm-442">
         <name>__mspabi_srli_3</name>
         <value>0xc648</value>
         <object_component_ref idref="oc-ba"/>
      </symbol>
      <symbol id="sm-443">
         <name>__mspabi_srli_1</name>
         <value>0xc650</value>
         <object_component_ref idref="oc-ba"/>
      </symbol>
      <symbol id="sm-444">
         <name>__mspabi_srli</name>
         <value>0xc60a</value>
         <object_component_ref idref="oc-ba"/>
      </symbol>
      <symbol id="sm-445">
         <name>__mspabi_srli_15</name>
         <value>0xc618</value>
         <object_component_ref idref="oc-ba"/>
      </symbol>
      <symbol id="sm-446">
         <name>__mspabi_srli_14</name>
         <value>0xc61c</value>
         <object_component_ref idref="oc-ba"/>
      </symbol>
      <symbol id="sm-447">
         <name>__mspabi_srli_13</name>
         <value>0xc620</value>
         <object_component_ref idref="oc-ba"/>
      </symbol>
      <symbol id="sm-448">
         <name>__mspabi_srli_12</name>
         <value>0xc624</value>
         <object_component_ref idref="oc-ba"/>
      </symbol>
      <symbol id="sm-449">
         <name>__mspabi_srli_11</name>
         <value>0xc628</value>
         <object_component_ref idref="oc-ba"/>
      </symbol>
      <symbol id="sm-44a">
         <name>__mspabi_srli_10</name>
         <value>0xc62c</value>
         <object_component_ref idref="oc-ba"/>
      </symbol>
   </symbol_table>
   <title>Link errors: red sections failed placement</title>
</link_info>
